<?xml version="1.0" encoding="ISO-8859-1" ?>
<link_info>
   <banner>MSP430 Linker PC v21.6.1.LTS</banner>
   <copyright>Copyright (c) 2003-2018 Texas Instruments Incorporated</copyright>
   <link_time>0x68573ec1</link_time>
   <link_errors>0x0</link_errors>
   <output_file>MaqueenLib_proj.out</output_file>
   <entry_point>
      <name>_c_int00_noargs_mpu</name>
      <address>0xa014</address>
   </entry_point>
   <input_file_list>
      <input_file id="fl-2">
         <path>.\</path>
         <kind>object</kind>
         <file>main.obj</file>
         <name>main.obj</name>
      </input_file>
      <input_file id="fl-3">
         <path>.\lib\low_level\</path>
         <kind>object</kind>
         <file>AT.obj</file>
         <name>AT.obj</name>
      </input_file>
      <input_file id="fl-4">
         <path>.\lib\low_level\</path>
         <kind>object</kind>
         <file>adc.obj</file>
         <name>adc.obj</name>
      </input_file>
      <input_file id="fl-5">
         <path>.\lib\low_level\</path>
         <kind>object</kind>
         <file>clocks.obj</file>
         <name>clocks.obj</name>
      </input_file>
      <input_file id="fl-6">
         <path>.\lib\low_level\</path>
         <kind>object</kind>
         <file>gpio.obj</file>
         <name>gpio.obj</name>
      </input_file>
      <input_file id="fl-7">
         <path>.\lib\low_level\</path>
         <kind>object</kind>
         <file>i2c.obj</file>
         <name>i2c.obj</name>
      </input_file>
      <input_file id="fl-8">
         <path>.\lib\low_level\</path>
         <kind>object</kind>
         <file>timers.obj</file>
         <name>timers.obj</name>
      </input_file>
      <input_file id="fl-9">
         <path>.\lib\low_level\</path>
         <kind>object</kind>
         <file>uart.obj</file>
         <name>uart.obj</name>
      </input_file>
      <input_file id="fl-a">
         <path>.\lib\top_level\</path>
         <kind>object</kind>
         <file>lcd_control.obj</file>
         <name>lcd_control.obj</name>
      </input_file>
      <input_file id="fl-b">
         <path>.\lib\top_level\</path>
         <kind>object</kind>
         <file>robot_control.obj</file>
         <name>robot_control.obj</name>
      </input_file>
      <input_file id="fl-c">
         <path>.\lib\top_level\</path>
         <kind>object</kind>
         <file>robot_menu.obj</file>
         <name>robot_menu.obj</name>
      </input_file>
      <input_file id="fl-d">
         <path>.\lib\top_level\</path>
         <kind>object</kind>
         <file>sensor_reading.obj</file>
         <name>sensor_reading.obj</name>
      </input_file>
      <input_file id="fl-13">
         <kind>object</kind>
         <file>&lt;internal&gt;</file>
         <name>&lt;internal&gt;</name>
      </input_file>
      <input_file id="fl-2e">
         <path>C:\ti\ccs1281\ccs\tools\compiler\ti-cgt-msp430_21.6.1.LTS\lib\</path>
         <kind>archive</kind>
         <file>rts430x_lc_sd_eabi.lib</file>
         <name>copy_decompress_lzss.c.obj</name>
      </input_file>
      <input_file id="fl-2f">
         <path>C:\ti\ccs1281\ccs\tools\compiler\ti-cgt-msp430_21.6.1.LTS\lib\</path>
         <kind>archive</kind>
         <file>rts430x_lc_sd_eabi.lib</file>
         <name>copy_decompress_none.c.obj</name>
      </input_file>
      <input_file id="fl-30">
         <path>C:\ti\ccs1281\ccs\tools\compiler\ti-cgt-msp430_21.6.1.LTS\lib\</path>
         <kind>archive</kind>
         <file>rts430x_lc_sd_eabi.lib</file>
         <name>int22.asm.obj</name>
      </input_file>
      <input_file id="fl-31">
         <path>C:\ti\ccs1281\ccs\tools\compiler\ti-cgt-msp430_21.6.1.LTS\lib\</path>
         <kind>archive</kind>
         <file>rts430x_lc_sd_eabi.lib</file>
         <name>isr_trap.asm.obj</name>
      </input_file>
      <input_file id="fl-32">
         <path>C:\ti\ccs1281\ccs\tools\compiler\ti-cgt-msp430_21.6.1.LTS\lib\</path>
         <kind>archive</kind>
         <file>rts430x_lc_sd_eabi.lib</file>
         <name>int24.asm.obj</name>
      </input_file>
      <input_file id="fl-33">
         <path>C:\ti\ccs1281\ccs\tools\compiler\ti-cgt-msp430_21.6.1.LTS\lib\</path>
         <kind>archive</kind>
         <file>rts430x_lc_sd_eabi.lib</file>
         <name>int25.asm.obj</name>
      </input_file>
      <input_file id="fl-34">
         <path>C:\ti\ccs1281\ccs\tools\compiler\ti-cgt-msp430_21.6.1.LTS\lib\</path>
         <kind>archive</kind>
         <file>rts430x_lc_sd_eabi.lib</file>
         <name>int26.asm.obj</name>
      </input_file>
      <input_file id="fl-35">
         <path>C:\ti\ccs1281\ccs\tools\compiler\ti-cgt-msp430_21.6.1.LTS\lib\</path>
         <kind>archive</kind>
         <file>rts430x_lc_sd_eabi.lib</file>
         <name>int27.asm.obj</name>
      </input_file>
      <input_file id="fl-36">
         <path>C:\ti\ccs1281\ccs\tools\compiler\ti-cgt-msp430_21.6.1.LTS\lib\</path>
         <kind>archive</kind>
         <file>rts430x_lc_sd_eabi.lib</file>
         <name>int28.asm.obj</name>
      </input_file>
      <input_file id="fl-37">
         <path>C:\ti\ccs1281\ccs\tools\compiler\ti-cgt-msp430_21.6.1.LTS\lib\</path>
         <kind>archive</kind>
         <file>rts430x_lc_sd_eabi.lib</file>
         <name>int30.asm.obj</name>
      </input_file>
      <input_file id="fl-38">
         <path>C:\ti\ccs1281\ccs\tools\compiler\ti-cgt-msp430_21.6.1.LTS\lib\</path>
         <kind>archive</kind>
         <file>rts430x_lc_sd_eabi.lib</file>
         <name>int32.asm.obj</name>
      </input_file>
      <input_file id="fl-39">
         <path>C:\ti\ccs1281\ccs\tools\compiler\ti-cgt-msp430_21.6.1.LTS\lib\</path>
         <kind>archive</kind>
         <file>rts430x_lc_sd_eabi.lib</file>
         <name>int34.asm.obj</name>
      </input_file>
      <input_file id="fl-3a">
         <path>C:\ti\ccs1281\ccs\tools\compiler\ti-cgt-msp430_21.6.1.LTS\lib\</path>
         <kind>archive</kind>
         <file>rts430x_lc_sd_eabi.lib</file>
         <name>int35.asm.obj</name>
      </input_file>
      <input_file id="fl-3b">
         <path>C:\ti\ccs1281\ccs\tools\compiler\ti-cgt-msp430_21.6.1.LTS\lib\</path>
         <kind>archive</kind>
         <file>rts430x_lc_sd_eabi.lib</file>
         <name>int36.asm.obj</name>
      </input_file>
      <input_file id="fl-3c">
         <path>C:\ti\ccs1281\ccs\tools\compiler\ti-cgt-msp430_21.6.1.LTS\lib\</path>
         <kind>archive</kind>
         <file>rts430x_lc_sd_eabi.lib</file>
         <name>int37.asm.obj</name>
      </input_file>
      <input_file id="fl-3d">
         <path>C:\ti\ccs1281\ccs\tools\compiler\ti-cgt-msp430_21.6.1.LTS\lib\</path>
         <kind>archive</kind>
         <file>rts430x_lc_sd_eabi.lib</file>
         <name>int38.asm.obj</name>
      </input_file>
      <input_file id="fl-3e">
         <path>C:\ti\ccs1281\ccs\tools\compiler\ti-cgt-msp430_21.6.1.LTS\lib\</path>
         <kind>archive</kind>
         <file>rts430x_lc_sd_eabi.lib</file>
         <name>int39.asm.obj</name>
      </input_file>
      <input_file id="fl-3f">
         <path>C:\ti\ccs1281\ccs\tools\compiler\ti-cgt-msp430_21.6.1.LTS\lib\</path>
         <kind>archive</kind>
         <file>rts430x_lc_sd_eabi.lib</file>
         <name>int40.asm.obj</name>
      </input_file>
      <input_file id="fl-40">
         <path>C:\ti\ccs1281\ccs\tools\compiler\ti-cgt-msp430_21.6.1.LTS\lib\</path>
         <kind>archive</kind>
         <file>rts430x_lc_sd_eabi.lib</file>
         <name>int42.asm.obj</name>
      </input_file>
      <input_file id="fl-41">
         <path>C:\ti\ccs1281\ccs\tools\compiler\ti-cgt-msp430_21.6.1.LTS\lib\</path>
         <kind>archive</kind>
         <file>rts430x_lc_sd_eabi.lib</file>
         <name>int44.asm.obj</name>
      </input_file>
      <input_file id="fl-42">
         <path>C:\ti\ccs1281\ccs\tools\compiler\ti-cgt-msp430_21.6.1.LTS\lib\</path>
         <kind>archive</kind>
         <file>rts430x_lc_sd_eabi.lib</file>
         <name>int45.asm.obj</name>
      </input_file>
      <input_file id="fl-43">
         <path>C:\ti\ccs1281\ccs\tools\compiler\ti-cgt-msp430_21.6.1.LTS\lib\</path>
         <kind>archive</kind>
         <file>rts430x_lc_sd_eabi.lib</file>
         <name>copy_zero_init.c.obj</name>
      </input_file>
      <input_file id="fl-44">
         <path>C:\ti\ccs1281\ccs\tools\compiler\ti-cgt-msp430_21.6.1.LTS\lib\</path>
         <kind>archive</kind>
         <file>rts430x_lc_sd_eabi.lib</file>
         <name>cpy_util.asm.obj</name>
      </input_file>
      <input_file id="fl-45">
         <path>C:\ti\ccs1281\ccs\tools\compiler\ti-cgt-msp430_21.6.1.LTS\lib\</path>
         <kind>archive</kind>
         <file>rts430x_lc_sd_eabi.lib</file>
         <name>fixdi.c.obj</name>
      </input_file>
      <input_file id="fl-46">
         <path>C:\ti\ccs1281\ccs\tools\compiler\ti-cgt-msp430_21.6.1.LTS\lib\</path>
         <kind>archive</kind>
         <file>rts430x_lc_sd_eabi.lib</file>
         <name>fixdli.c.obj</name>
      </input_file>
      <input_file id="fl-47">
         <path>C:\ti\ccs1281\ccs\tools\compiler\ti-cgt-msp430_21.6.1.LTS\lib\</path>
         <kind>archive</kind>
         <file>rts430x_lc_sd_eabi.lib</file>
         <name>fs_toi.asm.obj</name>
      </input_file>
      <input_file id="fl-48">
         <path>C:\ti\ccs1281\ccs\tools\compiler\ti-cgt-msp430_21.6.1.LTS\lib\</path>
         <kind>archive</kind>
         <file>rts430x_lc_sd_eabi.lib</file>
         <name>fltud.c.obj</name>
      </input_file>
      <input_file id="fl-49">
         <path>C:\ti\ccs1281\ccs\tools\compiler\ti-cgt-msp430_21.6.1.LTS\lib\</path>
         <kind>archive</kind>
         <file>rts430x_lc_sd_eabi.lib</file>
         <name>fs_utof.asm.obj</name>
      </input_file>
      <input_file id="fl-4a">
         <path>C:\ti\ccs1281\ccs\tools\compiler\ti-cgt-msp430_21.6.1.LTS\lib\</path>
         <kind>archive</kind>
         <file>rts430x_lc_sd_eabi.lib</file>
         <name>fltuld.c.obj</name>
      </input_file>
      <input_file id="fl-4b">
         <path>C:\ti\ccs1281\ccs\tools\compiler\ti-cgt-msp430_21.6.1.LTS\lib\</path>
         <kind>archive</kind>
         <file>rts430x_lc_sd_eabi.lib</file>
         <name>mpyd.c.obj</name>
      </input_file>
      <input_file id="fl-4c">
         <path>C:\ti\ccs1281\ccs\tools\compiler\ti-cgt-msp430_21.6.1.LTS\lib\</path>
         <kind>archive</kind>
         <file>rts430x_lc_sd_eabi.lib</file>
         <name>frcmpyd.c.obj</name>
      </input_file>
      <input_file id="fl-4d">
         <path>C:\ti\ccs1281\ccs\tools\compiler\ti-cgt-msp430_21.6.1.LTS\lib\</path>
         <kind>archive</kind>
         <file>rts430x_lc_sd_eabi.lib</file>
         <name>fs_mpy.asm.obj</name>
      </input_file>
      <input_file id="fl-4e">
         <path>C:\ti\ccs1281\ccs\tools\compiler\ti-cgt-msp430_21.6.1.LTS\lib\</path>
         <kind>archive</kind>
         <file>rts430x_lc_sd_eabi.lib</file>
         <name>mult16_f5hw.asm.obj</name>
      </input_file>
      <input_file id="fl-4f">
         <path>C:\ti\ccs1281\ccs\tools\compiler\ti-cgt-msp430_21.6.1.LTS\lib\</path>
         <kind>archive</kind>
         <file>rts430x_lc_sd_eabi.lib</file>
         <name>mult32_f5hw.asm.obj</name>
      </input_file>
      <input_file id="fl-50">
         <path>C:\ti\ccs1281\ccs\tools\compiler\ti-cgt-msp430_21.6.1.LTS\lib\</path>
         <kind>archive</kind>
         <file>rts430x_lc_sd_eabi.lib</file>
         <name>mult64.asm.obj</name>
      </input_file>
      <input_file id="fl-51">
         <path>C:\ti\ccs1281\ccs\tools\compiler\ti-cgt-msp430_21.6.1.LTS\lib\</path>
         <kind>archive</kind>
         <file>rts430x_lc_sd_eabi.lib</file>
         <name>mult32.asm.obj</name>
      </input_file>
      <input_file id="fl-52">
         <path>C:\ti\ccs1281\ccs\tools\compiler\ti-cgt-msp430_21.6.1.LTS\lib\</path>
         <kind>archive</kind>
         <file>rts430x_lc_sd_eabi.lib</file>
         <name>mult64_f5hw.asm.obj</name>
      </input_file>
      <input_file id="fl-53">
         <path>C:\ti\ccs1281\ccs\tools\compiler\ti-cgt-msp430_21.6.1.LTS\lib\</path>
         <kind>archive</kind>
         <file>rts430x_lc_sd_eabi.lib</file>
         <name>mult1632_f5hw.asm.obj</name>
      </input_file>
      <input_file id="fl-54">
         <path>C:\ti\ccs1281\ccs\tools\compiler\ti-cgt-msp430_21.6.1.LTS\lib\</path>
         <kind>archive</kind>
         <file>rts430x_lc_sd_eabi.lib</file>
         <name>mult3264_f5hw.asm.obj</name>
      </input_file>
      <input_file id="fl-55">
         <path>C:\ti\ccs1281\ccs\tools\compiler\ti-cgt-msp430_21.6.1.LTS\lib\</path>
         <kind>archive</kind>
         <file>rts430x_lc_sd_eabi.lib</file>
         <name>mult1632.asm.obj</name>
      </input_file>
      <input_file id="fl-56">
         <path>C:\ti\ccs1281\ccs\tools\compiler\ti-cgt-msp430_21.6.1.LTS\lib\</path>
         <kind>archive</kind>
         <file>rts430x_lc_sd_eabi.lib</file>
         <name>mult3264.asm.obj</name>
      </input_file>
      <input_file id="fl-57">
         <path>C:\ti\ccs1281\ccs\tools\compiler\ti-cgt-msp430_21.6.1.LTS\lib\</path>
         <kind>archive</kind>
         <file>rts430x_lc_sd_eabi.lib</file>
         <name>lsl32.asm.obj</name>
      </input_file>
      <input_file id="fl-58">
         <path>C:\ti\ccs1281\ccs\tools\compiler\ti-cgt-msp430_21.6.1.LTS\lib\</path>
         <kind>archive</kind>
         <file>rts430x_lc_sd_eabi.lib</file>
         <name>lsl64.c.obj</name>
      </input_file>
      <input_file id="fl-59">
         <path>C:\ti\ccs1281\ccs\tools\compiler\ti-cgt-msp430_21.6.1.LTS\lib\</path>
         <kind>archive</kind>
         <file>rts430x_lc_sd_eabi.lib</file>
         <name>lsr32.asm.obj</name>
      </input_file>
      <input_file id="fl-5a">
         <path>C:\ti\ccs1281\ccs\tools\compiler\ti-cgt-msp430_21.6.1.LTS\lib\</path>
         <kind>archive</kind>
         <file>rts430x_lc_sd_eabi.lib</file>
         <name>lsr64.c.obj</name>
      </input_file>
      <input_file id="fl-5b">
         <path>C:\ti\ccs1281\ccs\tools\compiler\ti-cgt-msp430_21.6.1.LTS\lib\</path>
         <kind>archive</kind>
         <file>rts430x_lc_sd_eabi.lib</file>
         <name>boot.c.obj</name>
      </input_file>
      <input_file id="fl-5c">
         <path>C:\ti\ccs1281\ccs\ccs_base\msp430\lib\FR2xx\</path>
         <kind>archive</kind>
         <file>FRWP_INIT_LIB_CCS_msp430_large_code_small_data.lib</file>
         <name>frwp_init.obj</name>
      </input_file>
      <input_file id="fl-5d">
         <path>C:\ti\ccs1281\ccs\tools\compiler\ti-cgt-msp430_21.6.1.LTS\lib\</path>
         <kind>archive</kind>
         <file>rts430x_lc_sd_eabi.lib</file>
         <name>args_main.c.obj</name>
      </input_file>
      <input_file id="fl-5e">
         <path>C:\ti\ccs1281\ccs\tools\compiler\ti-cgt-msp430_21.6.1.LTS\lib\</path>
         <kind>archive</kind>
         <file>rts430x_lc_sd_eabi.lib</file>
         <name>autoinit.c.obj</name>
      </input_file>
      <input_file id="fl-5f">
         <path>C:\ti\ccs1281\ccs\tools\compiler\ti-cgt-msp430_21.6.1.LTS\lib\</path>
         <kind>archive</kind>
         <file>rts430x_lc_sd_eabi.lib</file>
         <name>startup.c.obj</name>
      </input_file>
      <input_file id="fl-60">
         <path>C:\ti\ccs1281\ccs\tools\compiler\ti-cgt-msp430_21.6.1.LTS\lib\</path>
         <kind>archive</kind>
         <file>rts430x_lc_sd_eabi.lib</file>
         <name>pre_init.c.obj</name>
      </input_file>
      <input_file id="fl-61">
         <path>C:\ti\ccs1281\ccs\tools\compiler\ti-cgt-msp430_21.6.1.LTS\lib\</path>
         <kind>archive</kind>
         <file>rts430x_lc_sd_eabi.lib</file>
         <name>atoi.c.obj</name>
      </input_file>
      <input_file id="fl-62">
         <path>C:\ti\ccs1281\ccs\tools\compiler\ti-cgt-msp430_21.6.1.LTS\lib\</path>
         <kind>archive</kind>
         <file>rts430x_lc_sd_eabi.lib</file>
         <name>mult16.asm.obj</name>
      </input_file>
      <input_file id="fl-63">
         <path>C:\ti\ccs1281\ccs\tools\compiler\ti-cgt-msp430_21.6.1.LTS\lib\</path>
         <kind>archive</kind>
         <file>rts430x_lc_sd_eabi.lib</file>
         <name>ctype.c.obj</name>
      </input_file>
      <input_file id="fl-64">
         <path>C:\ti\ccs1281\ccs\tools\compiler\ti-cgt-msp430_21.6.1.LTS\lib\</path>
         <kind>archive</kind>
         <file>rts430x_lc_sd_eabi.lib</file>
         <name>cpy_tbl.c.obj</name>
      </input_file>
      <input_file id="fl-65">
         <path>C:\ti\ccs1281\ccs\tools\compiler\ti-cgt-msp430_21.6.1.LTS\lib\</path>
         <kind>archive</kind>
         <file>rts430x_lc_sd_eabi.lib</file>
         <name>exit.c.obj</name>
      </input_file>
      <input_file id="fl-66">
         <path>C:\ti\ccs1281\ccs\tools\compiler\ti-cgt-msp430_21.6.1.LTS\lib\</path>
         <kind>archive</kind>
         <file>rts430x_lc_sd_eabi.lib</file>
         <name>exit_gvars.c.obj</name>
      </input_file>
      <input_file id="fl-67">
         <path>C:\ti\ccs1281\ccs\tools\compiler\ti-cgt-msp430_21.6.1.LTS\lib\</path>
         <kind>archive</kind>
         <file>rts430x_lc_sd_eabi.lib</file>
         <name>_lock.c.obj</name>
      </input_file>
      <input_file id="fl-68">
         <path>C:\ti\ccs1281\ccs\tools\compiler\ti-cgt-msp430_21.6.1.LTS\lib\</path>
         <kind>archive</kind>
         <file>rts430x_lc_sd_eabi.lib</file>
         <name>memcmp.c.obj</name>
      </input_file>
      <input_file id="fl-69">
         <path>C:\ti\ccs1281\ccs\tools\compiler\ti-cgt-msp430_21.6.1.LTS\lib\</path>
         <kind>archive</kind>
         <file>rts430x_lc_sd_eabi.lib</file>
         <name>memcpy.c.obj</name>
      </input_file>
      <input_file id="fl-6a">
         <path>C:\ti\ccs1281\ccs\tools\compiler\ti-cgt-msp430_21.6.1.LTS\lib\</path>
         <kind>archive</kind>
         <file>rts430x_lc_sd_eabi.lib</file>
         <name>memset.c.obj</name>
      </input_file>
      <input_file id="fl-6b">
         <path>C:\ti\ccs1281\ccs\tools\compiler\ti-cgt-msp430_21.6.1.LTS\lib\</path>
         <kind>archive</kind>
         <file>rts430x_lc_sd_eabi.lib</file>
         <name>snprintf.c.obj</name>
      </input_file>
      <input_file id="fl-6c">
         <path>C:\ti\ccs1281\ccs\tools\compiler\ti-cgt-msp430_21.6.1.LTS\lib\</path>
         <kind>archive</kind>
         <file>rts430x_lc_sd_eabi.lib</file>
         <name>_printfi.c.obj</name>
      </input_file>
      <input_file id="fl-6d">
         <path>C:\ti\ccs1281\ccs\tools\compiler\ti-cgt-msp430_21.6.1.LTS\lib\</path>
         <kind>archive</kind>
         <file>rts430x_lc_sd_eabi.lib</file>
         <name>_ltoa.c.obj</name>
      </input_file>
      <input_file id="fl-6e">
         <path>C:\ti\ccs1281\ccs\tools\compiler\ti-cgt-msp430_21.6.1.LTS\lib\</path>
         <kind>archive</kind>
         <file>rts430x_lc_sd_eabi.lib</file>
         <name>cmpd.c.obj</name>
      </input_file>
      <input_file id="fl-6f">
         <path>C:\ti\ccs1281\ccs\tools\compiler\ti-cgt-msp430_21.6.1.LTS\lib\</path>
         <kind>archive</kind>
         <file>rts430x_lc_sd_eabi.lib</file>
         <name>divd.c.obj</name>
      </input_file>
      <input_file id="fl-70">
         <path>C:\ti\ccs1281\ccs\tools\compiler\ti-cgt-msp430_21.6.1.LTS\lib\</path>
         <kind>archive</kind>
         <file>rts430x_lc_sd_eabi.lib</file>
         <name>frcdivd.c.obj</name>
      </input_file>
      <input_file id="fl-71">
         <path>C:\ti\ccs1281\ccs\tools\compiler\ti-cgt-msp430_21.6.1.LTS\lib\</path>
         <kind>archive</kind>
         <file>rts430x_lc_sd_eabi.lib</file>
         <name>div32s.asm.obj</name>
      </input_file>
      <input_file id="fl-72">
         <path>C:\ti\ccs1281\ccs\tools\compiler\ti-cgt-msp430_21.6.1.LTS\lib\</path>
         <kind>archive</kind>
         <file>rts430x_lc_sd_eabi.lib</file>
         <name>div16u.asm.obj</name>
      </input_file>
      <input_file id="fl-73">
         <path>C:\ti\ccs1281\ccs\tools\compiler\ti-cgt-msp430_21.6.1.LTS\lib\</path>
         <kind>archive</kind>
         <file>rts430x_lc_sd_eabi.lib</file>
         <name>div32u.asm.obj</name>
      </input_file>
      <input_file id="fl-74">
         <path>C:\ti\ccs1281\ccs\tools\compiler\ti-cgt-msp430_21.6.1.LTS\lib\</path>
         <kind>archive</kind>
         <file>rts430x_lc_sd_eabi.lib</file>
         <name>div64u.c.obj</name>
      </input_file>
      <input_file id="fl-75">
         <path>C:\ti\ccs1281\ccs\tools\compiler\ti-cgt-msp430_21.6.1.LTS\lib\</path>
         <kind>archive</kind>
         <file>rts430x_lc_sd_eabi.lib</file>
         <name>fltid.c.obj</name>
      </input_file>
      <input_file id="fl-76">
         <path>C:\ti\ccs1281\ccs\tools\compiler\ti-cgt-msp430_21.6.1.LTS\lib\</path>
         <kind>archive</kind>
         <file>rts430x_lc_sd_eabi.lib</file>
         <name>fltlid.c.obj</name>
      </input_file>
      <input_file id="fl-77">
         <path>C:\ti\ccs1281\ccs\tools\compiler\ti-cgt-msp430_21.6.1.LTS\lib\</path>
         <kind>archive</kind>
         <file>rts430x_lc_sd_eabi.lib</file>
         <name>negd.c.obj</name>
      </input_file>
      <input_file id="fl-78">
         <path>C:\ti\ccs1281\ccs\tools\compiler\ti-cgt-msp430_21.6.1.LTS\lib\</path>
         <kind>archive</kind>
         <file>rts430x_lc_sd_eabi.lib</file>
         <name>asr32.asm.obj</name>
      </input_file>
      <input_file id="fl-79">
         <path>C:\ti\ccs1281\ccs\tools\compiler\ti-cgt-msp430_21.6.1.LTS\lib\</path>
         <kind>archive</kind>
         <file>rts430x_lc_sd_eabi.lib</file>
         <name>subd.c.obj</name>
      </input_file>
      <input_file id="fl-7a">
         <path>C:\ti\ccs1281\ccs\tools\compiler\ti-cgt-msp430_21.6.1.LTS\lib\</path>
         <kind>archive</kind>
         <file>rts430x_lc_sd_eabi.lib</file>
         <name>addd.c.obj</name>
      </input_file>
      <input_file id="fl-7b">
         <path>C:\ti\ccs1281\ccs\tools\compiler\ti-cgt-msp430_21.6.1.LTS\lib\</path>
         <kind>archive</kind>
         <file>rts430x_lc_sd_eabi.lib</file>
         <name>asr64.c.obj</name>
      </input_file>
      <input_file id="fl-7c">
         <path>C:\ti\ccs1281\ccs\tools\compiler\ti-cgt-msp430_21.6.1.LTS\lib\</path>
         <kind>archive</kind>
         <file>rts430x_lc_sd_eabi.lib</file>
         <name>abs.c.obj</name>
      </input_file>
      <input_file id="fl-7d">
         <path>C:\ti\ccs1281\ccs\tools\compiler\ti-cgt-msp430_21.6.1.LTS\lib\</path>
         <kind>archive</kind>
         <file>rts430x_lc_sd_eabi.lib</file>
         <name>errno.c.obj</name>
      </input_file>
      <input_file id="fl-7e">
         <path>C:\ti\ccs1281\ccs\tools\compiler\ti-cgt-msp430_21.6.1.LTS\lib\</path>
         <kind>archive</kind>
         <file>rts430x_lc_sd_eabi.lib</file>
         <name>s_frexp.c.obj</name>
      </input_file>
      <input_file id="fl-7f">
         <path>C:\ti\ccs1281\ccs\tools\compiler\ti-cgt-msp430_21.6.1.LTS\lib\</path>
         <kind>archive</kind>
         <file>rts430x_lc_sd_eabi.lib</file>
         <name>s_scalbn.c.obj</name>
      </input_file>
      <input_file id="fl-80">
         <path>C:\ti\ccs1281\ccs\tools\compiler\ti-cgt-msp430_21.6.1.LTS\lib\</path>
         <kind>archive</kind>
         <file>rts430x_lc_sd_eabi.lib</file>
         <name>s_copysign.c.obj</name>
      </input_file>
      <input_file id="fl-81">
         <path>C:\ti\ccs1281\ccs\tools\compiler\ti-cgt-msp430_21.6.1.LTS\lib\</path>
         <kind>archive</kind>
         <file>rts430x_lc_sd_eabi.lib</file>
         <name>memccpy.c.obj</name>
      </input_file>
      <input_file id="fl-82">
         <path>C:\ti\ccs1281\ccs\tools\compiler\ti-cgt-msp430_21.6.1.LTS\lib\</path>
         <kind>archive</kind>
         <file>rts430x_lc_sd_eabi.lib</file>
         <name>sprintf.c.obj</name>
      </input_file>
      <input_file id="fl-83">
         <path>C:\ti\ccs1281\ccs\tools\compiler\ti-cgt-msp430_21.6.1.LTS\lib\</path>
         <kind>archive</kind>
         <file>rts430x_lc_sd_eabi.lib</file>
         <name>strchr.c.obj</name>
      </input_file>
      <input_file id="fl-84">
         <path>C:\ti\ccs1281\ccs\tools\compiler\ti-cgt-msp430_21.6.1.LTS\lib\</path>
         <kind>archive</kind>
         <file>rts430x_lc_sd_eabi.lib</file>
         <name>strlen.c.obj</name>
      </input_file>
      <input_file id="fl-85">
         <path>C:\ti\ccs1281\ccs\tools\compiler\ti-cgt-msp430_21.6.1.LTS\lib\</path>
         <kind>archive</kind>
         <file>rts430x_lc_sd_eabi.lib</file>
         <name>strncpy.c.obj</name>
      </input_file>
      <input_file id="fl-86">
         <path>C:\ti\ccs1281\ccs\tools\compiler\ti-cgt-msp430_21.6.1.LTS\lib\</path>
         <kind>archive</kind>
         <file>rts430x_lc_sd_eabi.lib</file>
         <name>strstr.c.obj</name>
      </input_file>
      <input_file id="fl-87">
         <path>C:\ti\ccs1281\ccs\tools\compiler\ti-cgt-msp430_21.6.1.LTS\lib\</path>
         <kind>archive</kind>
         <file>rts430x_lc_sd_eabi.lib</file>
         <name>toupper.c.obj</name>
      </input_file>
      <input_file id="fl-88">
         <path>C:\ti\ccs1281\ccs\tools\compiler\ti-cgt-msp430_21.6.1.LTS\lib\</path>
         <kind>archive</kind>
         <file>rts430x_lc_sd_eabi.lib</file>
         <name>wcslen.c.obj</name>
      </input_file>
   </input_file_list>
   <object_component_list>
      <object_component id="oc-8bd">
         <name>.cinit..data.load</name>
         <load_address>0x8000</load_address>
         <run_address>0x8000</run_address>
         <size>0x76</size>
      </object_component>
      <object_component id="oc-8ba">
         <name>__TI_handler_table</name>
         <load_address>0x8078</load_address>
         <run_address>0x8078</run_address>
         <size>0xc</size>
      </object_component>
      <object_component id="oc-8bc">
         <name>.cinit..bss.load</name>
         <load_address>0x8084</load_address>
         <run_address>0x8084</run_address>
         <size>0x6</size>
      </object_component>
      <object_component id="oc-8bb">
         <name>__TI_cinit_table</name>
         <load_address>0x808a</load_address>
         <run_address>0x808a</run_address>
         <size>0x10</size>
      </object_component>
      <object_component id="oc-85a">
         <name>.binit</name>
         <load_address>0x809a</load_address>
         <run_address>0x809a</run_address>
         <size>0x0</size>
      </object_component>
      <object_component id="oc-669">
         <name>.const:.string</name>
         <load_address>0x809a</load_address>
         <run_address>0x809a</run_address>
         <size>0x1dc</size>
         <input_file_ref idref="fl-c"/>
      </object_component>
      <object_component id="oc-82b">
         <name>.const:.string</name>
         <load_address>0x8276</load_address>
         <run_address>0x8276</run_address>
         <size>0x26</size>
         <input_file_ref idref="fl-6c"/>
      </object_component>
      <object_component id="oc-5c3">
         <name>.const:.string:test</name>
         <load_address>0x829c</load_address>
         <run_address>0x829c</run_address>
         <size>0x5</size>
         <input_file_ref idref="fl-3"/>
      </object_component>
      <object_component id="oc-54c">
         <name>.const:.string:$P$T0$1</name>
         <load_address>0x82a2</load_address>
         <run_address>0x82a2</run_address>
         <size>0x4</size>
         <input_file_ref idref="fl-2"/>
      </object_component>
      <object_component id="oc-7a7">
         <name>.const:.string</name>
         <load_address>0x82a6</load_address>
         <run_address>0x82a6</run_address>
         <size>0x4</size>
         <input_file_ref idref="fl-a"/>
      </object_component>
      <object_component id="oc-75d">
         <name>.const:.string:speed_values</name>
         <load_address>0x82aa</load_address>
         <run_address>0x82aa</run_address>
         <size>0x4</size>
         <input_file_ref idref="fl-c"/>
      </object_component>
      <object_component id="oc-6df">
         <name>.text:__mspabi_mpyd</name>
         <load_address>0x82ae</load_address>
         <run_address>0x82ae</run_address>
         <size>0x292</size>
         <input_file_ref idref="fl-4b"/>
      </object_component>
      <object_component id="oc-5ec">
         <name>.text:execute_menu_action</name>
         <load_address>0x8540</load_address>
         <run_address>0x8540</run_address>
         <size>0x28a</size>
         <input_file_ref idref="fl-c"/>
      </object_component>
      <object_component id="oc-777">
         <name>.text:__TI_frcmpyd</name>
         <load_address>0x87ca</load_address>
         <run_address>0x87ca</run_address>
         <size>0x164</size>
         <input_file_ref idref="fl-4c"/>
      </object_component>
      <object_component id="oc-5dd">
         <name>.text:update_menu_display</name>
         <load_address>0x892e</load_address>
         <run_address>0x892e</run_address>
         <size>0x13a</size>
         <input_file_ref idref="fl-c"/>
      </object_component>
      <object_component id="oc-735">
         <name>.text:display_LCD</name>
         <load_address>0x8a68</load_address>
         <run_address>0x8a68</run_address>
         <size>0x116</size>
         <input_file_ref idref="fl-a"/>
      </object_component>
      <object_component id="oc-80a">
         <name>.text:__TI_printfi_minimal:_setfield___TI_printfi_minimal</name>
         <load_address>0x8b7e</load_address>
         <run_address>0x8b7e</run_address>
         <size>0x10e</size>
         <input_file_ref idref="fl-6c"/>
      </object_component>
      <object_component id="oc-5fb">
         <name>.text:linetrack_motors</name>
         <load_address>0x8c8c</load_address>
         <run_address>0x8c8c</run_address>
         <size>0x100</size>
         <input_file_ref idref="fl-b"/>
      </object_component>
      <object_component id="oc-66">
         <name>.text:decompress:lzss:__TI_decompress_lzss</name>
         <load_address>0x8d8c</load_address>
         <run_address>0x8d8c</run_address>
         <size>0xee</size>
         <input_file_ref idref="fl-2e"/>
      </object_component>
      <object_component id="oc-7b5">
         <name>.text:__TI_printfi_minimal:__TI_printfi_minimal</name>
         <load_address>0x8e7a</load_address>
         <run_address>0x8e7a</run_address>
         <size>0xe2</size>
         <input_file_ref idref="fl-6c"/>
      </object_component>
      <object_component id="oc-54f">
         <name>.text:handle_menu</name>
         <load_address>0x8f5c</load_address>
         <run_address>0x8f5c</run_address>
         <size>0xd6</size>
         <input_file_ref idref="fl-c"/>
      </object_component>
      <object_component id="oc-82c">
         <name>.text:__TI_printfi_minimal:_pproc_diouxp___TI_printfi_minimal</name>
         <load_address>0x9032</load_address>
         <run_address>0x9032</run_address>
         <size>0xc4</size>
         <input_file_ref idref="fl-6c"/>
      </object_component>
      <object_component id="oc-4d0">
         <name>.text:main</name>
         <load_address>0x90f6</load_address>
         <run_address>0x90f6</run_address>
         <size>0xa2</size>
         <input_file_ref idref="fl-2"/>
      </object_component>
      <object_component id="oc-6b6">
         <name>.text:update_ldr_calibration_display</name>
         <load_address>0x9198</load_address>
         <run_address>0x9198</run_address>
         <size>0x98</size>
         <input_file_ref idref="fl-c"/>
      </object_component>
      <object_component id="oc-558">
         <name>.text:linetrack</name>
         <load_address>0x9230</load_address>
         <run_address>0x9230</run_address>
         <size>0x82</size>
         <input_file_ref idref="fl-b"/>
      </object_component>
      <object_component id="oc-770">
         <name>.text:__mspabi_fltuld</name>
         <load_address>0x92b2</load_address>
         <run_address>0x92b2</run_address>
         <size>0x80</size>
         <input_file_ref idref="fl-4a"/>
      </object_component>
      <object_component id="oc-692">
         <name>.text:update_single_led_display</name>
         <load_address>0x9332</load_address>
         <run_address>0x9332</run_address>
         <size>0x7e</size>
         <input_file_ref idref="fl-c"/>
      </object_component>
      <object_component id="oc-5e6">
         <name>.text:go_back_in_menu</name>
         <load_address>0x93b0</load_address>
         <run_address>0x93b0</run_address>
         <size>0x6c</size>
         <input_file_ref idref="fl-c"/>
      </object_component>
      <object_component id="oc-6aa">
         <name>.text:toggle_all_leds</name>
         <load_address>0x941c</load_address>
         <run_address>0x941c</run_address>
         <size>0x6c</size>
         <input_file_ref idref="fl-c"/>
      </object_component>
      <object_component id="oc-58a">
         <name>.text:__TI_auto_init_nobinit_nopinit_hold_wdt:__TI_auto_init_nobinit_nopinit_hold_wdt</name>
         <load_address>0x9488</load_address>
         <run_address>0x9488</run_address>
         <size>0x6a</size>
         <input_file_ref idref="fl-5e"/>
      </object_component>
      <object_component id="oc-5cc">
         <name>.text:RxPacket</name>
         <load_address>0x94f2</load_address>
         <run_address>0x94f2</run_address>
         <size>0x68</size>
         <input_file_ref idref="fl-9"/>
      </object_component>
      <object_component id="oc-540">
         <name>.text:init_LCD</name>
         <load_address>0x955a</load_address>
         <run_address>0x955a</run_address>
         <size>0x68</size>
         <input_file_ref idref="fl-a"/>
      </object_component>
      <object_component id="oc-784">
         <name>.text:__mspabi_fixdli</name>
         <load_address>0x95c2</load_address>
         <run_address>0x95c2</run_address>
         <size>0x66</size>
         <input_file_ref idref="fl-46"/>
      </object_component>
      <object_component id="oc-7ee">
         <name>.text:__mpyll</name>
         <load_address>0x9628</load_address>
         <run_address>0x9628</run_address>
         <size>0x5c</size>
         <input_file_ref idref="fl-52"/>
      </object_component>
      <object_component id="oc-74a">
         <name>.text:snprintf</name>
         <load_address>0x9684</load_address>
         <run_address>0x9684</run_address>
         <size>0x5a</size>
         <input_file_ref idref="fl-6b"/>
      </object_component>
      <object_component id="oc-51c">
         <name>.text:init_GPIOs</name>
         <load_address>0x96de</load_address>
         <run_address>0x96de</run_address>
         <size>0x56</size>
         <input_file_ref idref="fl-6"/>
      </object_component>
      <object_component id="oc-55e">
         <name>.text:read_LDRs</name>
         <load_address>0x9734</load_address>
         <run_address>0x9734</run_address>
         <size>0x54</size>
         <input_file_ref idref="fl-d"/>
      </object_component>
      <object_component id="oc-534">
         <name>.text:delay_ms</name>
         <load_address>0x9788</load_address>
         <run_address>0x9788</run_address>
         <size>0x4c</size>
         <input_file_ref idref="fl-8"/>
      </object_component>
      <object_component id="oc-6a4">
         <name>.text:update_robot_state_display</name>
         <load_address>0x97d4</load_address>
         <run_address>0x97d4</run_address>
         <size>0x42</size>
         <input_file_ref idref="fl-c"/>
      </object_component>
      <object_component id="oc-42b">
         <name>.text:__memcpy_far</name>
         <load_address>0x9816</load_address>
         <run_address>0x9816</run_address>
         <size>0x40</size>
         <input_file_ref idref="fl-44"/>
      </object_component>
      <object_component id="oc-460">
         <name>.text:decompress:ZI:__TI_zero_init_nomemset:__TI_zero_init_nomemset</name>
         <load_address>0x9856</load_address>
         <run_address>0x9856</run_address>
         <size>0x3e</size>
         <input_file_ref idref="fl-43"/>
      </object_component>
      <object_component id="oc-7dc">
         <name>.text:l_lsl_const</name>
         <load_address>0x9894</load_address>
         <run_address>0x9894</run_address>
         <size>0x3e</size>
         <input_file_ref idref="fl-57"/>
      </object_component>
      <object_component id="oc-7e1">
         <name>.text:l_lsr_const</name>
         <load_address>0x98d2</load_address>
         <run_address>0x98d2</run_address>
         <size>0x3e</size>
         <input_file_ref idref="fl-59"/>
      </object_component>
      <object_component id="oc-4e2">
         <name>.text:__mpu_init</name>
         <load_address>0x9910</load_address>
         <run_address>0x9910</run_address>
         <size>0x3c</size>
         <input_file_ref idref="fl-5c"/>
      </object_component>
      <object_component id="oc-6c">
         <name>.text:decompress:none:__TI_decompress_none</name>
         <load_address>0x994c</load_address>
         <run_address>0x994c</run_address>
         <size>0x3c</size>
         <input_file_ref idref="fl-2f"/>
      </object_component>
      <object_component id="oc-7e8">
         <name>.text:__mspabi_sllll</name>
         <load_address>0x9988</load_address>
         <run_address>0x9988</run_address>
         <size>0x3a</size>
         <input_file_ref idref="fl-58"/>
      </object_component>
      <object_component id="oc-7f8">
         <name>.text:__mspabi_srlll</name>
         <load_address>0x99c2</load_address>
         <run_address>0x99c2</run_address>
         <size>0x3a</size>
         <input_file_ref idref="fl-5a"/>
      </object_component>
      <object_component id="oc-6c8">
         <name>.text:update_mode_display</name>
         <load_address>0x99fc</load_address>
         <run_address>0x99fc</run_address>
         <size>0x3a</size>
         <input_file_ref idref="fl-c"/>
      </object_component>
      <object_component id="oc-6c2">
         <name>.text:update_speed_display</name>
         <load_address>0x9a36</load_address>
         <run_address>0x9a36</run_address>
         <size>0x3a</size>
         <input_file_ref idref="fl-c"/>
      </object_component>
      <object_component id="oc-769">
         <name>.text:I2C_receive</name>
         <load_address>0x9a70</load_address>
         <run_address>0x9a70</run_address>
         <size>0x38</size>
         <input_file_ref idref="fl-7"/>
      </object_component>
      <object_component id="oc-528">
         <name>.text:init_uart_wifi</name>
         <load_address>0x9aa8</load_address>
         <run_address>0x9aa8</run_address>
         <size>0x38</size>
         <input_file_ref idref="fl-9"/>
      </object_component>
      <object_component id="oc-756">
         <name>.text:sprintf</name>
         <load_address>0x9ae0</load_address>
         <run_address>0x9ae0</run_address>
         <size>0x38</size>
         <input_file_ref idref="fl-82"/>
      </object_component>
      <object_component id="oc-50a">
         <name>.text:init_clocks</name>
         <load_address>0x9b18</load_address>
         <run_address>0x9b18</run_address>
         <size>0x36</size>
         <input_file_ref idref="fl-5"/>
      </object_component>
      <object_component id="oc-7a9">
         <name>.text:_outs</name>
         <load_address>0x9b4e</load_address>
         <run_address>0x9b4e</run_address>
         <size>0x32</size>
         <input_file_ref idref="fl-6b"/>
      </object_component>
      <object_component id="oc-6d3">
         <name>.text:fotodetectors</name>
         <load_address>0x9b80</load_address>
         <run_address>0x9b80</run_address>
         <size>0x32</size>
         <input_file_ref idref="fl-b"/>
      </object_component>
      <object_component id="oc-6b0">
         <name>.text:calibrate_LDR</name>
         <load_address>0x9bb2</load_address>
         <run_address>0x9bb2</run_address>
         <size>0x2e</size>
         <input_file_ref idref="fl-c"/>
      </object_component>
      <object_component id="oc-5c6">
         <name>.text:TxPacket</name>
         <load_address>0x9be0</load_address>
         <run_address>0x9be0</run_address>
         <size>0x2c</size>
         <input_file_ref idref="fl-9"/>
      </object_component>
      <object_component id="oc-7f3">
         <name>.text:__mpyull</name>
         <load_address>0x9c0c</load_address>
         <run_address>0x9c0c</run_address>
         <size>0x2c</size>
         <input_file_ref idref="fl-54"/>
      </object_component>
      <object_component id="oc-53a">
         <name>.text:comando_AT</name>
         <load_address>0x9c38</load_address>
         <run_address>0x9c38</run_address>
         <size>0x2c</size>
         <input_file_ref idref="fl-3"/>
      </object_component>
      <object_component id="oc-516">
         <name>.text:init_i2c</name>
         <load_address>0x9c64</load_address>
         <run_address>0x9c64</run_address>
         <size>0x2c</size>
         <input_file_ref idref="fl-7"/>
      </object_component>
      <object_component id="oc-678">
         <name>.text:strncpy</name>
         <load_address>0x9c90</load_address>
         <run_address>0x9c90</run_address>
         <size>0x2c</size>
         <input_file_ref idref="fl-85"/>
      </object_component>
      <object_component id="oc-7a1">
         <name>.text:LCD_set_cursor</name>
         <load_address>0x9cbc</load_address>
         <run_address>0x9cbc</run_address>
         <size>0x28</size>
         <input_file_ref idref="fl-a"/>
      </object_component>
      <object_component id="oc-6e5">
         <name>.text:__mspabi_fixdi</name>
         <load_address>0x9ce4</load_address>
         <run_address>0x9ce4</run_address>
         <size>0x28</size>
         <input_file_ref idref="fl-45"/>
      </object_component>
      <object_component id="oc-5b9">
         <name>.text:I2C_send</name>
         <load_address>0x9d0c</load_address>
         <run_address>0x9d0c</run_address>
         <size>0x26</size>
         <input_file_ref idref="fl-7"/>
      </object_component>
      <object_component id="oc-72f">
         <name>.text:clear_LCD</name>
         <load_address>0x9d32</load_address>
         <run_address>0x9d32</run_address>
         <size>0x22</size>
         <input_file_ref idref="fl-a"/>
      </object_component>
      <object_component id="oc-832">
         <name>.text:memccpy</name>
         <load_address>0x9d54</load_address>
         <run_address>0x9d54</run_address>
         <size>0x22</size>
         <input_file_ref idref="fl-81"/>
      </object_component>
      <object_component id="oc-52e">
         <name>.text:robot_LEDs</name>
         <load_address>0x9d76</load_address>
         <run_address>0x9d76</run_address>
         <size>0x22</size>
         <input_file_ref idref="fl-b"/>
      </object_component>
      <object_component id="oc-546">
         <name>.text:init_menu</name>
         <load_address>0x9d98</load_address>
         <run_address>0x9d98</run_address>
         <size>0x20</size>
         <input_file_ref idref="fl-c"/>
      </object_component>
      <object_component id="oc-7af">
         <name>.text:_outc</name>
         <load_address>0x9db8</load_address>
         <run_address>0x9db8</run_address>
         <size>0x1e</size>
         <input_file_ref idref="fl-6b"/>
      </object_component>
      <object_component id="oc-649">
         <name>.text:Activa_Timer_Timeout</name>
         <load_address>0x9dd6</load_address>
         <run_address>0x9dd6</run_address>
         <size>0x1a</size>
         <input_file_ref idref="fl-9"/>
      </object_component>
      <object_component id="oc-522">
         <name>.text:init_adc</name>
         <load_address>0x9df0</load_address>
         <run_address>0x9df0</run_address>
         <size>0x1a</size>
         <input_file_ref idref="fl-4"/>
      </object_component>
      <object_component id="oc-7c7">
         <name>.text:_outs</name>
         <load_address>0x9e0a</load_address>
         <run_address>0x9e0a</run_address>
         <size>0x18</size>
         <input_file_ref idref="fl-82"/>
      </object_component>
      <object_component id="oc-711">
         <name>.text</name>
         <load_address>0x9e22</load_address>
         <run_address>0x9e22</run_address>
         <size>0x18</size>
         <input_file_ref idref="fl-4e"/>
      </object_component>
      <object_component id="oc-655">
         <name>.text:TimeOut</name>
         <load_address>0x9e3a</load_address>
         <run_address>0x9e3a</run_address>
         <size>0x16</size>
         <input_file_ref idref="fl-9"/>
      </object_component>
      <object_component id="oc-840">
         <name>.text</name>
         <load_address>0x9e50</load_address>
         <run_address>0x9e50</run_address>
         <size>0x16</size>
         <input_file_ref idref="fl-72"/>
      </object_component>
      <object_component id="oc-510">
         <name>.text:init_timers</name>
         <load_address>0x9e66</load_address>
         <run_address>0x9e66</run_address>
         <size>0x14</size>
         <input_file_ref idref="fl-8"/>
      </object_component>
      <object_component id="oc-66c">
         <name>.text:memset</name>
         <load_address>0x9e7a</load_address>
         <run_address>0x9e7a</run_address>
         <size>0x14</size>
         <input_file_ref idref="fl-6a"/>
      </object_component>
      <object_component id="oc-7cd">
         <name>.text:_outc</name>
         <load_address>0x9e8e</load_address>
         <run_address>0x9e8e</run_address>
         <size>0x12</size>
         <input_file_ref idref="fl-82"/>
      </object_component>
      <object_component id="oc-65b">
         <name>.text:memcpy</name>
         <load_address>0x9ea0</load_address>
         <run_address>0x9ea0</run_address>
         <size>0x12</size>
         <input_file_ref idref="fl-69"/>
      </object_component>
      <object_component id="oc-67e">
         <name>.text:update_LCD</name>
         <load_address>0x9eb2</load_address>
         <run_address>0x9eb2</run_address>
         <size>0x12</size>
         <input_file_ref idref="fl-a"/>
      </object_component>
      <object_component id="oc-801">
         <name>.text:l_lsr</name>
         <load_address>0x9ec4</load_address>
         <run_address>0x9ec4</run_address>
         <size>0x10</size>
         <input_file_ref idref="fl-59"/>
      </object_component>
      <object_component id="oc-68c">
         <name>.text:set_single_led_color</name>
         <load_address>0x9ed4</load_address>
         <run_address>0x9ed4</run_address>
         <size>0x10</size>
         <input_file_ref idref="fl-c"/>
      </object_component>
      <object_component id="oc-6bc">
         <name>.text:set_robot_speed</name>
         <load_address>0x9ee4</load_address>
         <run_address>0x9ee4</run_address>
         <size>0xe</size>
         <input_file_ref idref="fl-c"/>
      </object_component>
      <object_component id="oc-672">
         <name>.text:strlen</name>
         <load_address>0x9ef2</load_address>
         <run_address>0x9ef2</run_address>
         <size>0xe</size>
         <input_file_ref idref="fl-84"/>
      </object_component>
      <object_component id="oc-64f">
         <name>.text:Reset_Timeout</name>
         <load_address>0x9f00</load_address>
         <run_address>0x9f00</run_address>
         <size>0x8</size>
         <input_file_ref idref="fl-9"/>
      </object_component>
      <object_component id="oc-6d9">
         <name>.text:__mspabi_fltud</name>
         <load_address>0x9f08</load_address>
         <run_address>0x9f08</run_address>
         <size>0x6</size>
         <input_file_ref idref="fl-48"/>
      </object_component>
      <object_component id="oc-566">
         <name>.text:abort</name>
         <load_address>0x9f0e</load_address>
         <run_address>0x9f0e</run_address>
         <size>0x6</size>
         <input_file_ref idref="fl-65"/>
      </object_component>
      <object_component id="oc-4ca">
         <name>.text:_system_pre_init</name>
         <load_address>0x9f14</load_address>
         <run_address>0x9f14</run_address>
         <size>0x4</size>
         <input_file_ref idref="fl-60"/>
      </object_component>
      <object_component id="oc-620">
         <name>.text:_system_post_cinit</name>
         <load_address>0x9f18</load_address>
         <run_address>0x9f18</run_address>
         <size>0x2</size>
         <input_file_ref idref="fl-5f"/>
      </object_component>
      <object_component id="oc-448">
         <name>.text:_isr:ISR_USCI_I2C</name>
         <load_address>0x9f1a</load_address>
         <run_address>0x9f1a</run_address>
         <size>0x8e</size>
         <input_file_ref idref="fl-7"/>
      </object_component>
      <object_component id="oc-43c">
         <name>.text:_isr:readjoystick</name>
         <load_address>0x9fa8</load_address>
         <run_address>0x9fa8</run_address>
         <size>0x4c</size>
         <input_file_ref idref="fl-6"/>
      </object_component>
      <object_component id="oc-44e">
         <name>.text:_isr:EUSCIA0_IRQHandler</name>
         <load_address>0x9ff4</load_address>
         <run_address>0x9ff4</run_address>
         <size>0x20</size>
         <input_file_ref idref="fl-9"/>
      </object_component>
      <object_component id="oc-48a">
         <name>.text:_isr:_c_int00_noargs_mpu</name>
         <load_address>0xa014</load_address>
         <run_address>0xa014</run_address>
         <size>0x20</size>
         <input_file_ref idref="fl-5b"/>
      </object_component>
      <object_component id="oc-442">
         <name>.text:_isr:ADC_ISR</name>
         <load_address>0xa034</load_address>
         <run_address>0xa034</run_address>
         <size>0x12</size>
         <input_file_ref idref="fl-4"/>
      </object_component>
      <object_component id="oc-45a">
         <name>.text:_isr:timerB0_0_isr</name>
         <load_address>0xa046</load_address>
         <run_address>0xa046</run_address>
         <size>0xe</size>
         <input_file_ref idref="fl-8"/>
      </object_component>
      <object_component id="oc-454">
         <name>.text:_isr:timerB1_0_isr</name>
         <load_address>0xa054</load_address>
         <run_address>0xa054</run_address>
         <size>0xe</size>
         <input_file_ref idref="fl-9"/>
      </object_component>
      <object_component id="oc-437">
         <name>.text:_isr:__TI_ISR_TRAP</name>
         <load_address>0xa062</load_address>
         <run_address>0xa062</run_address>
         <size>0x8</size>
         <input_file_ref idref="fl-31"/>
      </object_component>
      <object_component id="oc-4b2">
         <name>.common:PTxData</name>
         <uninitialized>true</uninitialized>
         <run_address>0x2082</run_address>
         <size>0x2</size>
      </object_component>
      <object_component id="oc-4b4">
         <name>.common:PRxData</name>
         <uninitialized>true</uninitialized>
         <run_address>0x2080</run_address>
         <size>0x2</size>
      </object_component>
      <object_component id="oc-4af">
         <name>.common:TXByteCtr</name>
         <uninitialized>true</uninitialized>
         <run_address>0x2087</run_address>
         <size>0x1</size>
      </object_component>
      <object_component id="oc-4b3">
         <name>.common:RXByteCtr</name>
         <uninitialized>true</uninitialized>
         <run_address>0x2086</run_address>
         <size>0x1</size>
      </object_component>
      <object_component id="oc-4b6">
         <name>.common:DatoLeido_UART</name>
         <uninitialized>true</uninitialized>
         <run_address>0x2085</run_address>
         <size>0x1</size>
      </object_component>
      <object_component id="oc-4b9">
         <name>.common:Byte_Recibido</name>
         <uninitialized>true</uninitialized>
         <run_address>0x2084</run_address>
         <size>0x1</size>
      </object_component>
      <object_component id="oc-5fa">
         <name>.common:motors_next</name>
         <uninitialized>true</uninitialized>
         <run_address>0x207c</run_address>
         <size>0x4</size>
      </object_component>
      <object_component id="oc-752">
         <name>.common:ldr_vals</name>
         <uninitialized>true</uninitialized>
         <run_address>0x2070</run_address>
         <size>0x4</size>
      </object_component>
      <object_component id="oc-754">
         <name>.common:max_light</name>
         <uninitialized>true</uninitialized>
         <run_address>0x2074</run_address>
         <size>0x4</size>
      </object_component>
      <object_component id="oc-753">
         <name>.common:min_light</name>
         <uninitialized>true</uninitialized>
         <run_address>0x2078</run_address>
         <size>0x4</size>
      </object_component>
      <object_component id="oc-4ab">
         <name>.data</name>
         <load_address>0x206c</load_address>
         <run_address>0x206c</run_address>
         <size>0x2</size>
         <input_file_ref idref="fl-4"/>
      </object_component>
      <object_component id="oc-4a7">
         <name>.data</name>
         <load_address>0x2052</load_address>
         <run_address>0x2052</run_address>
         <size>0x5</size>
         <input_file_ref idref="fl-6"/>
      </object_component>
      <object_component id="oc-4bf">
         <name>.data</name>
         <load_address>0x2064</load_address>
         <run_address>0x2064</run_address>
         <size>0x4</size>
         <input_file_ref idref="fl-8"/>
      </object_component>
      <object_component id="oc-4bb">
         <name>.data</name>
         <load_address>0x2068</load_address>
         <run_address>0x2068</run_address>
         <size>0x4</size>
         <input_file_ref idref="fl-9"/>
      </object_component>
      <object_component id="oc-5f7">
         <name>.data:motors_prev</name>
         <load_address>0x2060</load_address>
         <run_address>0x2060</run_address>
         <size>0x4</size>
         <input_file_ref idref="fl-b"/>
      </object_component>
      <object_component id="oc-601">
         <name>.data</name>
         <load_address>0x206e</load_address>
         <run_address>0x206e</run_address>
         <size>0x2</size>
         <input_file_ref idref="fl-b"/>
      </object_component>
      <object_component id="oc-555">
         <name>.data</name>
         <load_address>0x2010</load_address>
         <run_address>0x2010</run_address>
         <size>0xf</size>
         <input_file_ref idref="fl-c"/>
      </object_component>
      <object_component id="oc-765">
         <name>.data:mode_names</name>
         <load_address>0x202a</load_address>
         <run_address>0x202a</run_address>
         <size>0xa</size>
         <input_file_ref idref="fl-c"/>
      </object_component>
      <object_component id="oc-761">
         <name>.data:speed_names</name>
         <load_address>0x2044</load_address>
         <run_address>0x2044</run_address>
         <size>0x8</size>
         <input_file_ref idref="fl-c"/>
      </object_component>
      <object_component id="oc-5da">
         <name>.data:main_menu_items</name>
         <load_address>0x2034</load_address>
         <run_address>0x2034</run_address>
         <size>0x8</size>
         <input_file_ref idref="fl-c"/>
      </object_component>
      <object_component id="oc-6a1">
         <name>.data:mode_menu_items</name>
         <load_address>0x2020</load_address>
         <run_address>0x2020</run_address>
         <size>0xa</size>
         <input_file_ref idref="fl-c"/>
      </object_component>
      <object_component id="oc-685">
         <name>.data:settings_menu_items</name>
         <load_address>0x204c</load_address>
         <run_address>0x204c</run_address>
         <size>0x6</size>
         <input_file_ref idref="fl-c"/>
      </object_component>
      <object_component id="oc-69b">
         <name>.data:speed_menu_items</name>
         <load_address>0x203c</load_address>
         <run_address>0x203c</run_address>
         <size>0x8</size>
         <input_file_ref idref="fl-c"/>
      </object_component>
      <object_component id="oc-688">
         <name>.data:led_colors_menu_items</name>
         <load_address>0x205c</load_address>
         <run_address>0x205c</run_address>
         <size>0x4</size>
         <input_file_ref idref="fl-c"/>
      </object_component>
      <object_component id="oc-69e">
         <name>.data:calibrate_ldrs_menu_items</name>
         <load_address>0x2058</load_address>
         <run_address>0x2058</run_address>
         <size>0x4</size>
         <input_file_ref idref="fl-c"/>
      </object_component>
      <object_component id="oc-698">
         <name>.data:color_Names</name>
         <load_address>0x2000</load_address>
         <run_address>0x2000</run_address>
         <size>0x10</size>
         <input_file_ref idref="fl-c"/>
      </object_component>
      <object_component id="oc-41c">
         <name>.stack</name>
         <uninitialized>true</uninitialized>
         <run_address>0x2f60</run_address>
         <size>0x2</size>
         <input_file_ref idref="fl-5b"/>
      </object_component>
      <object_component id="oc-8be">
         <name>.stack</name>
         <uninitialized>true</uninitialized>
         <run_address>0x2f60</run_address>
         <size>0x0</size>
      </object_component>
      <object_component id="oc-72">
         <name>.int22</name>
         <load_address>0xffce</load_address>
         <run_address>0xffce</run_address>
         <size>0x2</size>
         <input_file_ref idref="fl-30"/>
      </object_component>
      <object_component id="oc-73">
         <name>.int23</name>
         <load_address>0xffd0</load_address>
         <run_address>0xffd0</run_address>
         <size>0x2</size>
         <input_file_ref idref="fl-6"/>
      </object_component>
      <object_component id="oc-74">
         <name>.int24</name>
         <load_address>0xffd2</load_address>
         <run_address>0xffd2</run_address>
         <size>0x2</size>
         <input_file_ref idref="fl-32"/>
      </object_component>
      <object_component id="oc-75">
         <name>.int25</name>
         <load_address>0xffd4</load_address>
         <run_address>0xffd4</run_address>
         <size>0x2</size>
         <input_file_ref idref="fl-33"/>
      </object_component>
      <object_component id="oc-76">
         <name>.int26</name>
         <load_address>0xffd6</load_address>
         <run_address>0xffd6</run_address>
         <size>0x2</size>
         <input_file_ref idref="fl-34"/>
      </object_component>
      <object_component id="oc-77">
         <name>.int27</name>
         <load_address>0xffd8</load_address>
         <run_address>0xffd8</run_address>
         <size>0x2</size>
         <input_file_ref idref="fl-35"/>
      </object_component>
      <object_component id="oc-78">
         <name>.int28</name>
         <load_address>0xffda</load_address>
         <run_address>0xffda</run_address>
         <size>0x2</size>
         <input_file_ref idref="fl-36"/>
      </object_component>
      <object_component id="oc-79">
         <name>.int29</name>
         <load_address>0xffdc</load_address>
         <run_address>0xffdc</run_address>
         <size>0x2</size>
         <input_file_ref idref="fl-4"/>
      </object_component>
      <object_component id="oc-7a">
         <name>.int30</name>
         <load_address>0xffde</load_address>
         <run_address>0xffde</run_address>
         <size>0x2</size>
         <input_file_ref idref="fl-37"/>
      </object_component>
      <object_component id="oc-7b">
         <name>.int31</name>
         <load_address>0xffe0</load_address>
         <run_address>0xffe0</run_address>
         <size>0x2</size>
         <input_file_ref idref="fl-7"/>
      </object_component>
      <object_component id="oc-7c">
         <name>.int32</name>
         <load_address>0xffe2</load_address>
         <run_address>0xffe2</run_address>
         <size>0x2</size>
         <input_file_ref idref="fl-38"/>
      </object_component>
      <object_component id="oc-7d">
         <name>.int33</name>
         <load_address>0xffe4</load_address>
         <run_address>0xffe4</run_address>
         <size>0x2</size>
         <input_file_ref idref="fl-9"/>
      </object_component>
      <object_component id="oc-7e">
         <name>.int34</name>
         <load_address>0xffe6</load_address>
         <run_address>0xffe6</run_address>
         <size>0x2</size>
         <input_file_ref idref="fl-39"/>
      </object_component>
      <object_component id="oc-7f">
         <name>.int35</name>
         <load_address>0xffe8</load_address>
         <run_address>0xffe8</run_address>
         <size>0x2</size>
         <input_file_ref idref="fl-3a"/>
      </object_component>
      <object_component id="oc-80">
         <name>.int36</name>
         <load_address>0xffea</load_address>
         <run_address>0xffea</run_address>
         <size>0x2</size>
         <input_file_ref idref="fl-3b"/>
      </object_component>
      <object_component id="oc-81">
         <name>.int37</name>
         <load_address>0xffec</load_address>
         <run_address>0xffec</run_address>
         <size>0x2</size>
         <input_file_ref idref="fl-3c"/>
      </object_component>
      <object_component id="oc-82">
         <name>.int38</name>
         <load_address>0xffee</load_address>
         <run_address>0xffee</run_address>
         <size>0x2</size>
         <input_file_ref idref="fl-3d"/>
      </object_component>
      <object_component id="oc-83">
         <name>.int39</name>
         <load_address>0xfff0</load_address>
         <run_address>0xfff0</run_address>
         <size>0x2</size>
         <input_file_ref idref="fl-3e"/>
      </object_component>
      <object_component id="oc-84">
         <name>.int40</name>
         <load_address>0xfff2</load_address>
         <run_address>0xfff2</run_address>
         <size>0x2</size>
         <input_file_ref idref="fl-3f"/>
      </object_component>
      <object_component id="oc-85">
         <name>.int41</name>
         <load_address>0xfff4</load_address>
         <run_address>0xfff4</run_address>
         <size>0x2</size>
         <input_file_ref idref="fl-9"/>
      </object_component>
      <object_component id="oc-86">
         <name>.int42</name>
         <load_address>0xfff6</load_address>
         <run_address>0xfff6</run_address>
         <size>0x2</size>
         <input_file_ref idref="fl-40"/>
      </object_component>
      <object_component id="oc-87">
         <name>.int43</name>
         <load_address>0xfff8</load_address>
         <run_address>0xfff8</run_address>
         <size>0x2</size>
         <input_file_ref idref="fl-8"/>
      </object_component>
      <object_component id="oc-88">
         <name>.int44</name>
         <load_address>0xfffa</load_address>
         <run_address>0xfffa</run_address>
         <size>0x2</size>
         <input_file_ref idref="fl-41"/>
      </object_component>
      <object_component id="oc-89">
         <name>.int45</name>
         <load_address>0xfffc</load_address>
         <run_address>0xfffc</run_address>
         <size>0x2</size>
         <input_file_ref idref="fl-42"/>
      </object_component>
      <object_component id="oc-41f">
         <name>.reset</name>
         <load_address>0xfffe</load_address>
         <run_address>0xfffe</run_address>
         <size>0x2</size>
         <input_file_ref idref="fl-5b"/>
      </object_component>
      <object_component id="oc-565">
         <name>.debug_info</name>
         <load_address>0x0</load_address>
         <run_address>0x0</run_address>
         <size>0x3ff</size>
         <input_file_ref idref="fl-2"/>
      </object_component>
      <object_component id="oc-54d">
         <name>.debug_info</name>
         <load_address>0x3ff</load_address>
         <run_address>0x3ff</run_address>
         <size>0xe5</size>
         <input_file_ref idref="fl-2"/>
      </object_component>
      <object_component id="oc-4d1">
         <name>.debug_info</name>
         <load_address>0x4e4</load_address>
         <run_address>0x4e4</run_address>
         <size>0x27c</size>
         <input_file_ref idref="fl-2"/>
      </object_component>
      <object_component id="oc-4fd">
         <name>.debug_info</name>
         <load_address>0x760</load_address>
         <run_address>0x760</run_address>
         <size>0x26b</size>
         <input_file_ref idref="fl-2"/>
      </object_component>
      <object_component id="oc-5d3">
         <name>.debug_info</name>
         <load_address>0x9cb</load_address>
         <run_address>0x9cb</run_address>
         <size>0x79</size>
         <input_file_ref idref="fl-2"/>
      </object_component>
      <object_component id="oc-426">
         <name>.debug_info</name>
         <load_address>0xa44</load_address>
         <run_address>0xa44</run_address>
         <size>0x84</size>
         <input_file_ref idref="fl-2"/>
      </object_component>
      <object_component id="oc-5ac">
         <name>.debug_info</name>
         <load_address>0xac8</load_address>
         <run_address>0xac8</run_address>
         <size>0x282</size>
         <input_file_ref idref="fl-2"/>
      </object_component>
      <object_component id="oc-4f6">
         <name>.debug_info</name>
         <load_address>0xd4a</load_address>
         <run_address>0xd4a</run_address>
         <size>0xbb</size>
         <input_file_ref idref="fl-2"/>
      </object_component>
      <object_component id="oc-71f">
         <name>.debug_info</name>
         <load_address>0xe05</load_address>
         <run_address>0xe05</run_address>
         <size>0xd9</size>
         <input_file_ref idref="fl-2"/>
      </object_component>
      <object_component id="oc-812">
         <name>.debug_info</name>
         <load_address>0xede</load_address>
         <run_address>0xede</run_address>
         <size>0x2c</size>
         <input_file_ref idref="fl-2"/>
      </object_component>
      <object_component id="oc-609">
         <name>.debug_info</name>
         <load_address>0xf0a</load_address>
         <run_address>0xf0a</run_address>
         <size>0x35</size>
         <input_file_ref idref="fl-2"/>
      </object_component>
      <object_component id="oc-646">
         <name>.debug_info</name>
         <load_address>0xf3f</load_address>
         <run_address>0xf3f</run_address>
         <size>0x427</size>
         <input_file_ref idref="fl-3"/>
      </object_component>
      <object_component id="oc-5c4">
         <name>.debug_info</name>
         <load_address>0x1366</load_address>
         <run_address>0x1366</run_address>
         <size>0xec</size>
         <input_file_ref idref="fl-3"/>
      </object_component>
      <object_component id="oc-53b">
         <name>.debug_info</name>
         <load_address>0x1452</load_address>
         <run_address>0x1452</run_address>
         <size>0x179</size>
         <input_file_ref idref="fl-3"/>
      </object_component>
      <object_component id="oc-4ac">
         <name>.debug_info</name>
         <load_address>0x15cb</load_address>
         <run_address>0x15cb</run_address>
         <size>0xf7</size>
         <input_file_ref idref="fl-4"/>
      </object_component>
      <object_component id="oc-525">
         <name>.debug_info</name>
         <load_address>0x16c2</load_address>
         <run_address>0x16c2</run_address>
         <size>0x139</size>
         <input_file_ref idref="fl-4"/>
      </object_component>
      <object_component id="oc-443">
         <name>.debug_info</name>
         <load_address>0x17fb</load_address>
         <run_address>0x17fb</run_address>
         <size>0x138</size>
         <input_file_ref idref="fl-4"/>
      </object_component>
      <object_component id="oc-50e">
         <name>.debug_info</name>
         <load_address>0x1933</load_address>
         <run_address>0x1933</run_address>
         <size>0x148</size>
         <input_file_ref idref="fl-5"/>
      </object_component>
      <object_component id="oc-4f3">
         <name>.debug_info</name>
         <load_address>0x1a7b</load_address>
         <run_address>0x1a7b</run_address>
         <size>0x2e6</size>
         <input_file_ref idref="fl-6"/>
      </object_component>
      <object_component id="oc-4a8">
         <name>.debug_info</name>
         <load_address>0x1d61</load_address>
         <run_address>0x1d61</run_address>
         <size>0x1fe</size>
         <input_file_ref idref="fl-6"/>
      </object_component>
      <object_component id="oc-440">
         <name>.debug_info</name>
         <load_address>0x1f5f</load_address>
         <run_address>0x1f5f</run_address>
         <size>0x145</size>
         <input_file_ref idref="fl-6"/>
      </object_component>
      <object_component id="oc-520">
         <name>.debug_info</name>
         <load_address>0x20a4</load_address>
         <run_address>0x20a4</run_address>
         <size>0x140</size>
         <input_file_ref idref="fl-6"/>
      </object_component>
      <object_component id="oc-4b0">
         <name>.debug_info</name>
         <load_address>0x21e4</load_address>
         <run_address>0x21e4</run_address>
         <size>0x3a7</size>
         <input_file_ref idref="fl-7"/>
      </object_component>
      <object_component id="oc-51a">
         <name>.debug_info</name>
         <load_address>0x258b</load_address>
         <run_address>0x258b</run_address>
         <size>0x139</size>
         <input_file_ref idref="fl-7"/>
      </object_component>
      <object_component id="oc-44c">
         <name>.debug_info</name>
         <load_address>0x26c4</load_address>
         <run_address>0x26c4</run_address>
         <size>0x142</size>
         <input_file_ref idref="fl-7"/>
      </object_component>
      <object_component id="oc-5bc">
         <name>.debug_info</name>
         <load_address>0x2806</load_address>
         <run_address>0x2806</run_address>
         <size>0x1b3</size>
         <input_file_ref idref="fl-7"/>
      </object_component>
      <object_component id="oc-76d">
         <name>.debug_info</name>
         <load_address>0x29b9</load_address>
         <run_address>0x29b9</run_address>
         <size>0x1b9</size>
         <input_file_ref idref="fl-7"/>
      </object_component>
      <object_component id="oc-508">
         <name>.debug_info</name>
         <load_address>0x2b72</load_address>
         <run_address>0x2b72</run_address>
         <size>0x1be</size>
         <input_file_ref idref="fl-8"/>
      </object_component>
      <object_component id="oc-4c0">
         <name>.debug_info</name>
         <load_address>0x2d30</load_address>
         <run_address>0x2d30</run_address>
         <size>0xf2</size>
         <input_file_ref idref="fl-8"/>
      </object_component>
      <object_component id="oc-45d">
         <name>.debug_info</name>
         <load_address>0x2e22</load_address>
         <run_address>0x2e22</run_address>
         <size>0x14d</size>
         <input_file_ref idref="fl-8"/>
      </object_component>
      <object_component id="oc-513">
         <name>.debug_info</name>
         <load_address>0x2f6f</load_address>
         <run_address>0x2f6f</run_address>
         <size>0x148</size>
         <input_file_ref idref="fl-8"/>
      </object_component>
      <object_component id="oc-537">
         <name>.debug_info</name>
         <load_address>0x30b7</load_address>
         <run_address>0x30b7</run_address>
         <size>0x16e</size>
         <input_file_ref idref="fl-8"/>
      </object_component>
      <object_component id="oc-4b7">
         <name>.debug_info</name>
         <load_address>0x3225</load_address>
         <run_address>0x3225</run_address>
         <size>0x34f</size>
         <input_file_ref idref="fl-9"/>
      </object_component>
      <object_component id="oc-4bc">
         <name>.debug_info</name>
         <load_address>0x3574</load_address>
         <run_address>0x3574</run_address>
         <size>0xfc</size>
         <input_file_ref idref="fl-9"/>
      </object_component>
      <object_component id="oc-457">
         <name>.debug_info</name>
         <load_address>0x3670</load_address>
         <run_address>0x3670</run_address>
         <size>0x147</size>
         <input_file_ref idref="fl-9"/>
      </object_component>
      <object_component id="oc-529">
         <name>.debug_info</name>
         <load_address>0x37b7</load_address>
         <run_address>0x37b7</run_address>
         <size>0x148</size>
         <input_file_ref idref="fl-9"/>
      </object_component>
      <object_component id="oc-5c7">
         <name>.debug_info</name>
         <load_address>0x38ff</load_address>
         <run_address>0x38ff</run_address>
         <size>0x1d8</size>
         <input_file_ref idref="fl-9"/>
      </object_component>
      <object_component id="oc-658">
         <name>.debug_info</name>
         <load_address>0x3ad7</load_address>
         <run_address>0x3ad7</run_address>
         <size>0x17e</size>
         <input_file_ref idref="fl-9"/>
      </object_component>
      <object_component id="oc-64b">
         <name>.debug_info</name>
         <load_address>0x3c55</load_address>
         <run_address>0x3c55</run_address>
         <size>0x154</size>
         <input_file_ref idref="fl-9"/>
      </object_component>
      <object_component id="oc-652">
         <name>.debug_info</name>
         <load_address>0x3da9</load_address>
         <run_address>0x3da9</run_address>
         <size>0x146</size>
         <input_file_ref idref="fl-9"/>
      </object_component>
      <object_component id="oc-5ce">
         <name>.debug_info</name>
         <load_address>0x3eef</load_address>
         <run_address>0x3eef</run_address>
         <size>0x217</size>
         <input_file_ref idref="fl-9"/>
      </object_component>
      <object_component id="oc-450">
         <name>.debug_info</name>
         <load_address>0x4106</load_address>
         <run_address>0x4106</run_address>
         <size>0x151</size>
         <input_file_ref idref="fl-9"/>
      </object_component>
      <object_component id="oc-5d9">
         <name>.debug_info</name>
         <load_address>0x4257</load_address>
         <run_address>0x4257</run_address>
         <size>0x2c6</size>
         <input_file_ref idref="fl-a"/>
      </object_component>
      <object_component id="oc-731">
         <name>.debug_info</name>
         <load_address>0x451d</load_address>
         <run_address>0x451d</run_address>
         <size>0x18f</size>
         <input_file_ref idref="fl-a"/>
      </object_component>
      <object_component id="oc-7a2">
         <name>.debug_info</name>
         <load_address>0x46ac</load_address>
         <run_address>0x46ac</run_address>
         <size>0x1ce</size>
         <input_file_ref idref="fl-a"/>
      </object_component>
      <object_component id="oc-737">
         <name>.debug_info</name>
         <load_address>0x487a</load_address>
         <run_address>0x487a</run_address>
         <size>0x25b</size>
         <input_file_ref idref="fl-a"/>
      </object_component>
      <object_component id="oc-681">
         <name>.debug_info</name>
         <load_address>0x4ad5</load_address>
         <run_address>0x4ad5</run_address>
         <size>0x195</size>
         <input_file_ref idref="fl-a"/>
      </object_component>
      <object_component id="oc-542">
         <name>.debug_info</name>
         <load_address>0x4c6a</load_address>
         <run_address>0x4c6a</run_address>
         <size>0x1ab</size>
         <input_file_ref idref="fl-a"/>
      </object_component>
      <object_component id="oc-664">
         <name>.debug_info</name>
         <load_address>0x4e15</load_address>
         <run_address>0x4e15</run_address>
         <size>0x2c</size>
         <input_file_ref idref="fl-a"/>
      </object_component>
      <object_component id="oc-5c0">
         <name>.debug_info</name>
         <load_address>0x4e41</load_address>
         <run_address>0x4e41</run_address>
         <size>0x29f</size>
         <input_file_ref idref="fl-b"/>
      </object_component>
      <object_component id="oc-5f8">
         <name>.debug_info</name>
         <load_address>0x50e0</load_address>
         <run_address>0x50e0</run_address>
         <size>0x105</size>
         <input_file_ref idref="fl-b"/>
      </object_component>
      <object_component id="oc-602">
         <name>.debug_info</name>
         <load_address>0x51e5</load_address>
         <run_address>0x51e5</run_address>
         <size>0x116</size>
         <input_file_ref idref="fl-b"/>
      </object_component>
      <object_component id="oc-52f">
         <name>.debug_info</name>
         <load_address>0x52fb</load_address>
         <run_address>0x52fb</run_address>
         <size>0x1fe</size>
         <input_file_ref idref="fl-b"/>
      </object_component>
      <object_component id="oc-6d4">
         <name>.debug_info</name>
         <load_address>0x54f9</load_address>
         <run_address>0x54f9</run_address>
         <size>0x1e7</size>
         <input_file_ref idref="fl-b"/>
      </object_component>
      <object_component id="oc-5fc">
         <name>.debug_info</name>
         <load_address>0x56e0</load_address>
         <run_address>0x56e0</run_address>
         <size>0x287</size>
         <input_file_ref idref="fl-b"/>
      </object_component>
      <object_component id="oc-559">
         <name>.debug_info</name>
         <load_address>0x5967</load_address>
         <run_address>0x5967</run_address>
         <size>0x1eb</size>
         <input_file_ref idref="fl-b"/>
      </object_component>
      <object_component id="oc-5f5">
         <name>.debug_info</name>
         <load_address>0x5b52</load_address>
         <run_address>0x5b52</run_address>
         <size>0x4b3</size>
         <input_file_ref idref="fl-c"/>
      </object_component>
      <object_component id="oc-556">
         <name>.debug_info</name>
         <load_address>0x6005</load_address>
         <run_address>0x6005</run_address>
         <size>0x35d</size>
         <input_file_ref idref="fl-c"/>
      </object_component>
      <object_component id="oc-766">
         <name>.debug_info</name>
         <load_address>0x6362</load_address>
         <run_address>0x6362</run_address>
         <size>0x100</size>
         <input_file_ref idref="fl-c"/>
      </object_component>
      <object_component id="oc-762">
         <name>.debug_info</name>
         <load_address>0x6462</load_address>
         <run_address>0x6462</run_address>
         <size>0x102</size>
         <input_file_ref idref="fl-c"/>
      </object_component>
      <object_component id="oc-75e">
         <name>.debug_info</name>
         <load_address>0x6564</load_address>
         <run_address>0x6564</run_address>
         <size>0x104</size>
         <input_file_ref idref="fl-c"/>
      </object_component>
      <object_component id="oc-5db">
         <name>.debug_info</name>
         <load_address>0x6668</load_address>
         <run_address>0x6668</run_address>
         <size>0x10a</size>
         <input_file_ref idref="fl-c"/>
      </object_component>
      <object_component id="oc-6a2">
         <name>.debug_info</name>
         <load_address>0x6772</load_address>
         <run_address>0x6772</run_address>
         <size>0x10a</size>
         <input_file_ref idref="fl-c"/>
      </object_component>
      <object_component id="oc-686">
         <name>.debug_info</name>
         <load_address>0x687c</load_address>
         <run_address>0x687c</run_address>
         <size>0x112</size>
         <input_file_ref idref="fl-c"/>
      </object_component>
      <object_component id="oc-69c">
         <name>.debug_info</name>
         <load_address>0x698e</load_address>
         <run_address>0x698e</run_address>
         <size>0x10c</size>
         <input_file_ref idref="fl-c"/>
      </object_component>
      <object_component id="oc-689">
         <name>.debug_info</name>
         <load_address>0x6a9a</load_address>
         <run_address>0x6a9a</run_address>
         <size>0x116</size>
         <input_file_ref idref="fl-c"/>
[...]
         <name>leds_state</name>
         <value>0x206e</value>
         <object_component_ref idref="oc-601"/>
      </symbol>
      <symbol id="sm-6c9">
         <name>max_light</name>
         <value>0x2074</value>
      </symbol>
      <symbol id="sm-6ca">
         <name>min_light</name>
         <value>0x2078</value>
      </symbol>
      <symbol id="sm-6cb">
         <name>update_mode_display</name>
         <value>0x99fc</value>
         <object_component_ref idref="oc-6c8"/>
      </symbol>
      <symbol id="sm-6cc">
         <name>currentLeftLedColor</name>
         <value>0x201a</value>
         <object_component_ref idref="oc-555"/>
      </symbol>
      <symbol id="sm-6cd">
         <name>menuIndex</name>
         <value>0x2011</value>
         <object_component_ref idref="oc-555"/>
      </symbol>
      <symbol id="sm-6ce">
         <name>current_menu</name>
         <value>0x201c</value>
         <object_component_ref idref="oc-555"/>
      </symbol>
      <symbol id="sm-6cf">
         <name>navigationMode</name>
         <value>0x2016</value>
         <object_component_ref idref="oc-555"/>
      </symbol>
      <symbol id="sm-6d0">
         <name>currentRightLedColor</name>
         <value>0x2019</value>
         <object_component_ref idref="oc-555"/>
      </symbol>
      <symbol id="sm-6d1">
         <name>currentSpeedIndex</name>
         <value>0x2017</value>
         <object_component_ref idref="oc-555"/>
      </symbol>
      <symbol id="sm-6d2">
         <name>update_menu_display</name>
         <value>0x892e</value>
         <object_component_ref idref="oc-5dd"/>
      </symbol>
      <symbol id="sm-6d3">
         <name>mode_menu_items</name>
         <value>0x2020</value>
         <object_component_ref idref="oc-6a1"/>
      </symbol>
      <symbol id="sm-6d4">
         <name>main_menu_items</name>
         <value>0x2034</value>
         <object_component_ref idref="oc-5da"/>
      </symbol>
      <symbol id="sm-6d5">
         <name>update_ldr_calibration_display</name>
         <value>0x9198</value>
         <object_component_ref idref="oc-6b6"/>
      </symbol>
      <symbol id="sm-6d6">
         <name>currentSpeed</name>
         <value>0x2018</value>
         <object_component_ref idref="oc-555"/>
      </symbol>
      <symbol id="sm-6d7">
         <name>go_back_in_menu</name>
         <value>0x93b0</value>
         <object_component_ref idref="oc-5e6"/>
      </symbol>
      <symbol id="sm-6d8">
         <name>settingRightLed</name>
         <value>0x201b</value>
         <object_component_ref idref="oc-555"/>
      </symbol>
      <symbol id="sm-6d9">
         <name>mode_names</name>
         <value>0x202a</value>
         <object_component_ref idref="oc-765"/>
      </symbol>
      <symbol id="sm-6da">
         <name>set_single_led_color</name>
         <value>0x9ed4</value>
         <object_component_ref idref="oc-68c"/>
      </symbol>
      <symbol id="sm-6db">
         <name>currentNavigationMode</name>
         <value>0x2015</value>
         <object_component_ref idref="oc-555"/>
      </symbol>
      <symbol id="sm-6dc">
         <name>color_Names</name>
         <value>0x2000</value>
         <object_component_ref idref="oc-698"/>
      </symbol>
      <symbol id="sm-6dd">
         <name>ledsOn</name>
         <value>0x2014</value>
         <object_component_ref idref="oc-555"/>
      </symbol>
      <symbol id="sm-6de">
         <name>speed_names</name>
         <value>0x2044</value>
         <object_component_ref idref="oc-761"/>
      </symbol>
      <symbol id="sm-6df">
         <name>execute_menu_action</name>
         <value>0x8540</value>
         <object_component_ref idref="oc-5ec"/>
      </symbol>
      <symbol id="sm-6e0">
         <name>led_colors_menu_items</name>
         <value>0x205c</value>
         <object_component_ref idref="oc-688"/>
      </symbol>
      <symbol id="sm-6e1">
         <name>handle_menu</name>
         <value>0x8f5c</value>
         <object_component_ref idref="oc-54f"/>
      </symbol>
      <symbol id="sm-6e2">
         <name>speed_menu_items</name>
         <value>0x203c</value>
         <object_component_ref idref="oc-69b"/>
      </symbol>
      <symbol id="sm-6e3">
         <name>speed_values</name>
         <value>0x82aa</value>
         <object_component_ref idref="oc-75d"/>
      </symbol>
      <symbol id="sm-6e4">
         <name>update_speed_display</name>
         <value>0x9a36</value>
         <object_component_ref idref="oc-6c2"/>
      </symbol>
      <symbol id="sm-6e5">
         <name>calibrate_LDR</name>
         <value>0x9bb2</value>
         <object_component_ref idref="oc-6b0"/>
      </symbol>
      <symbol id="sm-6e6">
         <name>calibrate_ldrs_menu_items</name>
         <value>0x2058</value>
         <object_component_ref idref="oc-69e"/>
      </symbol>
      <symbol id="sm-6e7">
         <name>settings_menu_items</name>
         <value>0x204c</value>
         <object_component_ref idref="oc-685"/>
      </symbol>
      <symbol id="sm-6e8">
         <name>topVisibleIndex</name>
         <value>0x2012</value>
         <object_component_ref idref="oc-555"/>
      </symbol>
      <symbol id="sm-6e9">
         <name>set_robot_speed</name>
         <value>0x9ee4</value>
         <object_component_ref idref="oc-6bc"/>
      </symbol>
      <symbol id="sm-6ea">
         <name>current_menu_length</name>
         <value>0x201e</value>
         <object_component_ref idref="oc-555"/>
      </symbol>
      <symbol id="sm-6eb">
         <name>update_robot_state_display</name>
         <value>0x97d4</value>
         <object_component_ref idref="oc-6a4"/>
      </symbol>
      <symbol id="sm-6ec">
         <name>toggle_all_leds</name>
         <value>0x941c</value>
         <object_component_ref idref="oc-6aa"/>
      </symbol>
      <symbol id="sm-6ed">
         <name>currentMenu</name>
         <value>0x2010</value>
         <object_component_ref idref="oc-555"/>
      </symbol>
      <symbol id="sm-6ee">
         <name>init_menu</name>
         <value>0x9d98</value>
         <object_component_ref idref="oc-546"/>
      </symbol>
      <symbol id="sm-6ef">
         <name>robotRunning</name>
         <value>0x2013</value>
         <object_component_ref idref="oc-555"/>
      </symbol>
      <symbol id="sm-6f0">
         <name>update_single_led_display</name>
         <value>0x9332</value>
         <object_component_ref idref="oc-692"/>
      </symbol>
      <symbol id="sm-6fc">
         <name>read_LDRs</name>
         <value>0x9734</value>
         <object_component_ref idref="oc-55e"/>
      </symbol>
      <symbol id="sm-71d">
         <name>__TI_decompress_lzss</name>
         <value>0x8d8c</value>
         <object_component_ref idref="oc-66"/>
      </symbol>
      <symbol id="sm-72e">
         <name>__TI_decompress_none</name>
         <value>0x994c</value>
         <object_component_ref idref="oc-6c"/>
      </symbol>
      <symbol id="sm-731">
         <name>__TI_int22</name>
         <value>0xffce</value>
         <object_component_ref idref="oc-72"/>
      </symbol>
      <symbol id="sm-739">
         <name>__TI_ISR_TRAP</name>
         <value>0xa062</value>
         <object_component_ref idref="oc-437"/>
      </symbol>
      <symbol id="sm-73c">
         <name>__TI_int24</name>
         <value>0xffd2</value>
         <object_component_ref idref="oc-74"/>
      </symbol>
      <symbol id="sm-73f">
         <name>__TI_int25</name>
         <value>0xffd4</value>
         <object_component_ref idref="oc-75"/>
      </symbol>
      <symbol id="sm-742">
         <name>__TI_int26</name>
         <value>0xffd6</value>
         <object_component_ref idref="oc-76"/>
      </symbol>
      <symbol id="sm-745">
         <name>__TI_int27</name>
         <value>0xffd8</value>
         <object_component_ref idref="oc-77"/>
      </symbol>
      <symbol id="sm-748">
         <name>__TI_int28</name>
         <value>0xffda</value>
         <object_component_ref idref="oc-78"/>
      </symbol>
      <symbol id="sm-74b">
         <name>__TI_int30</name>
         <value>0xffde</value>
         <object_component_ref idref="oc-7a"/>
      </symbol>
      <symbol id="sm-74e">
         <name>__TI_int32</name>
         <value>0xffe2</value>
         <object_component_ref idref="oc-7c"/>
      </symbol>
      <symbol id="sm-751">
         <name>__TI_int34</name>
         <value>0xffe6</value>
         <object_component_ref idref="oc-7e"/>
      </symbol>
      <symbol id="sm-754">
         <name>__TI_int35</name>
         <value>0xffe8</value>
         <object_component_ref idref="oc-7f"/>
      </symbol>
      <symbol id="sm-757">
         <name>__TI_int36</name>
         <value>0xffea</value>
         <object_component_ref idref="oc-80"/>
      </symbol>
      <symbol id="sm-75a">
         <name>__TI_int37</name>
         <value>0xffec</value>
         <object_component_ref idref="oc-81"/>
      </symbol>
      <symbol id="sm-75d">
         <name>__TI_int38</name>
         <value>0xffee</value>
         <object_component_ref idref="oc-82"/>
      </symbol>
      <symbol id="sm-760">
         <name>__TI_int39</name>
         <value>0xfff0</value>
         <object_component_ref idref="oc-83"/>
      </symbol>
      <symbol id="sm-763">
         <name>__TI_int40</name>
         <value>0xfff2</value>
         <object_component_ref idref="oc-84"/>
      </symbol>
      <symbol id="sm-766">
         <name>__TI_int42</name>
         <value>0xfff6</value>
         <object_component_ref idref="oc-86"/>
      </symbol>
      <symbol id="sm-769">
         <name>__TI_int44</name>
         <value>0xfffa</value>
         <object_component_ref idref="oc-88"/>
      </symbol>
      <symbol id="sm-76c">
         <name>__TI_int45</name>
         <value>0xfffc</value>
         <object_component_ref idref="oc-89"/>
      </symbol>
      <symbol id="sm-77c">
         <name>__TI_zero_init_nomemset</name>
         <value>0x9856</value>
         <object_component_ref idref="oc-460"/>
      </symbol>
      <symbol id="sm-787">
         <name>__memcpy_far</name>
         <value>0x9816</value>
         <object_component_ref idref="oc-42b"/>
      </symbol>
      <symbol id="sm-794">
         <name>__mspabi_fixdi</name>
         <value>0x9ce4</value>
         <object_component_ref idref="oc-6e5"/>
      </symbol>
      <symbol id="sm-7a8">
         <name>__mspabi_fixdli</name>
         <value>0x95c2</value>
         <object_component_ref idref="oc-784"/>
      </symbol>
      <symbol id="sm-7b2">
         <name>__mspabi_fltud</name>
         <value>0x9f08</value>
         <object_component_ref idref="oc-6d9"/>
      </symbol>
      <symbol id="sm-7c8">
         <name>__mspabi_fltuld</name>
         <value>0x92b2</value>
         <object_component_ref idref="oc-770"/>
      </symbol>
      <symbol id="sm-7ed">
         <name>__mspabi_mpyd</name>
         <value>0x82ae</value>
         <object_component_ref idref="oc-6df"/>
      </symbol>
      <symbol id="sm-7f8">
         <name>__TI_frcmpyd</name>
         <value>0x87ca</value>
         <object_component_ref idref="oc-777"/>
      </symbol>
      <symbol id="sm-801">
         <name>__mspabi_mpyi_f5hw</name>
         <value>0x9e22</value>
         <object_component_ref idref="oc-711"/>
      </symbol>
      <symbol id="sm-80c">
         <name>__mspabi_mpyll_f5hw</name>
         <value>0x9628</value>
         <object_component_ref idref="oc-7ee"/>
      </symbol>
      <symbol id="sm-815">
         <name>__mspabi_mpyull_f5hw</name>
         <value>0x9c0c</value>
         <object_component_ref idref="oc-7f3"/>
      </symbol>
      <symbol id="sm-81f">
         <name>__mspabi_slll_9</name>
         <value>0x98ac</value>
         <object_component_ref idref="oc-7dc"/>
      </symbol>
      <symbol id="sm-820">
         <name>__mspabi_slll_8</name>
         <value>0x98b0</value>
         <object_component_ref idref="oc-7dc"/>
      </symbol>
      <symbol id="sm-821">
         <name>__mspabi_slll_7</name>
         <value>0x98b4</value>
         <object_component_ref idref="oc-7dc"/>
      </symbol>
      <symbol id="sm-822">
         <name>__mspabi_slll_6</name>
         <value>0x98b8</value>
         <object_component_ref idref="oc-7dc"/>
      </symbol>
      <symbol id="sm-823">
         <name>__mspabi_slll_5</name>
         <value>0x98bc</value>
         <object_component_ref idref="oc-7dc"/>
      </symbol>
      <symbol id="sm-824">
         <name>__mspabi_slll_4</name>
         <value>0x98c0</value>
         <object_component_ref idref="oc-7dc"/>
      </symbol>
      <symbol id="sm-825">
         <name>__mspabi_slll_3</name>
         <value>0x98c4</value>
         <object_component_ref idref="oc-7dc"/>
      </symbol>
      <symbol id="sm-826">
         <name>__mspabi_slll_2</name>
         <value>0x98c8</value>
         <object_component_ref idref="oc-7dc"/>
      </symbol>
      <symbol id="sm-827">
         <name>__mspabi_slll_1</name>
         <value>0x98cc</value>
         <object_component_ref idref="oc-7dc"/>
      </symbol>
      <symbol id="sm-828">
         <name>__mspabi_slll_15</name>
         <value>0x9894</value>
         <object_component_ref idref="oc-7dc"/>
      </symbol>
      <symbol id="sm-829">
         <name>__mspabi_slll_14</name>
         <value>0x9898</value>
         <object_component_ref idref="oc-7dc"/>
      </symbol>
      <symbol id="sm-82a">
         <name>__mspabi_slll_13</name>
         <value>0x989c</value>
         <object_component_ref idref="oc-7dc"/>
      </symbol>
      <symbol id="sm-82b">
         <name>__mspabi_slll_12</name>
         <value>0x98a0</value>
         <object_component_ref idref="oc-7dc"/>
      </symbol>
      <symbol id="sm-82c">
         <name>__mspabi_slll_11</name>
         <value>0x98a4</value>
         <object_component_ref idref="oc-7dc"/>
      </symbol>
      <symbol id="sm-82d">
         <name>__mspabi_slll_10</name>
         <value>0x98a8</value>
         <object_component_ref idref="oc-7dc"/>
      </symbol>
      <symbol id="sm-83a">
         <name>__mspabi_sllll</name>
         <value>0x9988</value>
         <object_component_ref idref="oc-7e8"/>
      </symbol>
      <symbol id="sm-84a">
         <name>__mspabi_srll_8</name>
         <value>0x98ee</value>
         <object_component_ref idref="oc-7e1"/>
      </symbol>
      <symbol id="sm-84b">
         <name>__mspabi_srll_9</name>
         <value>0x98ea</value>
         <object_component_ref idref="oc-7e1"/>
      </symbol>
      <symbol id="sm-84c">
         <name>__mspabi_srll_6</name>
         <value>0x98f6</value>
         <object_component_ref idref="oc-7e1"/>
      </symbol>
      <symbol id="sm-84d">
         <name>__mspabi_srll_7</name>
         <value>0x98f2</value>
         <object_component_ref idref="oc-7e1"/>
      </symbol>
      <symbol id="sm-84e">
         <name>__mspabi_srll_4</name>
         <value>0x98fe</value>
         <object_component_ref idref="oc-7e1"/>
      </symbol>
      <symbol id="sm-84f">
         <name>__mspabi_srll_5</name>
         <value>0x98fa</value>
         <object_component_ref idref="oc-7e1"/>
      </symbol>
      <symbol id="sm-850">
         <name>__mspabi_srll_2</name>
         <value>0x9906</value>
         <object_component_ref idref="oc-7e1"/>
      </symbol>
      <symbol id="sm-851">
         <name>__mspabi_srll_3</name>
         <value>0x9902</value>
         <object_component_ref idref="oc-7e1"/>
      </symbol>
      <symbol id="sm-852">
         <name>__mspabi_srll_1</name>
         <value>0x990a</value>
         <object_component_ref idref="oc-7e1"/>
      </symbol>
      <symbol id="sm-853">
         <name>__mspabi_srll_15</name>
         <value>0x98d2</value>
         <object_component_ref idref="oc-7e1"/>
      </symbol>
      <symbol id="sm-854">
         <name>__mspabi_srll_14</name>
         <value>0x98d6</value>
         <object_component_ref idref="oc-7e1"/>
      </symbol>
      <symbol id="sm-855">
         <name>__mspabi_srll_13</name>
         <value>0x98da</value>
         <object_component_ref idref="oc-7e1"/>
      </symbol>
      <symbol id="sm-856">
         <name>__mspabi_srll_12</name>
         <value>0x98de</value>
         <object_component_ref idref="oc-7e1"/>
      </symbol>
      <symbol id="sm-857">
         <name>__mspabi_srll_11</name>
         <value>0x98e2</value>
         <object_component_ref idref="oc-7e1"/>
      </symbol>
      <symbol id="sm-858">
         <name>__mspabi_srll_10</name>
         <value>0x98e6</value>
         <object_component_ref idref="oc-7e1"/>
      </symbol>
      <symbol id="sm-859">
         <name>__mspabi_srll</name>
         <value>0x9ec4</value>
         <object_component_ref idref="oc-801"/>
      </symbol>
      <symbol id="sm-866">
         <name>__mspabi_srlll</name>
         <value>0x99c2</value>
         <object_component_ref idref="oc-7f8"/>
      </symbol>
      <symbol id="sm-876">
         <name>_c_int00_noargs_mpu</name>
         <value>0xa014</value>
         <object_component_ref idref="oc-48a"/>
      </symbol>
      <symbol id="sm-877">
         <name>_stack</name>
         <value>0x2f60</value>
         <object_component_ref idref="oc-41c"/>
      </symbol>
      <symbol id="sm-878">
         <name>_reset_vector</name>
         <value>0xfffe</value>
         <object_component_ref idref="oc-41f"/>
      </symbol>
      <symbol id="sm-886">
         <name>__mpu_init</name>
         <value>0x9910</value>
         <object_component_ref idref="oc-4e2"/>
      </symbol>
      <symbol id="sm-8a9">
         <name>__TI_auto_init_nobinit_nopinit_hold_wdt</name>
         <value>0x9488</value>
         <object_component_ref idref="oc-58a"/>
      </symbol>
      <symbol id="sm-8b2">
         <name>_system_post_cinit</name>
         <value>0x9f18</value>
         <object_component_ref idref="oc-620"/>
      </symbol>
      <symbol id="sm-8bb">
         <name>_system_pre_init</name>
         <value>0x9f14</value>
         <object_component_ref idref="oc-4ca"/>
      </symbol>
      <symbol id="sm-8c9">
         <name>C$$EXIT</name>
         <value>0x9f0e</value>
         <object_component_ref idref="oc-566"/>
      </symbol>
      <symbol id="sm-8ca">
         <name>abort</name>
         <value>0x9f0e</value>
         <object_component_ref idref="oc-566"/>
      </symbol>
      <symbol id="sm-8db">
         <name>memcpy</name>
         <value>0x9ea0</value>
         <object_component_ref idref="oc-65b"/>
      </symbol>
      <symbol id="sm-8e9">
         <name>memset</name>
         <value>0x9e7a</value>
         <object_component_ref idref="oc-66c"/>
      </symbol>
      <symbol id="sm-915">
         <name>snprintf</name>
         <value>0x9684</value>
         <object_component_ref idref="oc-74a"/>
      </symbol>
      <symbol id="sm-96e">
         <name>__TI_printfi_minimal</name>
         <value>0x8e7a</value>
         <object_component_ref idref="oc-7b5"/>
      </symbol>
      <symbol id="sm-97d">
         <name>__mspabi_remu</name>
         <value>0x9e50</value>
         <object_component_ref idref="oc-840"/>
      </symbol>
      <symbol id="sm-97e">
         <name>__mspabi_divu</name>
         <value>0x9e50</value>
         <object_component_ref idref="oc-840"/>
      </symbol>
      <symbol id="sm-99b">
         <name>memccpy</name>
         <value>0x9d54</value>
         <object_component_ref idref="oc-832"/>
      </symbol>
      <symbol id="sm-9b7">
         <name>sprintf</name>
         <value>0x9ae0</value>
         <object_component_ref idref="oc-756"/>
      </symbol>
      <symbol id="sm-9c5">
         <name>strlen</name>
         <value>0x9ef2</value>
         <object_component_ref idref="oc-672"/>
      </symbol>
      <symbol id="sm-9d5">
         <name>strncpy</name>
         <value>0x9c90</value>
         <object_component_ref idref="oc-678"/>
      </symbol>
   </symbol_table>
   <title>Link successful</title>
</link_info>
