******************************************************************************
                  MSP430 Linker PC v21.6.1                     
******************************************************************************
>> Linked Thu Jun 26 13:30:55 2025

OUTPUT FILE NAME:   <MaqueenLib_proj.out>
ENTRY POINT SYMBOL: "_c_int00_noargs_mpu"  address: 0000b39e


MEMORY CONFIGURATION

         name            origin    length      used     unused   attr    fill
----------------------  --------  ---------  --------  --------  ----  --------
  TINYRAM               00000006   0000001a  00000000  0000001a  RWIX
  BSL0                  00001000   00000800  00000000  00000800  RWIX
  INFO                  00001800   00000200  00000000  00000200  RWIX
  TLVMEM                00001a00   00000200  00000000  00000200  RWIX
  BOOTCODE              00001c00   00000400  00000000  00000400  RWIX
  RAM                   00002000   00001000  00000377  00000c89  RWIX
  FRAM                  00008000   00007f80  000033fa  00004b86  RWIX
  JTAGSIGNATURE         0000ff80   00000004  00000004  00000000  RWIX  ffff 
  BSLSIGNATURE          0000ff84   00000004  00000004  00000000  RWIX  ffff 
  BSLCONFIGURATIONSIGNA 0000ff88   00000002  00000002  00000000  RWIX  ffff 
  BSLCONFIGURATION      0000ff8a   00000002  00000002  00000000  RWIX  ffff 
  BSLI2CADDRESS         0000ffa0   00000002  00000002  00000000  RWIX  ffff 
  INT00                 0000ffa2   00000002  00000000  00000002  RWIX
  INT01                 0000ffa4   00000002  00000000  00000002  RWIX
  INT02                 0000ffa6   00000002  00000000  00000002  RWIX
  INT03                 0000ffa8   00000002  00000000  00000002  RWIX
  INT04                 0000ffaa   00000002  00000000  00000002  RWIX
  INT05                 0000ffac   00000002  00000000  00000002  RWIX
  INT06                 0000ffae   00000002  00000000  00000002  RWIX
  INT07                 0000ffb0   00000002  00000000  00000002  RWIX
  INT08                 0000ffb2   00000002  00000000  00000002  RWIX
  INT09                 0000ffb4   00000002  00000000  00000002  RWIX
  INT10                 0000ffb6   00000002  00000000  00000002  RWIX
  INT11                 0000ffb8   00000002  00000000  00000002  RWIX
  INT12                 0000ffba   00000002  00000000  00000002  RWIX
  INT13                 0000ffbc   00000002  00000000  00000002  RWIX
  INT14                 0000ffbe   00000002  00000000  00000002  RWIX
  INT15                 0000ffc0   00000002  00000000  00000002  RWIX
  INT16                 0000ffc2   00000002  00000000  00000002  RWIX
  INT17                 0000ffc4   00000002  00000000  00000002  RWIX
  INT18                 0000ffc6   00000002  00000000  00000002  RWIX
  INT19                 0000ffc8   00000002  00000000  00000002  RWIX
  INT20                 0000ffca   00000002  00000000  00000002  RWIX
  INT21                 0000ffcc   00000002  00000000  00000002  RWIX
  INT22                 0000ffce   00000002  00000002  00000000  RWIX
  INT23                 0000ffd0   00000002  00000002  00000000  RWIX
  INT24                 0000ffd2   00000002  00000002  00000000  RWIX
  INT25                 0000ffd4   00000002  00000002  00000000  RWIX
  INT26                 0000ffd6   00000002  00000002  00000000  RWIX
  INT27                 0000ffd8   00000002  00000002  00000000  RWIX
  INT28                 0000ffda   00000002  00000002  00000000  RWIX
  INT29                 0000ffdc   00000002  00000002  00000000  RWIX
  INT30                 0000ffde   00000002  00000002  00000000  RWIX
  INT31                 0000ffe0   00000002  00000002  00000000  RWIX
  INT32                 0000ffe2   00000002  00000002  00000000  RWIX
  INT33                 0000ffe4   00000002  00000002  00000000  RWIX
  INT34                 0000ffe6   00000002  00000002  00000000  RWIX
  INT35                 0000ffe8   00000002  00000002  00000000  RWIX
  INT36                 0000ffea   00000002  00000002  00000000  RWIX
  INT37                 0000ffec   00000002  00000002  00000000  RWIX
  INT38                 0000ffee   00000002  00000002  00000000  RWIX
  INT39                 0000fff0   00000002  00000002  00000000  RWIX
  INT40                 0000fff2   00000002  00000002  00000000  RWIX
  INT41                 0000fff4   00000002  00000002  00000000  RWIX
  INT42                 0000fff6   00000002  00000002  00000000  RWIX
  INT43                 0000fff8   00000002  00000002  00000000  RWIX
  INT44                 0000fffa   00000002  00000002  00000000  RWIX
  INT45                 0000fffc   00000002  00000002  00000000  RWIX
  RESET                 0000fffe   00000002  00000002  00000000  RWIX
  ROMLIB                000fac00   00005000  00000000  00005000  RWIX
  BSL1                  000ffc00   00000400  00000000  00000400  RWIX


SECTION ALLOCATION MAP

 output                                  attributes/
section   page    origin      length       input sections
--------  ----  ----------  ----------   ----------------
.TI.persistent 
*          0    00008000    00000000     UNINITIALIZED

.cio       0    00008000    00000000     UNINITIALIZED

.sysmem    0    00008000    00000000     UNINITIALIZED

.cinit     0    00008000    000000e4     
                  00008000    000000c0     (.cinit..data.load) [load image]
                  000080c2    0000000c     (__TI_handler_table)
                  000080ce    00000006     (.cinit..bss.load) [load image, compression = zero_init]
                  000080d4    00000010     (__TI_cinit_table)

.pinit     0    000080e4    00000000     UNINITIALIZED

.binit     0    000080e4    00000000     

.init_array 
*          0    000080e4    00000000     UNINITIALIZED

.mspabi.exidx 
*          0    000080e4    00000000     UNINITIALIZED

.mspabi.extab 
*          0    000080e4    00000000     UNINITIALIZED

.const     0    000080e4    00000608     
                  000080e4    00000364     robot_menu.obj (.const:.string)
                  00008448    00000101     rts430x_lc_sd_eabi.lib : ctype.c.obj (.const:.string:_ctypes_)
                  00008549    00000001     --HOLE-- [fill = 0]
                  0000854a    0000008c     AT.obj (.const:.string)
                  000085d6    0000004a     wifi.obj (.const:.string)
                  00008620    00000026     rts430x_lc_sd_eabi.lib : _printfi.c.obj (.const:.string)
                  00008646    00000014     AT.obj (.const:.string:modo_servidor)
                  0000865a    00000012     AT.obj (.const:.string:modo_AP)
                  0000866c    00000012     AT.obj (.const:.string:modo_Cliente)
                  0000867e    0000000f     AT.obj (.const:.string:estado_conexiones)
                  0000868d    00000001     --HOLE-- [fill = 0]
                  0000868e    0000000e     AT.obj (.const:.string:conectar_AP)
                  0000869c    0000000e     AT.obj (.const:.string:crear_AP)
                  000086aa    0000000e     AT.obj (.const:.string:modo_multi)
                  000086b8    0000000b     AT.obj (.const:.string:local_IP)
                  000086c3    00000001     --HOLE-- [fill = 0]
                  000086c4    00000007     AT.obj (.const:.string:echo_OFF)
                  000086cb    00000001     --HOLE-- [fill = 0]
                  000086cc    00000007     AT.obj (.const:.string:echo_ON)
                  000086d3    00000001     --HOLE-- [fill = 0]
                  000086d4    00000005     AT.obj (.const:.string:Prefijo)
                  000086d9    00000001     --HOLE-- [fill = 0]
                  000086da    00000005     AT.obj (.const:.string:test)
                  000086df    00000001     --HOLE-- [fill = 0]
                  000086e0    00000004     main.obj (.const:.string:$P$T0$1)
                  000086e4    00000004     lcd_control.obj (.const:.string)
                  000086e8    00000004     robot_menu.obj (.const:.string:speed_values)

.text      0    000086ec    00002bb4     
                  000086ec    0000031e     robot_menu.obj (.text:execute_menu_action)
                  00008a0a    00000292     rts430x_lc_sd_eabi.lib : mpyd.c.obj (.text:__mspabi_mpyd)
                  00008c9c    00000228     AT.obj (.text:decodificar_trama)
                  00008ec4    0000019e     robot_control.obj (.text:escape_motors)
                  00009062    0000019e     robot_control.obj (.text:follow_motors)
                  00009200    00000164     rts430x_lc_sd_eabi.lib : frcmpyd.c.obj (.text:__TI_frcmpyd)
                  00009364    0000013a     robot_menu.obj (.text:update_menu_display)
                  0000949e    00000132     AT.obj (.text:init_servidor_esp)
                  000095d0    00000116     lcd_control.obj (.text:display_LCD)
                  000096e6    0000010e     rts430x_lc_sd_eabi.lib : _printfi.c.obj (.text:__TI_printfi_minimal:_setfield___TI_printfi_minimal)
                  000097f4    00000108     main.obj (.text:main)
                  000098fc    00000100     robot_control.obj (.text:linetrack_motors)
                  000099fc    000000f4     wifi.obj (.text:wifi_control)
                  00009af0    000000f0     robot_menu.obj (.text:handle_menu)
                  00009be0    000000ee     rts430x_lc_sd_eabi.lib : copy_decompress_lzss.c.obj (.text:decompress:lzss:__TI_decompress_lzss)
                  00009cce    000000e2                            : _printfi.c.obj (.text:__TI_printfi_minimal:__TI_printfi_minimal)
                  00009db0    000000c4                            : _printfi.c.obj (.text:__TI_printfi_minimal:_pproc_diouxp___TI_printfi_minimal)
                  00009e74    000000b8                            : fs_mpy.asm.obj (.text)
                  00009f2c    000000a6     AT.obj (.text:esperar_configuracion)
                  00009fd2    0000009c     robot_menu.obj (.text:update_ldr_calibration_display)
                  0000a06e    00000098     robot_menu.obj (.text:go_back_in_menu)
                  0000a106    00000096     robot_control.obj (.text:linetrack)
                  0000a19c    0000008a     robot_menu.obj (.text:display_navigation_info)
                  0000a226    00000080     rts430x_lc_sd_eabi.lib : fltuld.c.obj (.text:__mspabi_fltuld)
                  0000a2a6    0000007e     robot_menu.obj (.text:update_single_led_display)
                  0000a324    0000007c     wifi.obj (.text:wifi_init)
                  0000a3a0    00000074     uart.obj (.text:RxPacket)
                  0000a414    0000006c     robot_menu.obj (.text:toggle_all_leds)
                  0000a480    0000006a     rts430x_lc_sd_eabi.lib : autoinit.c.obj (.text:__TI_auto_init_nobinit_nopinit_hold_wdt:__TI_auto_init_nobinit_nopinit_hold_wdt)
                  0000a4ea    00000068     lcd_control.obj (.text:init_LCD)
                  0000a552    00000066     rts430x_lc_sd_eabi.lib : fixdli.c.obj (.text:__mspabi_fixdli)
                  0000a5b8    0000005c                            : mult64_f5hw.asm.obj (.text:__mpyll)
                  0000a614    0000005a     sensor_reading.obj (.text:read_LDRs)
                  0000a66e    0000005a     rts430x_lc_sd_eabi.lib : snprintf.c.obj (.text:snprintf)
                  0000a6c8    00000058     robot_menu.obj (.text:update_about_display)
                  0000a720    00000056     gpio.obj (.text:init_GPIOs)
                  0000a776    00000052     rts430x_lc_sd_eabi.lib : atoi.c.obj (.text:atoi)
                  0000a7c8    0000004e     robot_control.obj (.text:escape_light)
                  0000a816    0000004e     robot_control.obj (.text:follow_light)
                  0000a864    0000004c     timers.obj (.text:delay_ms)
                  0000a8b0    0000004a     AT.obj (.text:pinta_IP)
                  0000a8fa    0000004a     rts430x_lc_sd_eabi.lib : fs_cmp.asm.obj (.text)
                  0000a944    00000044     robot_menu.obj (.text:update_network_display)
                  0000a988    00000042     robot_menu.obj (.text:update_robot_state_display)
                  0000a9ca    00000040     rts430x_lc_sd_eabi.lib : cpy_util.asm.obj (.text:__memcpy_far)
                  0000aa0a    0000003e     AT.obj (.text:comando_ECHO)
                  0000aa48    0000003e     rts430x_lc_sd_eabi.lib : copy_zero_init.c.obj (.text:decompress:ZI:__TI_zero_init_nomemset:__TI_zero_init_nomemset)
                  0000aa86    0000003e                            : lsl32.asm.obj (.text:l_lsl_const)
                  0000aac4    0000003e                            : lsr32.asm.obj (.text:l_lsr_const)
                  0000ab02    0000003e     AT.obj (.text:recibir_wifi)
                  0000ab40    0000003c     FRWP_INIT_LIB_CCS_msp430_large_code_small_data.lib : frwp_init.obj (.text:__mpu_init)
                  0000ab7c    0000003c     rts430x_lc_sd_eabi.lib : copy_decompress_none.c.obj (.text:decompress:none:__TI_decompress_none)
                  0000abb8    0000003a                            : lsl64.c.obj (.text:__mspabi_sllll)
                  0000abf2    0000003a                            : lsr64.c.obj (.text:__mspabi_srlll)
                  0000ac2c    0000003a     robot_menu.obj (.text:update_mode_display)
                  0000ac66    0000003a     robot_menu.obj (.text:update_speed_display)
                  0000aca0    00000038     i2c.obj (.text:I2C_receive)
                  0000acd8    00000038     uart.obj (.text:init_uart_wifi)
                  0000ad10    00000038     AT.obj (.text:pedir_mi_IP)
                  0000ad48    00000038     rts430x_lc_sd_eabi.lib : sprintf.c.obj (.text:sprintf)
                  0000ad80    00000036     clocks.obj (.text:init_clocks)
                  0000adb6    00000036     rts430x_lc_sd_eabi.lib : strstr.c.obj (.text:strstr)
                  0000adec    00000032     uart.obj (.text:TxPacket)
                  0000ae1e    00000032     rts430x_lc_sd_eabi.lib : snprintf.c.obj (.text:_outs)
                  0000ae50    00000032     robot_control.obj (.text:fotodetectors)
                  0000ae82    0000002e     robot_menu.obj (.text:calibrate_LDR)
                  0000aeb0    0000002c     rts430x_lc_sd_eabi.lib : mult3264_f5hw.asm.obj (.text:__mpyull)
                  0000aedc    0000002c     AT.obj (.text:comando_AT)
                  0000af08    0000002c     i2c.obj (.text:init_i2c)
                  0000af34    0000002c     robot_control.obj (.text:motors)
                  0000af60    0000002c     rts430x_lc_sd_eabi.lib : strncpy.c.obj (.text:strncpy)
                  0000af8c    00000028     lcd_control.obj (.text:LCD_set_cursor)
                  0000afb4    00000028     rts430x_lc_sd_eabi.lib : fixdi.c.obj (.text:__mspabi_fixdi)
                  0000afdc    00000028     robot_menu.obj (.text:select_network)
                  0000b004    00000026     i2c.obj (.text:I2C_send)
                  0000b02a    00000026     AT.obj (.text:getConState)
                  0000b050    00000026     robot_menu.obj (.text:init_menu)
                  0000b076    00000024     rts430x_lc_sd_eabi.lib : fs_utof.asm.obj (.text)
                  0000b09a    00000022     lcd_control.obj (.text:clear_LCD)
                  0000b0bc    00000022     AT.obj (.text:getIP)
                  0000b0de    00000022     rts430x_lc_sd_eabi.lib : memccpy.c.obj (.text:memccpy)
                  0000b100    00000022     robot_control.obj (.text:robot_LEDs)
                  0000b122    0000001e     rts430x_lc_sd_eabi.lib : snprintf.c.obj (.text:_outc)
                  0000b140    0000001a     adc.obj (.text:init_adc)
                  0000b15a    0000001a     uart.obj (.text:init_timeout)
                  0000b174    00000018     rts430x_lc_sd_eabi.lib : sprintf.c.obj (.text:_outs)
                  0000b18c    00000018                            : mult16_f5hw.asm.obj (.text)
                  0000b1a4    00000016     uart.obj (.text:TimeOut)
                  0000b1ba    00000016     rts430x_lc_sd_eabi.lib : div16u.asm.obj (.text)
                  0000b1d0    00000014     timers.obj (.text:init_timers)
                  0000b1e4    00000014     rts430x_lc_sd_eabi.lib : memset.c.obj (.text:memset)
                  0000b1f8    00000012                            : sprintf.c.obj (.text:_outc)
                  0000b20a    00000012                            : memcpy.c.obj (.text:memcpy)
                  0000b21c    00000012     lcd_control.obj (.text:update_LCD)
                  0000b22e    00000010     rts430x_lc_sd_eabi.lib : lsr32.asm.obj (.text:l_lsr)
                  0000b23e    00000010     robot_menu.obj (.text:set_single_led_color)
                  0000b24e    00000010     rts430x_lc_sd_eabi.lib : strcpy.c.obj (.text:strcpy)
                  0000b25e    0000000e     robot_menu.obj (.text:set_robot_speed)
                  0000b26c    0000000e     rts430x_lc_sd_eabi.lib : strlen.c.obj (.text:strlen)
                  0000b27a    0000000c     uart.obj (.text:stop_timeout)
                  0000b286    00000008     uart.obj (.text:reset_timeout)
                  0000b28e    00000006     rts430x_lc_sd_eabi.lib : fltud.c.obj (.text:__mspabi_fltud)
                  0000b294    00000006                            : exit.c.obj (.text:abort)
                  0000b29a    00000004                            : pre_init.c.obj (.text:_system_pre_init)
                  0000b29e    00000002                            : startup.c.obj (.text:_system_post_cinit)

.text:_isr 
*          0    0000b2a0    0000015a     
                  0000b2a0    0000008e     i2c.obj (.text:_isr:ISR_USCI_I2C)
                  0000b32e    0000004c     gpio.obj (.text:_isr:readjoystick)
                  0000b37a    00000024     uart.obj (.text:_isr:EUSCIA0_IRQHandler)
                  0000b39e    00000020     rts430x_lc_sd_eabi.lib : boot.c.obj (.text:_isr:_c_int00_noargs_mpu)
                  0000b3be    00000018     adc.obj (.text:_isr:ADC_ISR)
                  0000b3d6    0000000e     timers.obj (.text:_isr:timerB0_0_isr)
                  0000b3e4    0000000e     uart.obj (.text:_isr:timerB1_0_isr)
                  0000b3f2    00000008     rts430x_lc_sd_eabi.lib : isr_trap.asm.obj (.text:_isr:__TI_ISR_TRAP)

.bss       0    00002000    0000021d     UNINITIALIZED
                  00002000    00000204     (.common:wifi_rx)
                  00002204    00000009     (.common:wifi_msg)
                  0000220d    00000001     (.common:Byte_Recibido)
                  0000220e    00000004     (.common:ldr_vals)
                  00002212    00000004     (.common:motors_next)
                  00002216    00000002     (.common:PRxData)
                  00002218    00000002     (.common:PTxData)
                  0000221a    00000001     (.common:DatoLeido_UART)
                  0000221b    00000001     (.common:RXByteCtr)
                  0000221c    00000001     (.common:TXByteCtr)

.data      0    0000221e    000000ba     UNINITIALIZED
                  0000221e    00000013     AT.obj (.data:conexion)
                  00002231    00000001     AT.obj (.data)
                  00002232    00000013     robot_menu.obj (.data:pwd_sta)
                  00002245    00000001     wifi.obj (.data)
                  00002246    00000013     robot_menu.obj (.data)
                  00002259    00000001     --HOLE--
                  0000225a    00000010     robot_menu.obj (.data:color_Names)
                  0000226a    0000000a     robot_menu.obj (.data:main_menu_items)
                  00002274    0000000a     robot_menu.obj (.data:mode_names)
                  0000227e    00000008     robot_menu.obj (.data:settings_menu_items)
                  00002286    00000008     robot_menu.obj (.data:speed_menu_items)
                  0000228e    00000008     robot_menu.obj (.data:speed_names)
                  00002296    00000007     robot_control.obj (.data)
                  0000229d    00000001     --HOLE--
                  0000229e    00000006     robot_menu.obj (.data:pwd_list)
                  000022a4    00000006     robot_menu.obj (.data:ssid_list)
                  000022aa    00000005     gpio.obj (.data)
                  000022af    00000001     --HOLE--
                  000022b0    00000005     robot_menu.obj (.data:ssid_sta)
                  000022b5    00000001     --HOLE--
                  000022b6    00000004     robot_menu.obj (.data:about_items)
                  000022ba    00000004     robot_menu.obj (.data:calibrate_ldrs_menu_items)
                  000022be    00000004     robot_menu.obj (.data:led_colors_menu_items)
                  000022c2    00000004     robot_menu.obj (.data:max_light)
                  000022c6    00000004     robot_menu.obj (.data:min_light)
                  000022ca    00000004     robot_control.obj (.data:motors_prev)
                  000022ce    00000004     timers.obj (.data)
                  000022d2    00000004     uart.obj (.data)
                  000022d6    00000002     adc.obj (.data)

.stack     0    00002f60    000000a0     UNINITIALIZED
                  00002f60    00000002     rts430x_lc_sd_eabi.lib : boot.c.obj (.stack)
                  00002f62    0000009e     --HOLE--

PORT4      0    0000ffce    00000002     
                  0000ffce    00000002     rts430x_lc_sd_eabi.lib : int22.asm.obj (.int22)

PORT3      0    0000ffd0    00000002     
                  0000ffd0    00000002     gpio.obj (.int23)

PORT2      0    0000ffd2    00000002     
                  0000ffd2    00000002     rts430x_lc_sd_eabi.lib : int24.asm.obj (.int24)

PORT1      0    0000ffd4    00000002     
                  0000ffd4    00000002     rts430x_lc_sd_eabi.lib : int25.asm.obj (.int25)

SAC1_SAC3 
*          0    0000ffd6    00000002     
                  0000ffd6    00000002     rts430x_lc_sd_eabi.lib : int26.asm.obj (.int26)

SAC0_SAC2 
*          0    0000ffd8    00000002     
                  0000ffd8    00000002     rts430x_lc_sd_eabi.lib : int27.asm.obj (.int27)

ECOMP0_ECOMP1 
*          0    0000ffda    00000002     
                  0000ffda    00000002     rts430x_lc_sd_eabi.lib : int28.asm.obj (.int28)

ADC        0    0000ffdc    00000002     
                  0000ffdc    00000002     adc.obj (.int29)

EUSCI_B1   0    0000ffde    00000002     
                  0000ffde    00000002     rts430x_lc_sd_eabi.lib : int30.asm.obj (.int30)

EUSCI_B0   0    0000ffe0    00000002     
                  0000ffe0    00000002     i2c.obj (.int31)

EUSCI_A1   0    0000ffe2    00000002     
                  0000ffe2    00000002     rts430x_lc_sd_eabi.lib : int32.asm.obj (.int32)

EUSCI_A0   0    0000ffe4    00000002     
                  0000ffe4    00000002     uart.obj (.int33)

WDT        0    0000ffe6    00000002     
                  0000ffe6    00000002     rts430x_lc_sd_eabi.lib : int34.asm.obj (.int34)

RTC        0    0000ffe8    00000002     
                  0000ffe8    00000002     rts430x_lc_sd_eabi.lib : int35.asm.obj (.int35)

TIMER3_B1 
*          0    0000ffea    00000002     
                  0000ffea    00000002     rts430x_lc_sd_eabi.lib : int36.asm.obj (.int36)

TIMER3_B0 
*          0    0000ffec    00000002     
                  0000ffec    00000002     rts430x_lc_sd_eabi.lib : int37.asm.obj (.int37)

TIMER2_B1 
*          0    0000ffee    00000002     
                  0000ffee    00000002     rts430x_lc_sd_eabi.lib : int38.asm.obj (.int38)

TIMER2_B0 
*          0    0000fff0    00000002     
                  0000fff0    00000002     rts430x_lc_sd_eabi.lib : int39.asm.obj (.int39)

TIMER1_B1 
*          0    0000fff2    00000002     
                  0000fff2    00000002     rts430x_lc_sd_eabi.lib : int40.asm.obj (.int40)

TIMER1_B0 
*          0    0000fff4    00000002     
                  0000fff4    00000002     uart.obj (.int41)

TIMER0_B1 
*          0    0000fff6    00000002     
                  0000fff6    00000002     rts430x_lc_sd_eabi.lib : int42.asm.obj (.int42)

TIMER0_B0 
*          0    0000fff8    00000002     
                  0000fff8    00000002     timers.obj (.int43)

UNMI       0    0000fffa    00000002     
                  0000fffa    00000002     rts430x_lc_sd_eabi.lib : int44.asm.obj (.int44)

SYSNMI     0    0000fffc    00000002     
                  0000fffc    00000002     rts430x_lc_sd_eabi.lib : int45.asm.obj (.int45)

.reset     0    0000fffe    00000002     
                  0000fffe    00000002     rts430x_lc_sd_eabi.lib : boot.c.obj (.reset)

$fill000   0    0000ff80    00000004     
                  0000ff80    00000004     --HOLE-- [fill = ffff]

$fill001   0    0000ff84    00000004     
                  0000ff84    00000004     --HOLE-- [fill = ffff]

$fill002   0    0000ff88    00000002     
                  0000ff88    00000002     --HOLE-- [fill = ffff]

$fill003   0    0000ff8a    00000002     
                  0000ff8a    00000002     --HOLE-- [fill = ffff]

$fill004   0    0000ffa0    00000002     
                  0000ffa0    00000002     --HOLE-- [fill = ffff]

MODULE SUMMARY

       Module                       code    ro data   rw data
       ------                       ----    -------   -------
    .\
       main.obj                     264     4         0      
    +--+----------------------------+-------+---------+---------+
       Total:                       264     4         0      
                                                             
    .\lib\low_level\
       AT.obj                       1394    288       20     
       uart.obj                     340     4         6      
       i2c.obj                      280     2         6      
       gpio.obj                     162     2         5      
       timers.obj                   110     2         4      
       adc.obj                      50      2         2      
       clocks.obj                   54      0         0      
    +--+----------------------------+-------+---------+---------+
       Total:                       2390    300       43     
                                                             
    .\lib\top_level\
       robot_menu.obj               2524    872       135    
       robot_control.obj            1518    0         19     
       wifi.obj                     368     74        526    
       lcd_control.obj              474     4         0      
       sensor_reading.obj           90      0         0      
    +--+----------------------------+-------+---------+---------+
       Total:                       4974    950       680    
                                                             
    C:\ti\ccs1281\ccs\ccs_base\msp430\lib\FR2xx\FRWP_INIT_LIB_CCS_msp430_large_code_small_data.lib
       frwp_init.obj                60      0         0      
    +--+----------------------------+-------+---------+---------+
       Total:                       60      0         0      
                                                             
    C:\ti\ccs1281\ccs\tools\compiler\ti-cgt-msp430_21.6.1.LTS\lib\rts430x_lc_sd_eabi.lib
       _printfi.c.obj               692     38        0      
       mpyd.c.obj                   658     0         0      
       frcmpyd.c.obj                356     0         0      
       ctype.c.obj                  0       257       0      
       copy_decompress_lzss.c.obj   238     0         0      
       fs_mpy.asm.obj               184     0         0      
       snprintf.c.obj               170     0         0      
       fltuld.c.obj                 128     0         0      
       autoinit.c.obj               106     0         0      
       fixdli.c.obj                 102     0         0      
       sprintf.c.obj                98      0         0      
       mult64_f5hw.asm.obj          92      0         0      
       atoi.c.obj                   82      0         0      
       lsr32.asm.obj                78      0         0      
       fs_cmp.asm.obj               74      0         0      
       cpy_util.asm.obj             64      0         0      
       copy_zero_init.c.obj         62      0         0      
       lsl32.asm.obj                62      0         0      
       copy_decompress_none.c.obj   60      0         0      
       lsl64.c.obj                  58      0         0      
       lsr64.c.obj                  58      0         0      
       strstr.c.obj                 54      0         0      
       mult3264_f5hw.asm.obj        44      0         0      
       strncpy.c.obj                44      0         0      
       fixdi.c.obj                  40      0         0      
       fs_utof.asm.obj              36      0         0      
       boot.c.obj                   32      2         0      
       memccpy.c.obj                34      0         0      
       mult16_f5hw.asm.obj          24      0         0      
       div16u.asm.obj               22      0         0      
       memset.c.obj                 20      0         0      
       memcpy.c.obj                 18      0         0      
       strcpy.c.obj                 16      0         0      
       strlen.c.obj                 14      0         0      
       isr_trap.asm.obj             8       0         0      
       exit.c.obj                   6       0         0      
       fltud.c.obj                  6       0         0      
       pre_init.c.obj               4       0         0      
       int22.asm.obj                0       2         0      
       int24.asm.obj                0       2         0      
       int25.asm.obj                0       2         0      
       int26.asm.obj                0       2         0      
       int27.asm.obj                0       2         0      
       int28.asm.obj                0       2         0      
       int30.asm.obj                0       2         0      
       int32.asm.obj                0       2         0      
       int34.asm.obj                0       2         0      
       int35.asm.obj                0       2         0      
       int36.asm.obj                0       2         0      
       int37.asm.obj                0       2         0      
       int38.asm.obj                0       2         0      
       int39.asm.obj                0       2         0      
       int40.asm.obj                0       2         0      
       int42.asm.obj                0       2         0      
       int44.asm.obj                0       2         0      
       int45.asm.obj                0       2         0      
       startup.c.obj                2       0         0      
    +--+----------------------------+-------+---------+---------+
       Total:                       3846    333       0      
                                                             
       Stack:                       0       0         160    
       Linker Generated:            0       226       0      
    +--+----------------------------+-------+---------+---------+
       Grand Total:                 11534   1813      883    


LINKER GENERATED COPY TABLES

__TI_cinit_table @ 000080d4 records: 2, size/record: 8, table size: 16
	.data: load addr=00008000, load size=000000c0 bytes, run addr=0000221e, run size=000000ba bytes, compression=copy
	.bss: load addr=000080ce, load size=00000006 bytes, run addr=00002000, run size=0000021d bytes, compression=zero_init


LINKER GENERATED HANDLER TABLE

__TI_handler_table @ 000080c2 records: 3, size/record: 4, table size: 12
	index: 0, handler: __TI_zero_init
	index: 1, handler: __TI_decompress_lzss
	index: 2, handler: __TI_decompress_none


GLOBAL SYMBOLS: SORTED ALPHABETICALLY BY Name 

address   name                                   
-------   ----                                   
00000700  ADCCTL0                                
00000701  ADCCTL0_H                              
00000700  ADCCTL0_L                              
00000702  ADCCTL1                                
00000703  ADCCTL1_H                              
00000702  ADCCTL1_L                              
00000704  ADCCTL2                                
00000705  ADCCTL2_H                              
00000704  ADCCTL2_L                              
00000708  ADCHI                                  
00000709  ADCHI_H                                
00000708  ADCHI_L                                
0000071a  ADCIE                                  
0000071b  ADCIE_H                                
0000071a  ADCIE_L                                
0000071c  ADCIFG                                 
0000071d  ADCIFG_H                               
0000071c  ADCIFG_L                               
0000071e  ADCIV                                  
0000071f  ADCIV_H                                
0000071e  ADCIV_L                                
00000706  ADCLO                                  
00000707  ADCLO_H                                
00000706  ADCLO_L                                
0000070a  ADCMCTL0                               
0000070b  ADCMCTL0_H                             
0000070a  ADCMCTL0_L                             
00000712  ADCMEM0                                
00000713  ADCMEM0_H                              
00000712  ADCMEM0_L                              
0000b3be  ADC_ISR                                
000022d6  ADC_value                              
00000660  BAKMEM0                                
00000661  BAKMEM0_H                              
00000660  BAKMEM0_L                              
00000662  BAKMEM1                                
00000674  BAKMEM10                               
00000675  BAKMEM10_H                             
00000674  BAKMEM10_L                             
00000676  BAKMEM11                               
00000677  BAKMEM11_H                             
00000676  BAKMEM11_L                             
00000678  BAKMEM12                               
00000679  BAKMEM12_H                             
00000678  BAKMEM12_L                             
0000067a  BAKMEM13                               
0000067b  BAKMEM13_H                             
0000067a  BAKMEM13_L                             
0000067c  BAKMEM14                               
0000067d  BAKMEM14_H                             
0000067c  BAKMEM14_L                             
0000067e  BAKMEM15                               
0000067f  BAKMEM15_H                             
0000067e  BAKMEM15_L                             
00000663  BAKMEM1_H                              
00000662  BAKMEM1_L                              
00000664  BAKMEM2                                
00000665  BAKMEM2_H                              
00000664  BAKMEM2_L                              
00000666  BAKMEM3                                
00000667  BAKMEM3_H                              
00000666  BAKMEM3_L                              
00000668  BAKMEM4                                
00000669  BAKMEM4_H                              
00000668  BAKMEM4_L                              
0000066a  BAKMEM5                                
0000066b  BAKMEM5_H                              
0000066a  BAKMEM5_L                              
0000066c  BAKMEM6                                
0000066d  BAKMEM6_H                              
0000066c  BAKMEM6_L                              
0000066e  BAKMEM7                                
0000066f  BAKMEM7_H                              
0000066e  BAKMEM7_L                              
00000670  BAKMEM8                                
00000671  BAKMEM8_H                              
00000670  BAKMEM8_L                              
00000672  BAKMEM9                                
00000673  BAKMEM9_H                              
00000672  BAKMEM9_L                              
0000220d  Byte_Recibido                          
0000b294  C$$EXIT                                
000002ee  CAPTIOCTL                              
000002ef  CAPTIOCTL_H                            
000002ee  CAPTIOCTL_L                            
000008e0  CP0CTL0                                
000008e1  CP0CTL0_H                              
000008e0  CP0CTL0_L                              
000008e2  CP0CTL1                                
000008e3  CP0CTL1_H                              
000008e2  CP0CTL1_L                              
000008f0  CP0DACCTL                              
000008f1  CP0DACCTL_H                            
000008f0  CP0DACCTL_L                            
000008f2  CP0DACDATA                             
000008f3  CP0DACDATA_H                           
000008f2  CP0DACDATA_L                           
000008e6  CP0INT                                 
000008e7  CP0INT_H                               
000008e6  CP0INT_L                               
000008e8  CP0IV                                  
000008e9  CP0IV_H                                
000008e8  CP0IV_L                                
00000900  CP1CTL0                                
00000901  CP1CTL0_H                              
00000900  CP1CTL0_L                              
00000902  CP1CTL1                                
00000903  CP1CTL1_H                              
00000902  CP1CTL1_L                              
00000910  CP1DACCTL                              
00000911  CP1DACCTL_H                            
00000910  CP1DACCTL_L                            
00000912  CP1DACDATA                             
00000913  CP1DACDATA_H                           
00000912  CP1DACDATA_L                           
00000906  CP1INT                                 
00000907  CP1INT_H                               
00000906  CP1INT_L                               
00000908  CP1IV                                  
00000909  CP1IV_H                                
00000908  CP1IV_L                                
000001c0  CRCDI                                  
000001c2  CRCDIRB                                
000001c3  CRCDIRB_H                              
000001c2  CRCDIRB_L                              
000001c1  CRCDI_H                                
000001c0  CRCDI_L                                
000001c4  CRCINIRES                              
000001c5  CRCINIRES_H                            
000001c4  CRCINIRES_L                            
000001c6  CRCRESR                                
000001c7  CRCRESR_H                              
000001c6  CRCRESR_L                              
00000180  CSCTL0                                 
00000181  CSCTL0_H                               
00000180  CSCTL0_L                               
00000182  CSCTL1                                 
00000183  CSCTL1_H                               
00000182  CSCTL1_L                               
00000184  CSCTL2                                 
00000185  CSCTL2_H                               
00000184  CSCTL2_L                               
00000186  CSCTL3                                 
00000187  CSCTL3_H                               
00000186  CSCTL3_L                               
00000188  CSCTL4                                 
00000189  CSCTL4_H                               
00000188  CSCTL4_L                               
0000018a  CSCTL5                                 
0000018b  CSCTL5_H                               
0000018a  CSCTL5_L                               
0000018c  CSCTL6                                 
0000018d  CSCTL6_H                               
0000018c  CSCTL6_L                               
0000018e  CSCTL7                                 
0000018f  CSCTL7_H                               
0000018e  CSCTL7_L                               
00000190  CSCTL8                                 
00000191  CSCTL8_H                               
00000190  CSCTL8_L                               
0000221a  DatoLeido_UART                         
0000b37a  EUSCIA0_IRQHandler                     
000001a0  FRCTL0                                 
000001a1  FRCTL0_H                               
000001a0  FRCTL0_L                               
000001a4  GCCTL0                                 
000001a5  GCCTL0_H                               
000001a4  GCCTL0_L                               
000001a6  GCCTL1                                 
000001a7  GCCTL1_H                               
000001a6  GCCTL1_L                               
0000aca0  I2C_receive                            
0000b004  I2C_send                               
000006c4  ICCILSR0                               
000006c5  ICCILSR0_H                             
000006c4  ICCILSR0_L                             
000006c6  ICCILSR1                               
000006c7  ICCILSR1_H                             
000006c6  ICCILSR1_L                             
000006c8  ICCILSR2                               
000006c9  ICCILSR2_H                             
000006c8  ICCILSR2_L                             
000006ca  ICCILSR3                               
000006cb  ICCILSR3_H                             
000006ca  ICCILSR3_L                             
000006c2  ICCMVS                                 
000006c3  ICCMVS_H                               
000006c2  ICCMVS_L                               
000006c0  ICCSC                                  
000006c1  ICCSC_H                                
000006c0  ICCSC_L                                
0000b2a0  ISR_USCI_I2C                           
0000af8c  LCD_set_cursor                         
000004c4  MAC                                    
000004da  MAC32H                                 
000004db  MAC32H_H                               
000004da  MAC32H_L                               
000004d8  MAC32L                                 
000004d9  MAC32L_H                               
000004d8  MAC32L_L                               
000004c6  MACS                                   
000004de  MACS32H                                
000004df  MACS32H_H                              
000004de  MACS32H_L                              
000004dc  MACS32L                                
000004dd  MACS32L_H                              
000004dc  MACS32L_L                              
000004c7  MACS_H                                 
000004c6  MACS_L                                 
000004c5  MAC_H                                  
000004c4  MAC_L                                  
000004c0  MPY                                    
000004ec  MPY32CTL0                              
000004ed  MPY32CTL0_H                            
000004ec  MPY32CTL0_L                            
000004d2  MPY32H                                 
000004d3  MPY32H_H                               
000004d2  MPY32H_L                               
000004d0  MPY32L                                 
000004d1  MPY32L_H                               
000004d0  MPY32L_L                               
000004c2  MPYS                                   
000004d6  MPYS32H                                
000004d7  MPYS32H_H                              
000004d6  MPYS32H_L                              
000004d4  MPYS32L                                
000004d5  MPYS32L_H                              
000004d4  MPYS32L_L                              
000004c3  MPYS_H                                 
000004c2  MPYS_L                                 
000004c1  MPY_H                                  
000004c0  MPY_L                                  
000004c8  OP2                                    
000004e2  OP2H                                   
000004e3  OP2H_H                                 
000004e2  OP2H_L                                 
000004e0  OP2L                                   
000004e1  OP2L_H                                 
000004e0  OP2L_L                                 
000004c9  OP2_H                                  
000004c8  OP2_L                                  
00000204  P1DIR                                  
0000021a  P1IE                                   
00000218  P1IES                                  
0000021c  P1IFG                                  
00000200  P1IN                                   
0000020e  P1IV                                   
0000020f  P1IV_H                                 
0000020e  P1IV_L                                 
00000202  P1OUT                                  
00000206  P1REN                                  
0000020a  P1SEL0                                 
0000020c  P1SEL1                                 
00000216  P1SELC                                 
00000205  P2DIR                                  
0000021b  P2IE                                   
00000219  P2IES                                  
0000021d  P2IFG                                  
00000201  P2IN                                   
0000021e  P2IV                                   
0000021f  P2IV_H                                 
0000021e  P2IV_L                                 
00000203  P2OUT                                  
00000207  P2REN                                  
0000020b  P2SEL0                                 
0000020d  P2SEL1                                 
00000217  P2SELC                                 
00000224  P3DIR                                  
0000023a  P3IE                                   
00000238  P3IES                                  
0000023c  P3IFG                                  
00000220  P3IN                                   
0000022e  P3IV                                   
0000022f  P3IV_H                                 
0000022e  P3IV_L                                 
00000222  P3OUT                                  
00000226  P3REN                                  
0000022a  P3SEL0                                 
0000022c  P3SEL1                                 
00000236  P3SELC                                 
00000225  P4DIR                                  
0000023b  P4IE                                   
00000239  P4IES                                  
0000023d  P4IFG                                  
00000221  P4IN                                   
0000023e  P4IV                                   
0000023f  P4IV_H                                 
0000023e  P4IV_L                                 
00000223  P4OUT                                  
00000227  P4REN                                  
0000022b  P4SEL0                                 
0000022d  P4SEL1                                 
00000237  P4SELC                                 
00000244  P5DIR                                  
0000025a  P5IE                                   
00000258  P5IES                                  
0000025c  P5IFG                                  
00000240  P5IN                                   
0000024e  P5IV                                   
0000024f  P5IV_H                                 
0000024e  P5IV_L                                 
00000242  P5OUT                                  
00000246  P5REN                                  
0000024a  P5SEL0                                 
0000024c  P5SEL1                                 
00000256  P5SELC                                 
00000245  P6DIR                                  
0000025b  P6IE                                   
00000259  P6IES                                  
0000025d  P6IFG                                  
00000241  P6IN                                   
0000025e  P6IV                                   
0000025f  P6IV_H                                 
0000025e  P6IV_L                                 
00000243  P6OUT                                  
00000247  P6REN                                  
0000024b  P6SEL0                                 
0000024d  P6SEL1                                 
00000257  P6SELC                                 
00000204  PADIR                                  
00000205  PADIR_H                                
00000204  PADIR_L                                
0000021a  PAIE                                   
00000218  PAIES                                  
00000219  PAIES_H                                
00000218  PAIES_L                                
0000021b  PAIE_H                                 
0000021a  PAIE_L                                 
0000021c  PAIFG                                  
0000021d  PAIFG_H                                
0000021c  PAIFG_L                                
00000200  PAIN                                   
00000201  PAIN_H                                 
00000200  PAIN_L                                 
00000202  PAOUT                                  
00000203  PAOUT_H                                
00000202  PAOUT_L                                
00000206  PAREN                                  
00000207  PAREN_H                                
00000206  PAREN_L                                
0000020a  PASEL0                                 
0000020b  PASEL0_H                               
0000020a  PASEL0_L                               
0000020c  PASEL1                                 
0000020d  PASEL1_H                               
0000020c  PASEL1_L                               
00000216  PASELC                                 
00000217  PASELC_H                               
00000216  PASELC_L                               
00000224  PBDIR                                  
00000225  PBDIR_H                                
00000224  PBDIR_L                                
0000023a  PBIE                                   
00000238  PBIES                                  
00000239  PBIES_H                                
00000238  PBIES_L                                
0000023b  PBIE_H                                 
0000023a  PBIE_L                                 
0000023c  PBIFG                                  
0000023d  PBIFG_H                                
0000023c  PBIFG_L                                
00000220  PBIN                                   
00000221  PBIN_H                                 
00000220  PBIN_L                                 
00000222  PBOUT                                  
00000223  PBOUT_H                                
00000222  PBOUT_L                                
00000226  PBREN                                  
00000227  PBREN_H                                
00000226  PBREN_L                                
0000022a  PBSEL0                                 
0000022b  PBSEL0_H                               
0000022a  PBSEL0_L                               
0000022c  PBSEL1                                 
0000022d  PBSEL1_H                               
0000022c  PBSEL1_L                               
00000236  PBSELC                                 
00000237  PBSELC_H                               
00000236  PBSELC_L                               
00000244  PCDIR                                  
00000245  PCDIR_H                                
00000244  PCDIR_L                                
0000025a  PCIE                                   
00000258  PCIES                                  
00000259  PCIES_H                                
00000258  PCIES_L                                
0000025b  PCIE_H                                 
0000025a  PCIE_L                                 
0000025c  PCIFG                                  
0000025d  PCIFG_H                                
0000025c  PCIFG_L                                
00000240  PCIN                                   
00000241  PCIN_H                                 
00000240  PCIN_L                                 
00000242  PCOUT                                  
00000243  PCOUT_H                                
00000242  PCOUT_L                                
00000246  PCREN                                  
00000247  PCREN_H                                
00000246  PCREN_L                                
0000024a  PCSEL0                                 
0000024b  PCSEL0_H                               
0000024a  PCSEL0_L                               
0000024c  PCSEL1                                 
0000024d  PCSEL1_H                               
0000024c  PCSEL1_L                               
00000256  PCSELC                                 
00000257  PCSELC_H                               
00000256  PCSELC_L                               
00000324  PJDIR                                  
00000325  PJDIR_H                                
00000324  PJDIR_L                                
00000320  PJIN                                   
00000321  PJIN_H                                 
00000320  PJIN_L                                 
00000322  PJOUT                                  
00000323  PJOUT_H                                
00000322  PJOUT_L                                
00000326  PJREN                                  
00000327  PJREN_H                                
00000326  PJREN_L                                
0000032a  PJSEL0                                 
0000032b  PJSEL0_H                               
0000032a  PJSEL0_L                               
0000032c  PJSEL1                                 
0000032d  PJSEL1_H                               
0000032c  PJSEL1_L                               
00000336  PJSELC                                 
00000337  PJSELC_H                               
00000336  PJSELC_L                               
00000130  PM5CTL0                                
00000131  PM5CTL0_H                              
00000130  PM5CTL0_L                              
00000120  PMMCTL0                                
00000121  PMMCTL0_H                              
00000120  PMMCTL0_L                              
00000124  PMMCTL2                                
00000125  PMMCTL2_H                              
00000124  PMMCTL2_L                              
0000012a  PMMIFG                                 
0000012b  PMMIFG_H                               
0000012a  PMMIFG_L                               
00002216  PRxData                                
00002218  PTxData                                
000086d4  Prefijo                                
000004e4  RES0                                   
000004e5  RES0_H                                 
000004e4  RES0_L                                 
000004e6  RES1                                   
000004e7  RES1_H                                 
000004e6  RES1_L                                 
000004e8  RES2                                   
000004e9  RES2_H                                 
000004e8  RES2_L                                 
000004ea  RES3                                   
000004eb  RES3_H                                 
000004ea  RES3_L                                 
000004cc  RESHI                                  
000004cd  RESHI_H                                
000004cc  RESHI_L                                
000004ca  RESLO                                  
000004cb  RESLO_H                                
000004ca  RESLO_L                                
0000030c  RTCCNT                                 
0000030d  RTCCNT_H                               
0000030c  RTCCNT_L                               
00000300  RTCCTL                                 
00000301  RTCCTL_H                               
00000300  RTCCTL_L                               
00000304  RTCIV                                  
00000305  RTCIV_H                                
00000304  RTCIV_L                                
00000308  RTCMOD                                 
00000309  RTCMOD_H                               
00000308  RTCMOD_L                               
0000221b  RXByteCtr                              
0000a3a0  RxPacket                               
00000c84  SAC0DAC                                
00000c88  SAC0DACSTS                             
00000c89  SAC0DACSTS_H                           
00000c88  SAC0DACSTS_L                           
00000c85  SAC0DAC_H                              
00000c84  SAC0DAC_L                              
00000c86  SAC0DAT                                
00000c87  SAC0DAT_H                              
00000c86  SAC0DAT_L                              
00000c8a  SAC0IV                                 
00000c8b  SAC0IV_H                               
00000c8a  SAC0IV_L                               
00000c80  SAC0OA                                 
00000c81  SAC0OA_H                               
00000c80  SAC0OA_L                               
00000c82  SAC0PGA                                
00000c83  SAC0PGA_H                              
00000c82  SAC0PGA_L                              
00000c94  SAC1DAC                                
00000c98  SAC1DACSTS                             
00000c99  SAC1DACSTS_H                           
00000c98  SAC1DACSTS_L                           
00000c95  SAC1DAC_H                              
00000c94  SAC1DAC_L                              
00000c96  SAC1DAT                                
00000c97  SAC1DAT_H                              
00000c96  SAC1DAT_L                              
00000c9a  SAC1IV                                 
00000c9b  SAC1IV_H                               
00000c9a  SAC1IV_L                               
00000c90  SAC1OA                                 
00000c91  SAC1OA_H                               
00000c90  SAC1OA_L                               
00000c92  SAC1PGA                                
00000c93  SAC1PGA_H                              
00000c92  SAC1PGA_L                              
00000ca4  SAC2DAC                                
00000ca8  SAC2DACSTS                             
00000ca9  SAC2DACSTS_H                           
00000ca8  SAC2DACSTS_L                           
00000ca5  SAC2DAC_H                              
00000ca4  SAC2DAC_L                              
00000ca6  SAC2DAT                                
00000ca7  SAC2DAT_H                              
00000ca6  SAC2DAT_L                              
00000caa  SAC2IV                                 
00000cab  SAC2IV_H                               
00000caa  SAC2IV_L                               
00000ca0  SAC2OA                                 
00000ca1  SAC2OA_H                               
00000ca0  SAC2OA_L                               
00000ca2  SAC2PGA                                
00000ca3  SAC2PGA_H                              
00000ca2  SAC2PGA_L                              
00000cb4  SAC3DAC                                
00000cb8  SAC3DACSTS                             
00000cb9  SAC3DACSTS_H                           
00000cb8  SAC3DACSTS_L                           
00000cb5  SAC3DAC_H                              
00000cb4  SAC3DAC_L                              
00000cb6  SAC3DAT                                
00000cb7  SAC3DAT_H                              
00000cb6  SAC3DAT_L                              
00000cba  SAC3IV                                 
00000cbb  SAC3IV_H                               
00000cba  SAC3IV_L                               
00000cb0  SAC3OA                                 
00000cb1  SAC3OA_H                               
00000cb0  SAC3OA_L                               
00000cb2  SAC3PGA                                
00000cb3  SAC3PGA_H                              
00000cb2  SAC3PGA_L                              
00000100  SFRIE1                                 
00000101  SFRIE1_H                               
00000100  SFRIE1_L                               
00000102  SFRIFG1                                
00000103  SFRIFG1_H                              
00000102  SFRIFG1_L                              
00000104  SFRRPCR                                
00000105  SFRRPCR_H                              
00000104  SFRRPCR_L                              
000004ce  SUMEXT                                 
000004cf  SUMEXT_H                               
000004ce  SUMEXT_L                               
00000142  SYSBSLC                                
00000143  SYSBSLC_H                              
00000142  SYSBSLC_L                              
00000160  SYSCFG0                                
00000161  SYSCFG0_H                              
00000160  SYSCFG0_L                              
00000162  SYSCFG1                                
00000163  SYSCFG1_H                              
00000162  SYSCFG1_L                              
00000164  SYSCFG2                                
00000165  SYSCFG2_H                              
00000164  SYSCFG2_L                              
00000140  SYSCTL                                 
00000141  SYSCTL_H                               
00000140  SYSCTL_L                               
00000146  SYSJMBC                                
00000147  SYSJMBC_H                              
00000146  SYSJMBC_L                              
00000148  SYSJMBI0                               
00000149  SYSJMBI0_H                             
00000148  SYSJMBI0_L                             
0000014a  SYSJMBI1                               
0000014b  SYSJMBI1_H                             
0000014a  SYSJMBI1_L                             
0000014c  SYSJMBO0                               
0000014d  SYSJMBO0_H                             
0000014c  SYSJMBO0_L                             
0000014e  SYSJMBO1                               
0000014f  SYSJMBO1_H                             
0000014e  SYSJMBO1_L                             
0000015e  SYSRSTIV                               
0000015f  SYSRSTIV_H                             
0000015e  SYSRSTIV_L                             
0000015c  SYSSNIV                                
0000015d  SYSSNIV_H                              
0000015c  SYSSNIV_L                              
0000015a  SYSUNIV                                
0000015b  SYSUNIV_H                              
0000015a  SYSUNIV_L                              
00000392  TB0CCR0                                
00000393  TB0CCR0_H                              
00000392  TB0CCR0_L                              
00000394  TB0CCR1                                
00000395  TB0CCR1_H                              
00000394  TB0CCR1_L                              
00000396  TB0CCR2                                
00000397  TB0CCR2_H                              
00000396  TB0CCR2_L                              
00000382  TB0CCTL0                               
00000383  TB0CCTL0_H                             
00000382  TB0CCTL0_L                             
00000384  TB0CCTL1                               
00000385  TB0CCTL1_H                             
00000384  TB0CCTL1_L                             
00000386  TB0CCTL2                               
00000387  TB0CCTL2_H                             
00000386  TB0CCTL2_L                             
00000380  TB0CTL                                 
00000381  TB0CTL_H                               
00000380  TB0CTL_L                               
000003a0  TB0EX0                                 
000003a1  TB0EX0_H                               
000003a0  TB0EX0_L                               
000003ae  TB0IV                                  
000003af  TB0IV_H                                
000003ae  TB0IV_L                                
00000390  TB0R                                   
00000391  TB0R_H                                 
00000390  TB0R_L                                 
000003d2  TB1CCR0                                
000003d3  TB1CCR0_H                              
000003d2  TB1CCR0_L                              
000003d4  TB1CCR1                                
000003d5  TB1CCR1_H                              
000003d4  TB1CCR1_L                              
000003d6  TB1CCR2                                
000003d7  TB1CCR2_H                              
000003d6  TB1CCR2_L                              
000003c2  TB1CCTL0                               
000003c3  TB1CCTL0_H                             
000003c2  TB1CCTL0_L                             
000003c4  TB1CCTL1                               
000003c5  TB1CCTL1_H                             
000003c4  TB1CCTL1_L                             
000003c6  TB1CCTL2                               
000003c7  TB1CCTL2_H                             
000003c6  TB1CCTL2_L                             
000003c0  TB1CTL                                 
000003c1  TB1CTL_H                               
000003c0  TB1CTL_L                               
000003e0  TB1EX0                                 
000003e1  TB1EX0_H                               
000003e0  TB1EX0_L                               
000003ee  TB1IV                                  
000003ef  TB1IV_H                                
000003ee  TB1IV_L                                
000003d0  TB1R                                   
000003d1  TB1R_H                                 
000003d0  TB1R_L                                 
00000412  TB2CCR0                                
00000413  TB2CCR0_H                              
00000412  TB2CCR0_L                              
00000414  TB2CCR1                                
00000415  TB2CCR1_H                              
00000414  TB2CCR1_L                              
00000416  TB2CCR2                                
00000417  TB2CCR2_H                              
00000416  TB2CCR2_L                              
00000402  TB2CCTL0                               
00000403  TB2CCTL0_H                             
00000402  TB2CCTL0_L                             
00000404  TB2CCTL1                               
00000405  TB2CCTL1_H                             
00000404  TB2CCTL1_L                             
00000406  TB2CCTL2                               
00000407  TB2CCTL2_H                             
00000406  TB2CCTL2_L                             
00000400  TB2CTL                                 
00000401  TB2CTL_H                               
00000400  TB2CTL_L                               
00000420  TB2EX0                                 
00000421  TB2EX0_H                               
00000420  TB2EX0_L                               
0000042e  TB2IV                                  
0000042f  TB2IV_H                                
0000042e  TB2IV_L                                
00000410  TB2R                                   
00000411  TB2R_H                                 
00000410  TB2R_L                                 
00000452  TB3CCR0                                
00000453  TB3CCR0_H                              
00000452  TB3CCR0_L                              
00000454  TB3CCR1                                
00000455  TB3CCR1_H                              
00000454  TB3CCR1_L                              
00000456  TB3CCR2                                
00000457  TB3CCR2_H                              
00000456  TB3CCR2_L                              
00000458  TB3CCR3                                
00000459  TB3CCR3_H                              
00000458  TB3CCR3_L                              
0000045a  TB3CCR4                                
0000045b  TB3CCR4_H                              
0000045a  TB3CCR4_L                              
0000045c  TB3CCR5                                
0000045d  TB3CCR5_H                              
0000045c  TB3CCR5_L                              
0000045e  TB3CCR6                                
0000045f  TB3CCR6_H                              
0000045e  TB3CCR6_L                              
00000442  TB3CCTL0                               
00000443  TB3CCTL0_H                             
00000442  TB3CCTL0_L                             
00000444  TB3CCTL1                               
00000445  TB3CCTL1_H                             
00000444  TB3CCTL1_L                             
00000446  TB3CCTL2                               
00000447  TB3CCTL2_H                             
00000446  TB3CCTL2_L                             
00000448  TB3CCTL3                               
00000449  TB3CCTL3_H                             
00000448  TB3CCTL3_L                             
0000044a  TB3CCTL4                               
0000044b  TB3CCTL4_H                             
0000044a  TB3CCTL4_L                             
0000044c  TB3CCTL5                               
0000044d  TB3CCTL5_H                             
0000044c  TB3CCTL5_L                             
0000044e  TB3CCTL6                               
0000044f  TB3CCTL6_H                             
0000044e  TB3CCTL6_L                             
00000440  TB3CTL                                 
00000441  TB3CTL_H                               
00000440  TB3CTL_L                               
00000460  TB3EX0                                 
00000461  TB3EX0_H                               
00000460  TB3EX0_L                               
0000046e  TB3IV                                  
0000046f  TB3IV_H                                
0000046e  TB3IV_L                                
00000450  TB3R                                   
00000451  TB3R_H                                 
00000450  TB3R_L                                 
0000221c  TXByteCtr                              
0000b1a4  TimeOut                                
0000adec  TxPacket                               
00000510  UCA0ABCTL                              
00000511  UCA0ABCTL_H                            
00000510  UCA0ABCTL_L                            
00000506  UCA0BRW                                
00000507  UCA0BRW_H                              
00000506  UCA0BRW_L                              
00000500  UCA0CTLW0                              
00000501  UCA0CTLW0_H                            
00000500  UCA0CTLW0_L                            
00000502  UCA0CTLW1                              
00000503  UCA0CTLW1_H                            
00000502  UCA0CTLW1_L                            
0000051a  UCA0IE                                 
0000051b  UCA0IE_H                               
0000051a  UCA0IE_L                               
0000051c  UCA0IFG                                
0000051d  UCA0IFG_H                              
0000051c  UCA0IFG_L                              
00000512  UCA0IRCTL                              
00000513  UCA0IRCTL_H                            
00000512  UCA0IRCTL_L                            
0000051e  UCA0IV                                 
0000051f  UCA0IV_H                               
0000051e  UCA0IV_L                               
00000508  UCA0MCTLW                              
00000509  UCA0MCTLW_H                            
00000508  UCA0MCTLW_L                            
0000050c  UCA0RXBUF                              
0000050d  UCA0RXBUF_H                            
0000050c  UCA0RXBUF_L                            
0000050a  UCA0STATW                              
0000050b  UCA0STATW_H                            
0000050a  UCA0STATW_L                            
0000050e  UCA0TXBUF                              
0000050f  UCA0TXBUF_H                            
0000050e  UCA0TXBUF_L                            
00000590  UCA1ABCTL                              
00000591  UCA1ABCTL_H                            
00000590  UCA1ABCTL_L                            
00000586  UCA1BRW                                
00000587  UCA1BRW_H                              
00000586  UCA1BRW_L                              
00000580  UCA1CTLW0                              
00000581  UCA1CTLW0_H                            
00000580  UCA1CTLW0_L                            
00000582  UCA1CTLW1                              
00000583  UCA1CTLW1_H                            
00000582  UCA1CTLW1_L                            
0000059a  UCA1IE                                 
0000059b  UCA1IE_H                               
0000059a  UCA1IE_L                               
0000059c  UCA1IFG                                
0000059d  UCA1IFG_H                              
0000059c  UCA1IFG_L                              
00000592  UCA1IRCTL                              
00000593  UCA1IRCTL_H                            
00000592  UCA1IRCTL_L                            
0000059e  UCA1IV                                 
0000059f  UCA1IV_H                               
0000059e  UCA1IV_L                               
00000588  UCA1MCTLW                              
00000589  UCA1MCTLW_H                            
00000588  UCA1MCTLW_L                            
0000058c  UCA1RXBUF                              
0000058d  UCA1RXBUF_H                            
0000058c  UCA1RXBUF_L                            
0000058a  UCA1STATW                              
0000058b  UCA1STATW_H                            
0000058a  UCA1STATW_L                            
0000058e  UCA1TXBUF                              
0000058f  UCA1TXBUF_H                            
0000058e  UCA1TXBUF_L                            
0000055e  UCB0ADDMASK                            
0000055f  UCB0ADDMASK_H                          
0000055e  UCB0ADDMASK_L                          
0000055c  UCB0ADDRX                              
0000055d  UCB0ADDRX_H                            
0000055c  UCB0ADDRX_L                            
00000546  UCB0BRW                                
00000547  UCB0BRW_H                              
00000546  UCB0BRW_L                              
00000540  UCB0CTLW0                              
00000541  UCB0CTLW0_H                            
00000540  UCB0CTLW0_L                            
00000542  UCB0CTLW1                              
00000543  UCB0CTLW1_H                            
00000542  UCB0CTLW1_L                            
00000554  UCB0I2COA0                             
00000555  UCB0I2COA0_H                           
00000554  UCB0I2COA0_L                           
00000556  UCB0I2COA1                             
00000557  UCB0I2COA1_H                           
00000556  UCB0I2COA1_L                           
00000558  UCB0I2COA2                             
00000559  UCB0I2COA2_H                           
00000558  UCB0I2COA2_L                           
0000055a  UCB0I2COA3                             
0000055b  UCB0I2COA3_H                           
0000055a  UCB0I2COA3_L                           
00000560  UCB0I2CSA                              
00000561  UCB0I2CSA_H                            
00000560  UCB0I2CSA_L                            
0000056a  UCB0IE                                 
0000056b  UCB0IE_H                               
0000056a  UCB0IE_L                               
0000056c  UCB0IFG                                
0000056d  UCB0IFG_H                              
0000056c  UCB0IFG_L                              
0000056e  UCB0IV                                 
0000056f  UCB0IV_H                               
0000056e  UCB0IV_L                               
0000054c  UCB0RXBUF                              
0000054d  UCB0RXBUF_H                            
0000054c  UCB0RXBUF_L                            
00000548  UCB0STATW                              
00000549  UCB0STATW_H                            
00000548  UCB0STATW_L                            
0000054a  UCB0TBCNT                              
0000054b  UCB0TBCNT_H                            
0000054a  UCB0TBCNT_L                            
0000054e  UCB0TXBUF                              
0000054f  UCB0TXBUF_H                            
0000054e  UCB0TXBUF_L                            
000005de  UCB1ADDMASK                            
000005df  UCB1ADDMASK_H                          
000005de  UCB1ADDMASK_L                          
000005dc  UCB1ADDRX                              
000005dd  UCB1ADDRX_H                            
000005dc  UCB1ADDRX_L                            
000005c6  UCB1BRW                                
000005c7  UCB1BRW_H                              
000005c6  UCB1BRW_L                              
000005c0  UCB1CTLW0                              
000005c1  UCB1CTLW0_H                            
000005c0  UCB1CTLW0_L                            
000005c2  UCB1CTLW1                              
000005c3  UCB1CTLW1_H                            
000005c2  UCB1CTLW1_L                            
000005d4  UCB1I2COA0                             
000005d5  UCB1I2COA0_H                           
000005d4  UCB1I2COA0_L                           
000005d6  UCB1I2COA1                             
000005d7  UCB1I2COA1_H                           
000005d6  UCB1I2COA1_L                           
000005d8  UCB1I2COA2                             
000005d9  UCB1I2COA2_H                           
000005d8  UCB1I2COA2_L                           
000005da  UCB1I2COA3                             
000005db  UCB1I2COA3_H                           
000005da  UCB1I2COA3_L                           
000005e0  UCB1I2CSA                              
000005e1  UCB1I2CSA_H                            
000005e0  UCB1I2CSA_L                            
000005ea  UCB1IE                                 
000005eb  UCB1IE_H                               
000005ea  UCB1IE_L                               
000005ec  UCB1IFG                                
000005ed  UCB1IFG_H                              
000005ec  UCB1IFG_L                              
000005ee  UCB1IV                                 
000005ef  UCB1IV_H                               
000005ee  UCB1IV_L                               
000005cc  UCB1RXBUF                              
000005cd  UCB1RXBUF_H                            
000005cc  UCB1RXBUF_L                            
000005c8  UCB1STATW                              
000005c9  UCB1STATW_H                            
000005c8  UCB1STATW_L                            
000005ca  UCB1TBCNT                              
000005cb  UCB1TBCNT_H                            
000005ca  UCB1TBCNT_L                            
000005ce  UCB1TXBUF                              
000005cf  UCB1TXBUF_H                            
000005ce  UCB1TXBUF_L                            
000001cc  WDTCTL                                 
000001cd  WDTCTL_H                               
000001cc  WDTCTL_L                               
00002231  WiFi_Mode                              
00003000  __STACK_END                            
000000a0  __STACK_SIZE                           
000080d4  __TI_CINIT_Base                        
000080e4  __TI_CINIT_Limit                       
000080e4  __TI_CINIT_Warm                        
000080c2  __TI_Handler_Table_Base                
000080ce  __TI_Handler_Table_Limit               
0000b3f2  __TI_ISR_TRAP                          
0000a480  __TI_auto_init_nobinit_nopinit_hold_wdt
00009be0  __TI_decompress_lzss                   
0000ab7c  __TI_decompress_none                   
00009200  __TI_frcmpyd                           
0000ffce  __TI_int22                             
0000ffd0  __TI_int23                             
0000ffd2  __TI_int24                             
0000ffd4  __TI_int25                             
0000ffd6  __TI_int26                             
0000ffd8  __TI_int27                             
0000ffda  __TI_int28                             
0000ffdc  __TI_int29                             
0000ffde  __TI_int30                             
0000ffe0  __TI_int31                             
0000ffe2  __TI_int32                             
0000ffe4  __TI_int33                             
0000ffe6  __TI_int34                             
0000ffe8  __TI_int35                             
0000ffea  __TI_int36                             
0000ffec  __TI_int37                             
0000ffee  __TI_int38                             
0000fff0  __TI_int39                             
0000fff2  __TI_int40                             
0000fff4  __TI_int41                             
0000fff6  __TI_int42                             
0000fff8  __TI_int43                             
0000fffa  __TI_int44                             
0000fffc  __TI_int45                             
ffffffff  __TI_pprof_out_hndl                    
00009cce  __TI_printfi_minimal                   
ffffffff  __TI_prof_data_size                    
ffffffff  __TI_prof_data_start                   
[...]
000006c0  ICCSC_L                                
000006c1  ICCSC_H                                
000006c2  ICCMVS                                 
000006c2  ICCMVS_L                               
000006c3  ICCMVS_H                               
000006c4  ICCILSR0                               
000006c4  ICCILSR0_L                             
000006c5  ICCILSR0_H                             
000006c6  ICCILSR1                               
000006c6  ICCILSR1_L                             
000006c7  ICCILSR1_H                             
000006c8  ICCILSR2                               
000006c8  ICCILSR2_L                             
000006c9  ICCILSR2_H                             
000006ca  ICCILSR3                               
000006ca  ICCILSR3_L                             
000006cb  ICCILSR3_H                             
00000700  ADCCTL0                                
00000700  ADCCTL0_L                              
00000701  ADCCTL0_H                              
00000702  ADCCTL1                                
00000702  ADCCTL1_L                              
00000703  ADCCTL1_H                              
00000704  ADCCTL2                                
00000704  ADCCTL2_L                              
00000705  ADCCTL2_H                              
00000706  ADCLO                                  
00000706  ADCLO_L                                
00000707  ADCLO_H                                
00000708  ADCHI                                  
00000708  ADCHI_L                                
00000709  ADCHI_H                                
0000070a  ADCMCTL0                               
0000070a  ADCMCTL0_L                             
0000070b  ADCMCTL0_H                             
00000712  ADCMEM0                                
00000712  ADCMEM0_L                              
00000713  ADCMEM0_H                              
0000071a  ADCIE                                  
0000071a  ADCIE_L                                
0000071b  ADCIE_H                                
0000071c  ADCIFG                                 
0000071c  ADCIFG_L                               
0000071d  ADCIFG_H                               
0000071e  ADCIV                                  
0000071e  ADCIV_L                                
0000071f  ADCIV_H                                
000008e0  CP0CTL0                                
000008e0  CP0CTL0_L                              
000008e1  CP0CTL0_H                              
000008e2  CP0CTL1                                
000008e2  CP0CTL1_L                              
000008e3  CP0CTL1_H                              
000008e6  CP0INT                                 
000008e6  CP0INT_L                               
000008e7  CP0INT_H                               
000008e8  CP0IV                                  
000008e8  CP0IV_L                                
000008e9  CP0IV_H                                
000008f0  CP0DACCTL                              
000008f0  CP0DACCTL_L                            
000008f1  CP0DACCTL_H                            
000008f2  CP0DACDATA                             
000008f2  CP0DACDATA_L                           
000008f3  CP0DACDATA_H                           
00000900  CP1CTL0                                
00000900  CP1CTL0_L                              
00000901  CP1CTL0_H                              
00000902  CP1CTL1                                
00000902  CP1CTL1_L                              
00000903  CP1CTL1_H                              
00000906  CP1INT                                 
00000906  CP1INT_L                               
00000907  CP1INT_H                               
00000908  CP1IV                                  
00000908  CP1IV_L                                
00000909  CP1IV_H                                
00000910  CP1DACCTL                              
00000910  CP1DACCTL_L                            
00000911  CP1DACCTL_H                            
00000912  CP1DACDATA                             
00000912  CP1DACDATA_L                           
00000913  CP1DACDATA_H                           
00000c80  SAC0OA                                 
00000c80  SAC0OA_L                               
00000c81  SAC0OA_H                               
00000c82  SAC0PGA                                
00000c82  SAC0PGA_L                              
00000c83  SAC0PGA_H                              
00000c84  SAC0DAC                                
00000c84  SAC0DAC_L                              
00000c85  SAC0DAC_H                              
00000c86  SAC0DAT                                
00000c86  SAC0DAT_L                              
00000c87  SAC0DAT_H                              
00000c88  SAC0DACSTS                             
00000c88  SAC0DACSTS_L                           
00000c89  SAC0DACSTS_H                           
00000c8a  SAC0IV                                 
00000c8a  SAC0IV_L                               
00000c8b  SAC0IV_H                               
00000c90  SAC1OA                                 
00000c90  SAC1OA_L                               
00000c91  SAC1OA_H                               
00000c92  SAC1PGA                                
00000c92  SAC1PGA_L                              
00000c93  SAC1PGA_H                              
00000c94  SAC1DAC                                
00000c94  SAC1DAC_L                              
00000c95  SAC1DAC_H                              
00000c96  SAC1DAT                                
00000c96  SAC1DAT_L                              
00000c97  SAC1DAT_H                              
00000c98  SAC1DACSTS                             
00000c98  SAC1DACSTS_L                           
00000c99  SAC1DACSTS_H                           
00000c9a  SAC1IV                                 
00000c9a  SAC1IV_L                               
00000c9b  SAC1IV_H                               
00000ca0  SAC2OA                                 
00000ca0  SAC2OA_L                               
00000ca1  SAC2OA_H                               
00000ca2  SAC2PGA                                
00000ca2  SAC2PGA_L                              
00000ca3  SAC2PGA_H                              
00000ca4  SAC2DAC                                
00000ca4  SAC2DAC_L                              
00000ca5  SAC2DAC_H                              
00000ca6  SAC2DAT                                
00000ca6  SAC2DAT_L                              
00000ca7  SAC2DAT_H                              
00000ca8  SAC2DACSTS                             
00000ca8  SAC2DACSTS_L                           
00000ca9  SAC2DACSTS_H                           
00000caa  SAC2IV                                 
00000caa  SAC2IV_L                               
00000cab  SAC2IV_H                               
00000cb0  SAC3OA                                 
00000cb0  SAC3OA_L                               
00000cb1  SAC3OA_H                               
00000cb2  SAC3PGA                                
00000cb2  SAC3PGA_L                              
00000cb3  SAC3PGA_H                              
00000cb4  SAC3DAC                                
00000cb4  SAC3DAC_L                              
00000cb5  SAC3DAC_H                              
00000cb6  SAC3DAT                                
00000cb6  SAC3DAT_L                              
00000cb7  SAC3DAT_H                              
00000cb8  SAC3DACSTS                             
00000cb8  SAC3DACSTS_L                           
00000cb9  SAC3DACSTS_H                           
00000cba  SAC3IV                                 
00000cba  SAC3IV_L                               
00000cbb  SAC3IV_H                               
00002000  wifi_rx                                
00002204  wifi_msg                               
0000220d  Byte_Recibido                          
0000220e  ldr_vals                               
00002212  motors_next                            
00002216  PRxData                                
00002218  PTxData                                
0000221a  DatoLeido_UART                         
0000221b  RXByteCtr                              
0000221c  TXByteCtr                              
0000221e  conexion                               
00002231  WiFi_Mode                              
00002232  pwd_sta                                
00002245  _i                                     
00002246  currentMenu                            
00002247  menuIndex                              
00002248  topIndex                               
00002249  robotRunning                           
0000224a  ledsOn                                 
0000224b  wifi_started                           
0000224c  currentNavigationMode                  
0000224d  navigationMode                         
0000224e  currentSpeedIndex                      
0000224f  currentSpeed                           
00002250  currentRightLedColor                   
00002251  currentLeftLedColor                    
00002252  settingRightLed                        
00002256  menuContent                            
00002258  current_menu_length                    
0000225a  color_Names                            
0000226a  main_menu_items                        
00002274  mode_names                             
0000227e  settings_menu_items                    
00002286  speed_menu_items                       
0000228e  speed_names                            
00002296  leds_state                             
00002298  ldr_scale                              
0000229c  i                                      
0000229e  pwd_list                               
000022a4  ssid_list                              
000022aa  joystick_up_pressed                    
000022ab  joystick_down_pressed                  
000022ac  joystick_select_pressed                
000022ad  joystick_left_pressed                  
000022ae  joystick_right_pressed                 
000022b0  ssid_sta                               
000022b6  about_items                            
000022ba  calibrate_ldrs_menu_items              
000022be  led_colors_menu_items                  
000022c2  max_light                              
000022c6  min_light                              
000022ca  motors_prev                            
000022ce  count                                  
000022d2  timer_ticks                            
000022d6  ADC_value                              
00002f60  _stack                                 
00003000  __STACK_END                            
00008000  fram_rw_start                          
00008000  fram_rx_start                          
000080c2  __TI_Handler_Table_Base                
000080ce  __TI_Handler_Table_Limit               
000080d4  __TI_CINIT_Base                        
000080e4  __TI_CINIT_Limit                       
000080e4  __TI_CINIT_Warm                        
00008448  _ctypes_                               
00008646  modo_servidor                          
0000865a  modo_AP                                
0000866c  modo_Cliente                           
0000867e  estado_conexiones                      
0000868e  conectar_AP                            
0000869c  crear_AP                               
000086aa  modo_multi                             
000086b8  local_IP                               
000086c4  echo_OFF                               
000086cc  echo_ON                                
000086d4  Prefijo                                
000086da  test                                   
000086e8  speed_values                           
000086ec  execute_menu_action                    
00008a0a  __mspabi_mpyd                          
00008c9c  decodificar_trama                      
00008ec4  escape_motors                          
00009062  follow_motors                          
00009200  __TI_frcmpyd                           
00009364  update_menu_display                    
0000949e  init_servidor_esp                      
000095d0  display_LCD                            
000097f4  main                                   
000098fc  linetrack_motors                       
000099fc  wifi_control                           
00009af0  handle_menu                            
00009be0  __TI_decompress_lzss                   
00009cce  __TI_printfi_minimal                   
00009e74  __mspabi_mpyf                          
00009f2c  esperar_configuracion                  
00009fd2  update_ldr_calibration_display         
0000a06e  go_back_in_menu                        
0000a106  linetrack                              
0000a19c  display_navigation_info                
0000a226  __mspabi_fltuld                        
0000a2a6  update_single_led_display              
0000a324  wifi_init                              
0000a3a0  RxPacket                               
0000a414  toggle_all_leds                        
0000a480  __TI_auto_init_nobinit_nopinit_hold_wdt
0000a4ea  init_LCD                               
0000a552  __mspabi_fixdli                        
0000a5b8  __mspabi_mpyll_f5hw                    
0000a614  read_LDRs                              
0000a66e  snprintf                               
0000a6c8  update_about_display                   
0000a720  init_GPIOs                             
0000a776  atoi                                   
0000a7c8  escape_light                           
0000a816  follow_light                           
0000a864  delay_ms                               
0000a8b0  pinta_IP                               
0000a8fa  __mspabi_cmpf                          
0000a944  update_network_display                 
0000a988  update_robot_state_display             
0000a9ca  __memcpy_far                           
0000aa0a  comando_ECHO                           
0000aa48  __TI_zero_init_nomemset                
0000aa86  __mspabi_slll_15                       
0000aa8a  __mspabi_slll_14                       
0000aa8e  __mspabi_slll_13                       
0000aa92  __mspabi_slll_12                       
0000aa96  __mspabi_slll_11                       
0000aa9a  __mspabi_slll_10                       
0000aa9e  __mspabi_slll_9                        
0000aaa2  __mspabi_slll_8                        
0000aaa6  __mspabi_slll_7                        
0000aaaa  __mspabi_slll_6                        
0000aaae  __mspabi_slll_5                        
0000aab2  __mspabi_slll_4                        
0000aab6  __mspabi_slll_3                        
0000aaba  __mspabi_slll_2                        
0000aabe  __mspabi_slll_1                        
0000aac4  __mspabi_srll_15                       
0000aac8  __mspabi_srll_14                       
0000aacc  __mspabi_srll_13                       
0000aad0  __mspabi_srll_12                       
0000aad4  __mspabi_srll_11                       
0000aad8  __mspabi_srll_10                       
0000aadc  __mspabi_srll_9                        
0000aae0  __mspabi_srll_8                        
0000aae4  __mspabi_srll_7                        
0000aae8  __mspabi_srll_6                        
0000aaec  __mspabi_srll_5                        
0000aaf0  __mspabi_srll_4                        
0000aaf4  __mspabi_srll_3                        
0000aaf8  __mspabi_srll_2                        
0000aafc  __mspabi_srll_1                        
0000ab02  recibir_wifi                           
0000ab40  __mpu_init                             
0000ab7c  __TI_decompress_none                   
0000abb8  __mspabi_sllll                         
0000abf2  __mspabi_srlll                         
0000ac2c  update_mode_display                    
0000ac66  update_speed_display                   
0000aca0  I2C_receive                            
0000acd8  init_uart_wifi                         
0000ad10  pedir_mi_IP                            
0000ad48  sprintf                                
0000ad80  init_clocks                            
0000adb6  strstr                                 
0000adec  TxPacket                               
0000ae50  fotodetectors                          
0000ae82  calibrate_LDR                          
0000aeb0  __mspabi_mpyull_f5hw                   
0000aedc  comando_AT                             
0000af08  init_i2c                               
0000af34  motors                                 
0000af60  strncpy                                
0000af8c  LCD_set_cursor                         
0000afb4  __mspabi_fixdi                         
0000afdc  select_network                         
0000b004  I2C_send                               
0000b02a  getConState                            
0000b050  init_menu                              
0000b076  __mspabi_fltuf                         
0000b09a  clear_LCD                              
0000b0bc  getIP                                  
0000b0de  memccpy                                
0000b100  robot_LEDs                             
0000b140  init_adc                               
0000b15a  init_timeout                           
0000b18c  __mspabi_mpyi_f5hw                     
0000b1a4  TimeOut                                
0000b1ba  __mspabi_divu                          
0000b1ba  __mspabi_remu                          
0000b1d0  init_timers                            
0000b1e4  memset                                 
0000b20a  memcpy                                 
0000b21c  update_LCD                             
0000b22e  __mspabi_srll                          
0000b23e  set_single_led_color                   
0000b24e  strcpy                                 
0000b25e  set_robot_speed                        
0000b26c  strlen                                 
0000b27a  stop_timeout                           
0000b286  reset_timeout                          
0000b28e  __mspabi_fltud                         
0000b294  C$$EXIT                                
0000b294  abort                                  
0000b29a  _system_pre_init                       
0000b29e  _system_post_cinit                     
0000b2a0  ISR_USCI_I2C                           
0000b32e  readjoystick                           
0000b37a  EUSCIA0_IRQHandler                     
0000b39e  _c_int00_noargs_mpu                    
0000b3be  ADC_ISR                                
0000b3d6  timerB0_0_isr                          
0000b3e4  timerB1_0_isr                          
0000b3f2  __TI_ISR_TRAP                          
0000ffce  __TI_int22                             
0000ffd0  __TI_int23                             
0000ffd2  __TI_int24                             
0000ffd4  __TI_int25                             
0000ffd6  __TI_int26                             
0000ffd8  __TI_int27                             
0000ffda  __TI_int28                             
0000ffdc  __TI_int29                             
0000ffde  __TI_int30                             
0000ffe0  __TI_int31                             
0000ffe2  __TI_int32                             
0000ffe4  __TI_int33                             
0000ffe6  __TI_int34                             
0000ffe8  __TI_int35                             
0000ffea  __TI_int36                             
0000ffec  __TI_int37                             
0000ffee  __TI_int38                             
0000fff0  __TI_int39                             
0000fff2  __TI_int40                             
0000fff4  __TI_int41                             
0000fff6  __TI_int42                             
0000fff8  __TI_int43                             
0000fffa  __TI_int44                             
0000fffc  __TI_int45                             
0000fffe  _reset_vector                          
ffffffff  __TI_pprof_out_hndl                    
ffffffff  __TI_prof_data_size                    
ffffffff  __TI_prof_data_start                   
ffffffff  __c_args__                             

[1155 symbols]
