<?xml version="1.0" encoding="ISO-8859-1" ?>
<link_info>
   <banner>MSP430 Linker PC v21.6.1.LTS</banner>
   <copyright>Copyright (c) 2003-2018 Texas Instruments Incorporated</copyright>
   <link_time>0x685e989e</link_time>
   <link_errors>0x0</link_errors>
   <output_file>MaqueenLib_proj.out</output_file>
   <entry_point>
      <name>_c_int00_noargs_mpu</name>
      <address>0xb4f0</address>
   </entry_point>
   <input_file_list>
      <input_file id="fl-2">
         <path>.\</path>
         <kind>object</kind>
         <file>main.obj</file>
         <name>main.obj</name>
      </input_file>
      <input_file id="fl-3">
         <path>.\lib\low_level\</path>
         <kind>object</kind>
         <file>AT.obj</file>
         <name>AT.obj</name>
      </input_file>
      <input_file id="fl-4">
         <path>.\lib\low_level\</path>
         <kind>object</kind>
         <file>adc.obj</file>
         <name>adc.obj</name>
      </input_file>
      <input_file id="fl-5">
         <path>.\lib\low_level\</path>
         <kind>object</kind>
         <file>clocks.obj</file>
         <name>clocks.obj</name>
      </input_file>
      <input_file id="fl-6">
         <path>.\lib\low_level\</path>
         <kind>object</kind>
         <file>gpio.obj</file>
         <name>gpio.obj</name>
      </input_file>
      <input_file id="fl-7">
         <path>.\lib\low_level\</path>
         <kind>object</kind>
         <file>i2c.obj</file>
         <name>i2c.obj</name>
      </input_file>
      <input_file id="fl-8">
         <path>.\lib\low_level\</path>
         <kind>object</kind>
         <file>timers.obj</file>
         <name>timers.obj</name>
      </input_file>
      <input_file id="fl-9">
         <path>.\lib\low_level\</path>
         <kind>object</kind>
         <file>uart.obj</file>
         <name>uart.obj</name>
      </input_file>
      <input_file id="fl-a">
         <path>.\lib\top_level\</path>
         <kind>object</kind>
         <file>buzzer.obj</file>
         <name>buzzer.obj</name>
      </input_file>
      <input_file id="fl-b">
         <path>.\lib\top_level\</path>
         <kind>object</kind>
         <file>lcd_control.obj</file>
         <name>lcd_control.obj</name>
      </input_file>
      <input_file id="fl-c">
         <path>.\lib\top_level\</path>
         <kind>object</kind>
         <file>robot_control.obj</file>
         <name>robot_control.obj</name>
      </input_file>
      <input_file id="fl-d">
         <path>.\lib\top_level\</path>
         <kind>object</kind>
         <file>robot_menu.obj</file>
         <name>robot_menu.obj</name>
      </input_file>
      <input_file id="fl-e">
         <path>.\lib\top_level\</path>
         <kind>object</kind>
         <file>sensor_reading.obj</file>
         <name>sensor_reading.obj</name>
      </input_file>
      <input_file id="fl-f">
         <path>.\lib\top_level\</path>
         <kind>object</kind>
         <file>wifi.obj</file>
         <name>wifi.obj</name>
      </input_file>
      <input_file id="fl-15">
         <kind>object</kind>
         <file>&lt;internal&gt;</file>
         <name>&lt;internal&gt;</name>
      </input_file>
      <input_file id="fl-30">
         <path>C:\ti\ccs1281\ccs\tools\compiler\ti-cgt-msp430_21.6.1.LTS\lib\</path>
         <kind>archive</kind>
         <file>rts430x_lc_sd_eabi.lib</file>
         <name>copy_decompress_lzss.c.obj</name>
      </input_file>
      <input_file id="fl-31">
         <path>C:\ti\ccs1281\ccs\tools\compiler\ti-cgt-msp430_21.6.1.LTS\lib\</path>
         <kind>archive</kind>
         <file>rts430x_lc_sd_eabi.lib</file>
         <name>copy_decompress_none.c.obj</name>
      </input_file>
      <input_file id="fl-32">
         <path>C:\ti\ccs1281\ccs\tools\compiler\ti-cgt-msp430_21.6.1.LTS\lib\</path>
         <kind>archive</kind>
         <file>rts430x_lc_sd_eabi.lib</file>
         <name>int22.asm.obj</name>
      </input_file>
      <input_file id="fl-33">
         <path>C:\ti\ccs1281\ccs\tools\compiler\ti-cgt-msp430_21.6.1.LTS\lib\</path>
         <kind>archive</kind>
         <file>rts430x_lc_sd_eabi.lib</file>
         <name>isr_trap.asm.obj</name>
      </input_file>
      <input_file id="fl-34">
         <path>C:\ti\ccs1281\ccs\tools\compiler\ti-cgt-msp430_21.6.1.LTS\lib\</path>
         <kind>archive</kind>
         <file>rts430x_lc_sd_eabi.lib</file>
         <name>int24.asm.obj</name>
      </input_file>
      <input_file id="fl-35">
         <path>C:\ti\ccs1281\ccs\tools\compiler\ti-cgt-msp430_21.6.1.LTS\lib\</path>
         <kind>archive</kind>
         <file>rts430x_lc_sd_eabi.lib</file>
         <name>int25.asm.obj</name>
      </input_file>
      <input_file id="fl-36">
         <path>C:\ti\ccs1281\ccs\tools\compiler\ti-cgt-msp430_21.6.1.LTS\lib\</path>
         <kind>archive</kind>
         <file>rts430x_lc_sd_eabi.lib</file>
         <name>int26.asm.obj</name>
      </input_file>
      <input_file id="fl-37">
         <path>C:\ti\ccs1281\ccs\tools\compiler\ti-cgt-msp430_21.6.1.LTS\lib\</path>
         <kind>archive</kind>
         <file>rts430x_lc_sd_eabi.lib</file>
         <name>int27.asm.obj</name>
      </input_file>
      <input_file id="fl-38">
         <path>C:\ti\ccs1281\ccs\tools\compiler\ti-cgt-msp430_21.6.1.LTS\lib\</path>
         <kind>archive</kind>
         <file>rts430x_lc_sd_eabi.lib</file>
         <name>int28.asm.obj</name>
      </input_file>
      <input_file id="fl-39">
         <path>C:\ti\ccs1281\ccs\tools\compiler\ti-cgt-msp430_21.6.1.LTS\lib\</path>
         <kind>archive</kind>
         <file>rts430x_lc_sd_eabi.lib</file>
         <name>int30.asm.obj</name>
      </input_file>
      <input_file id="fl-3a">
         <path>C:\ti\ccs1281\ccs\tools\compiler\ti-cgt-msp430_21.6.1.LTS\lib\</path>
         <kind>archive</kind>
         <file>rts430x_lc_sd_eabi.lib</file>
         <name>int32.asm.obj</name>
      </input_file>
      <input_file id="fl-3b">
         <path>C:\ti\ccs1281\ccs\tools\compiler\ti-cgt-msp430_21.6.1.LTS\lib\</path>
         <kind>archive</kind>
         <file>rts430x_lc_sd_eabi.lib</file>
         <name>int34.asm.obj</name>
      </input_file>
      <input_file id="fl-3c">
         <path>C:\ti\ccs1281\ccs\tools\compiler\ti-cgt-msp430_21.6.1.LTS\lib\</path>
         <kind>archive</kind>
         <file>rts430x_lc_sd_eabi.lib</file>
         <name>int35.asm.obj</name>
      </input_file>
      <input_file id="fl-3d">
         <path>C:\ti\ccs1281\ccs\tools\compiler\ti-cgt-msp430_21.6.1.LTS\lib\</path>
         <kind>archive</kind>
         <file>rts430x_lc_sd_eabi.lib</file>
         <name>int36.asm.obj</name>
      </input_file>
      <input_file id="fl-3e">
         <path>C:\ti\ccs1281\ccs\tools\compiler\ti-cgt-msp430_21.6.1.LTS\lib\</path>
         <kind>archive</kind>
         <file>rts430x_lc_sd_eabi.lib</file>
         <name>int37.asm.obj</name>
      </input_file>
      <input_file id="fl-3f">
         <path>C:\ti\ccs1281\ccs\tools\compiler\ti-cgt-msp430_21.6.1.LTS\lib\</path>
         <kind>archive</kind>
         <file>rts430x_lc_sd_eabi.lib</file>
         <name>int38.asm.obj</name>
      </input_file>
      <input_file id="fl-40">
         <path>C:\ti\ccs1281\ccs\tools\compiler\ti-cgt-msp430_21.6.1.LTS\lib\</path>
         <kind>archive</kind>
         <file>rts430x_lc_sd_eabi.lib</file>
         <name>int40.asm.obj</name>
      </input_file>
      <input_file id="fl-41">
         <path>C:\ti\ccs1281\ccs\tools\compiler\ti-cgt-msp430_21.6.1.LTS\lib\</path>
         <kind>archive</kind>
         <file>rts430x_lc_sd_eabi.lib</file>
         <name>int42.asm.obj</name>
      </input_file>
      <input_file id="fl-42">
         <path>C:\ti\ccs1281\ccs\tools\compiler\ti-cgt-msp430_21.6.1.LTS\lib\</path>
         <kind>archive</kind>
         <file>rts430x_lc_sd_eabi.lib</file>
         <name>int44.asm.obj</name>
      </input_file>
      <input_file id="fl-43">
         <path>C:\ti\ccs1281\ccs\tools\compiler\ti-cgt-msp430_21.6.1.LTS\lib\</path>
         <kind>archive</kind>
         <file>rts430x_lc_sd_eabi.lib</file>
         <name>int45.asm.obj</name>
      </input_file>
      <input_file id="fl-44">
         <path>C:\ti\ccs1281\ccs\tools\compiler\ti-cgt-msp430_21.6.1.LTS\lib\</path>
         <kind>archive</kind>
         <file>rts430x_lc_sd_eabi.lib</file>
         <name>copy_zero_init.c.obj</name>
      </input_file>
      <input_file id="fl-45">
         <path>C:\ti\ccs1281\ccs\tools\compiler\ti-cgt-msp430_21.6.1.LTS\lib\</path>
         <kind>archive</kind>
         <file>rts430x_lc_sd_eabi.lib</file>
         <name>cpy_util.asm.obj</name>
      </input_file>
      <input_file id="fl-46">
         <path>C:\ti\ccs1281\ccs\tools\compiler\ti-cgt-msp430_21.6.1.LTS\lib\</path>
         <kind>archive</kind>
         <file>rts430x_lc_sd_eabi.lib</file>
         <name>fs_cmp.asm.obj</name>
      </input_file>
      <input_file id="fl-47">
         <path>C:\ti\ccs1281\ccs\tools\compiler\ti-cgt-msp430_21.6.1.LTS\lib\</path>
         <kind>archive</kind>
         <file>rts430x_lc_sd_eabi.lib</file>
         <name>fixdi.c.obj</name>
      </input_file>
      <input_file id="fl-48">
         <path>C:\ti\ccs1281\ccs\tools\compiler\ti-cgt-msp430_21.6.1.LTS\lib\</path>
         <kind>archive</kind>
         <file>rts430x_lc_sd_eabi.lib</file>
         <name>fixdli.c.obj</name>
      </input_file>
      <input_file id="fl-49">
         <path>C:\ti\ccs1281\ccs\tools\compiler\ti-cgt-msp430_21.6.1.LTS\lib\</path>
         <kind>archive</kind>
         <file>rts430x_lc_sd_eabi.lib</file>
         <name>fltud.c.obj</name>
      </input_file>
      <input_file id="fl-4a">
         <path>C:\ti\ccs1281\ccs\tools\compiler\ti-cgt-msp430_21.6.1.LTS\lib\</path>
         <kind>archive</kind>
         <file>rts430x_lc_sd_eabi.lib</file>
         <name>fs_utof.asm.obj</name>
      </input_file>
      <input_file id="fl-4b">
         <path>C:\ti\ccs1281\ccs\tools\compiler\ti-cgt-msp430_21.6.1.LTS\lib\</path>
         <kind>archive</kind>
         <file>rts430x_lc_sd_eabi.lib</file>
         <name>fltuld.c.obj</name>
      </input_file>
      <input_file id="fl-4c">
         <path>C:\ti\ccs1281\ccs\tools\compiler\ti-cgt-msp430_21.6.1.LTS\lib\</path>
         <kind>archive</kind>
         <file>rts430x_lc_sd_eabi.lib</file>
         <name>mpyd.c.obj</name>
      </input_file>
      <input_file id="fl-4d">
         <path>C:\ti\ccs1281\ccs\tools\compiler\ti-cgt-msp430_21.6.1.LTS\lib\</path>
         <kind>archive</kind>
         <file>rts430x_lc_sd_eabi.lib</file>
         <name>frcmpyd.c.obj</name>
      </input_file>
      <input_file id="fl-4e">
         <path>C:\ti\ccs1281\ccs\tools\compiler\ti-cgt-msp430_21.6.1.LTS\lib\</path>
         <kind>archive</kind>
         <file>rts430x_lc_sd_eabi.lib</file>
         <name>fs_mpy.asm.obj</name>
      </input_file>
      <input_file id="fl-4f">
         <path>C:\ti\ccs1281\ccs\tools\compiler\ti-cgt-msp430_21.6.1.LTS\lib\</path>
         <kind>archive</kind>
         <file>rts430x_lc_sd_eabi.lib</file>
         <name>mult16_f5hw.asm.obj</name>
      </input_file>
      <input_file id="fl-50">
         <path>C:\ti\ccs1281\ccs\tools\compiler\ti-cgt-msp430_21.6.1.LTS\lib\</path>
         <kind>archive</kind>
         <file>rts430x_lc_sd_eabi.lib</file>
         <name>mult32_f5hw.asm.obj</name>
      </input_file>
      <input_file id="fl-51">
         <path>C:\ti\ccs1281\ccs\tools\compiler\ti-cgt-msp430_21.6.1.LTS\lib\</path>
         <kind>archive</kind>
         <file>rts430x_lc_sd_eabi.lib</file>
         <name>mult64.asm.obj</name>
      </input_file>
      <input_file id="fl-52">
         <path>C:\ti\ccs1281\ccs\tools\compiler\ti-cgt-msp430_21.6.1.LTS\lib\</path>
         <kind>archive</kind>
         <file>rts430x_lc_sd_eabi.lib</file>
         <name>mult32.asm.obj</name>
      </input_file>
      <input_file id="fl-53">
         <path>C:\ti\ccs1281\ccs\tools\compiler\ti-cgt-msp430_21.6.1.LTS\lib\</path>
         <kind>archive</kind>
         <file>rts430x_lc_sd_eabi.lib</file>
         <name>mult64_f5hw.asm.obj</name>
      </input_file>
      <input_file id="fl-54">
         <path>C:\ti\ccs1281\ccs\tools\compiler\ti-cgt-msp430_21.6.1.LTS\lib\</path>
         <kind>archive</kind>
         <file>rts430x_lc_sd_eabi.lib</file>
         <name>mult1632_f5hw.asm.obj</name>
      </input_file>
      <input_file id="fl-55">
         <path>C:\ti\ccs1281\ccs\tools\compiler\ti-cgt-msp430_21.6.1.LTS\lib\</path>
         <kind>archive</kind>
         <file>rts430x_lc_sd_eabi.lib</file>
         <name>mult3264_f5hw.asm.obj</name>
      </input_file>
      <input_file id="fl-56">
         <path>C:\ti\ccs1281\ccs\tools\compiler\ti-cgt-msp430_21.6.1.LTS\lib\</path>
         <kind>archive</kind>
         <file>rts430x_lc_sd_eabi.lib</file>
         <name>mult1632.asm.obj</name>
      </input_file>
      <input_file id="fl-57">
         <path>C:\ti\ccs1281\ccs\tools\compiler\ti-cgt-msp430_21.6.1.LTS\lib\</path>
         <kind>archive</kind>
         <file>rts430x_lc_sd_eabi.lib</file>
         <name>mult3264.asm.obj</name>
      </input_file>
      <input_file id="fl-58">
         <path>C:\ti\ccs1281\ccs\tools\compiler\ti-cgt-msp430_21.6.1.LTS\lib\</path>
         <kind>archive</kind>
         <file>rts430x_lc_sd_eabi.lib</file>
         <name>lsl32.asm.obj</name>
      </input_file>
      <input_file id="fl-59">
         <path>C:\ti\ccs1281\ccs\tools\compiler\ti-cgt-msp430_21.6.1.LTS\lib\</path>
         <kind>archive</kind>
         <file>rts430x_lc_sd_eabi.lib</file>
         <name>lsl64.c.obj</name>
      </input_file>
      <input_file id="fl-5a">
         <path>C:\ti\ccs1281\ccs\tools\compiler\ti-cgt-msp430_21.6.1.LTS\lib\</path>
         <kind>archive</kind>
         <file>rts430x_lc_sd_eabi.lib</file>
         <name>lsr32.asm.obj</name>
      </input_file>
      <input_file id="fl-5b">
         <path>C:\ti\ccs1281\ccs\tools\compiler\ti-cgt-msp430_21.6.1.LTS\lib\</path>
         <kind>archive</kind>
         <file>rts430x_lc_sd_eabi.lib</file>
         <name>lsr64.c.obj</name>
      </input_file>
      <input_file id="fl-5c">
         <path>C:\ti\ccs1281\ccs\tools\compiler\ti-cgt-msp430_21.6.1.LTS\lib\</path>
         <kind>archive</kind>
         <file>rts430x_lc_sd_eabi.lib</file>
         <name>boot.c.obj</name>
      </input_file>
      <input_file id="fl-5d">
         <path>C:\ti\ccs1281\ccs\ccs_base\msp430\lib\FR2xx\</path>
         <kind>archive</kind>
         <file>FRWP_INIT_LIB_CCS_msp430_large_code_small_data.lib</file>
         <name>frwp_init.obj</name>
      </input_file>
      <input_file id="fl-5e">
         <path>C:\ti\ccs1281\ccs\tools\compiler\ti-cgt-msp430_21.6.1.LTS\lib\</path>
         <kind>archive</kind>
         <file>rts430x_lc_sd_eabi.lib</file>
         <name>args_main.c.obj</name>
      </input_file>
      <input_file id="fl-5f">
         <path>C:\ti\ccs1281\ccs\tools\compiler\ti-cgt-msp430_21.6.1.LTS\lib\</path>
         <kind>archive</kind>
         <file>rts430x_lc_sd_eabi.lib</file>
         <name>autoinit.c.obj</name>
      </input_file>
      <input_file id="fl-60">
         <path>C:\ti\ccs1281\ccs\tools\compiler\ti-cgt-msp430_21.6.1.LTS\lib\</path>
         <kind>archive</kind>
         <file>rts430x_lc_sd_eabi.lib</file>
         <name>startup.c.obj</name>
      </input_file>
      <input_file id="fl-61">
         <path>C:\ti\ccs1281\ccs\tools\compiler\ti-cgt-msp430_21.6.1.LTS\lib\</path>
         <kind>archive</kind>
         <file>rts430x_lc_sd_eabi.lib</file>
         <name>pre_init.c.obj</name>
      </input_file>
      <input_file id="fl-62">
         <path>C:\ti\ccs1281\ccs\tools\compiler\ti-cgt-msp430_21.6.1.LTS\lib\</path>
         <kind>archive</kind>
         <file>rts430x_lc_sd_eabi.lib</file>
         <name>atoi.c.obj</name>
      </input_file>
      <input_file id="fl-63">
         <path>C:\ti\ccs1281\ccs\tools\compiler\ti-cgt-msp430_21.6.1.LTS\lib\</path>
         <kind>archive</kind>
         <file>rts430x_lc_sd_eabi.lib</file>
         <name>mult16.asm.obj</name>
      </input_file>
      <input_file id="fl-64">
         <path>C:\ti\ccs1281\ccs\tools\compiler\ti-cgt-msp430_21.6.1.LTS\lib\</path>
         <kind>archive</kind>
         <file>rts430x_lc_sd_eabi.lib</file>
         <name>ctype.c.obj</name>
      </input_file>
      <input_file id="fl-65">
         <path>C:\ti\ccs1281\ccs\tools\compiler\ti-cgt-msp430_21.6.1.LTS\lib\</path>
         <kind>archive</kind>
         <file>rts430x_lc_sd_eabi.lib</file>
         <name>cpy_tbl.c.obj</name>
      </input_file>
      <input_file id="fl-66">
         <path>C:\ti\ccs1281\ccs\tools\compiler\ti-cgt-msp430_21.6.1.LTS\lib\</path>
         <kind>archive</kind>
         <file>rts430x_lc_sd_eabi.lib</file>
         <name>exit.c.obj</name>
      </input_file>
      <input_file id="fl-67">
         <path>C:\ti\ccs1281\ccs\tools\compiler\ti-cgt-msp430_21.6.1.LTS\lib\</path>
         <kind>archive</kind>
         <file>rts430x_lc_sd_eabi.lib</file>
         <name>exit_gvars.c.obj</name>
      </input_file>
      <input_file id="fl-68">
         <path>C:\ti\ccs1281\ccs\tools\compiler\ti-cgt-msp430_21.6.1.LTS\lib\</path>
         <kind>archive</kind>
         <file>rts430x_lc_sd_eabi.lib</file>
         <name>_lock.c.obj</name>
      </input_file>
      <input_file id="fl-69">
         <path>C:\ti\ccs1281\ccs\tools\compiler\ti-cgt-msp430_21.6.1.LTS\lib\</path>
         <kind>archive</kind>
         <file>rts430x_lc_sd_eabi.lib</file>
         <name>memcmp.c.obj</name>
      </input_file>
      <input_file id="fl-6a">
         <path>C:\ti\ccs1281\ccs\tools\compiler\ti-cgt-msp430_21.6.1.LTS\lib\</path>
         <kind>archive</kind>
         <file>rts430x_lc_sd_eabi.lib</file>
         <name>memcpy.c.obj</name>
      </input_file>
      <input_file id="fl-6b">
         <path>C:\ti\ccs1281\ccs\tools\compiler\ti-cgt-msp430_21.6.1.LTS\lib\</path>
         <kind>archive</kind>
         <file>rts430x_lc_sd_eabi.lib</file>
         <name>memset.c.obj</name>
      </input_file>
      <input_file id="fl-6c">
         <path>C:\ti\ccs1281\ccs\tools\compiler\ti-cgt-msp430_21.6.1.LTS\lib\</path>
         <kind>archive</kind>
         <file>rts430x_lc_sd_eabi.lib</file>
         <name>snprintf.c.obj</name>
      </input_file>
      <input_file id="fl-6d">
         <path>C:\ti\ccs1281\ccs\tools\compiler\ti-cgt-msp430_21.6.1.LTS\lib\</path>
         <kind>archive</kind>
         <file>rts430x_lc_sd_eabi.lib</file>
         <name>_printfi.c.obj</name>
      </input_file>
      <input_file id="fl-6e">
         <path>C:\ti\ccs1281\ccs\tools\compiler\ti-cgt-msp430_21.6.1.LTS\lib\</path>
         <kind>archive</kind>
         <file>rts430x_lc_sd_eabi.lib</file>
         <name>_ltoa.c.obj</name>
      </input_file>
      <input_file id="fl-6f">
         <path>C:\ti\ccs1281\ccs\tools\compiler\ti-cgt-msp430_21.6.1.LTS\lib\</path>
         <kind>archive</kind>
         <file>rts430x_lc_sd_eabi.lib</file>
         <name>cmpd.c.obj</name>
      </input_file>
      <input_file id="fl-70">
         <path>C:\ti\ccs1281\ccs\tools\compiler\ti-cgt-msp430_21.6.1.LTS\lib\</path>
         <kind>archive</kind>
         <file>rts430x_lc_sd_eabi.lib</file>
         <name>divd.c.obj</name>
      </input_file>
      <input_file id="fl-71">
         <path>C:\ti\ccs1281\ccs\tools\compiler\ti-cgt-msp430_21.6.1.LTS\lib\</path>
         <kind>archive</kind>
         <file>rts430x_lc_sd_eabi.lib</file>
         <name>frcdivd.c.obj</name>
      </input_file>
      <input_file id="fl-72">
         <path>C:\ti\ccs1281\ccs\tools\compiler\ti-cgt-msp430_21.6.1.LTS\lib\</path>
         <kind>archive</kind>
         <file>rts430x_lc_sd_eabi.lib</file>
         <name>div32s.asm.obj</name>
      </input_file>
      <input_file id="fl-73">
         <path>C:\ti\ccs1281\ccs\tools\compiler\ti-cgt-msp430_21.6.1.LTS\lib\</path>
         <kind>archive</kind>
         <file>rts430x_lc_sd_eabi.lib</file>
         <name>div16u.asm.obj</name>
      </input_file>
      <input_file id="fl-74">
         <path>C:\ti\ccs1281\ccs\tools\compiler\ti-cgt-msp430_21.6.1.LTS\lib\</path>
         <kind>archive</kind>
         <file>rts430x_lc_sd_eabi.lib</file>
         <name>div32u.asm.obj</name>
      </input_file>
      <input_file id="fl-75">
         <path>C:\ti\ccs1281\ccs\tools\compiler\ti-cgt-msp430_21.6.1.LTS\lib\</path>
         <kind>archive</kind>
         <file>rts430x_lc_sd_eabi.lib</file>
         <name>div64u.c.obj</name>
      </input_file>
      <input_file id="fl-76">
         <path>C:\ti\ccs1281\ccs\tools\compiler\ti-cgt-msp430_21.6.1.LTS\lib\</path>
         <kind>archive</kind>
         <file>rts430x_lc_sd_eabi.lib</file>
         <name>fltid.c.obj</name>
      </input_file>
      <input_file id="fl-77">
         <path>C:\ti\ccs1281\ccs\tools\compiler\ti-cgt-msp430_21.6.1.LTS\lib\</path>
         <kind>archive</kind>
         <file>rts430x_lc_sd_eabi.lib</file>
         <name>fltlid.c.obj</name>
      </input_file>
      <input_file id="fl-78">
         <path>C:\ti\ccs1281\ccs\tools\compiler\ti-cgt-msp430_21.6.1.LTS\lib\</path>
         <kind>archive</kind>
         <file>rts430x_lc_sd_eabi.lib</file>
         <name>negd.c.obj</name>
      </input_file>
      <input_file id="fl-79">
         <path>C:\ti\ccs1281\ccs\tools\compiler\ti-cgt-msp430_21.6.1.LTS\lib\</path>
         <kind>archive</kind>
         <file>rts430x_lc_sd_eabi.lib</file>
         <name>asr32.asm.obj</name>
      </input_file>
      <input_file id="fl-7a">
         <path>C:\ti\ccs1281\ccs\tools\compiler\ti-cgt-msp430_21.6.1.LTS\lib\</path>
         <kind>archive</kind>
         <file>rts430x_lc_sd_eabi.lib</file>
         <name>subd.c.obj</name>
      </input_file>
      <input_file id="fl-7b">
         <path>C:\ti\ccs1281\ccs\tools\compiler\ti-cgt-msp430_21.6.1.LTS\lib\</path>
         <kind>archive</kind>
         <file>rts430x_lc_sd_eabi.lib</file>
         <name>addd.c.obj</name>
      </input_file>
      <input_file id="fl-7c">
         <path>C:\ti\ccs1281\ccs\tools\compiler\ti-cgt-msp430_21.6.1.LTS\lib\</path>
         <kind>archive</kind>
         <file>rts430x_lc_sd_eabi.lib</file>
         <name>asr64.c.obj</name>
      </input_file>
      <input_file id="fl-7d">
         <path>C:\ti\ccs1281\ccs\tools\compiler\ti-cgt-msp430_21.6.1.LTS\lib\</path>
         <kind>archive</kind>
         <file>rts430x_lc_sd_eabi.lib</file>
         <name>abs.c.obj</name>
      </input_file>
      <input_file id="fl-7e">
         <path>C:\ti\ccs1281\ccs\tools\compiler\ti-cgt-msp430_21.6.1.LTS\lib\</path>
         <kind>archive</kind>
         <file>rts430x_lc_sd_eabi.lib</file>
         <name>errno.c.obj</name>
      </input_file>
      <input_file id="fl-7f">
         <path>C:\ti\ccs1281\ccs\tools\compiler\ti-cgt-msp430_21.6.1.LTS\lib\</path>
         <kind>archive</kind>
         <file>rts430x_lc_sd_eabi.lib</file>
         <name>s_frexp.c.obj</name>
      </input_file>
      <input_file id="fl-80">
         <path>C:\ti\ccs1281\ccs\tools\compiler\ti-cgt-msp430_21.6.1.LTS\lib\</path>
         <kind>archive</kind>
         <file>rts430x_lc_sd_eabi.lib</file>
         <name>s_scalbn.c.obj</name>
      </input_file>
      <input_file id="fl-81">
         <path>C:\ti\ccs1281\ccs\tools\compiler\ti-cgt-msp430_21.6.1.LTS\lib\</path>
         <kind>archive</kind>
         <file>rts430x_lc_sd_eabi.lib</file>
         <name>s_copysign.c.obj</name>
      </input_file>
      <input_file id="fl-82">
         <path>C:\ti\ccs1281\ccs\tools\compiler\ti-cgt-msp430_21.6.1.LTS\lib\</path>
         <kind>archive</kind>
         <file>rts430x_lc_sd_eabi.lib</file>
         <name>memccpy.c.obj</name>
      </input_file>
      <input_file id="fl-83">
         <path>C:\ti\ccs1281\ccs\tools\compiler\ti-cgt-msp430_21.6.1.LTS\lib\</path>
         <kind>archive</kind>
         <file>rts430x_lc_sd_eabi.lib</file>
         <name>sprintf.c.obj</name>
      </input_file>
      <input_file id="fl-84">
         <path>C:\ti\ccs1281\ccs\tools\compiler\ti-cgt-msp430_21.6.1.LTS\lib\</path>
         <kind>archive</kind>
         <file>rts430x_lc_sd_eabi.lib</file>
         <name>strchr.c.obj</name>
      </input_file>
      <input_file id="fl-85">
         <path>C:\ti\ccs1281\ccs\tools\compiler\ti-cgt-msp430_21.6.1.LTS\lib\</path>
         <kind>archive</kind>
         <file>rts430x_lc_sd_eabi.lib</file>
         <name>strcpy.c.obj</name>
      </input_file>
      <input_file id="fl-86">
         <path>C:\ti\ccs1281\ccs\tools\compiler\ti-cgt-msp430_21.6.1.LTS\lib\</path>
         <kind>archive</kind>
         <file>rts430x_lc_sd_eabi.lib</file>
         <name>strlen.c.obj</name>
      </input_file>
      <input_file id="fl-87">
         <path>C:\ti\ccs1281\ccs\tools\compiler\ti-cgt-msp430_21.6.1.LTS\lib\</path>
         <kind>archive</kind>
         <file>rts430x_lc_sd_eabi.lib</file>
         <name>strncpy.c.obj</name>
      </input_file>
      <input_file id="fl-88">
         <path>C:\ti\ccs1281\ccs\tools\compiler\ti-cgt-msp430_21.6.1.LTS\lib\</path>
         <kind>archive</kind>
         <file>rts430x_lc_sd_eabi.lib</file>
         <name>strstr.c.obj</name>
      </input_file>
      <input_file id="fl-89">
         <path>C:\ti\ccs1281\ccs\tools\compiler\ti-cgt-msp430_21.6.1.LTS\lib\</path>
         <kind>archive</kind>
         <file>rts430x_lc_sd_eabi.lib</file>
         <name>toupper.c.obj</name>
      </input_file>
      <input_file id="fl-8a">
         <path>C:\ti\ccs1281\ccs\tools\compiler\ti-cgt-msp430_21.6.1.LTS\lib\</path>
         <kind>archive</kind>
         <file>rts430x_lc_sd_eabi.lib</file>
         <name>wcslen.c.obj</name>
      </input_file>
   </input_file_list>
   <object_component_list>
      <object_component id="oc-a13">
         <name>.cinit..data.load</name>
         <load_address>0x8000</load_address>
         <run_address>0x8000</run_address>
         <size>0xc2</size>
      </object_component>
      <object_component id="oc-a10">
         <name>__TI_handler_table</name>
         <load_address>0x80c4</load_address>
         <run_address>0x80c4</run_address>
         <size>0xc</size>
      </object_component>
      <object_component id="oc-a12">
         <name>.cinit..bss.load</name>
         <load_address>0x80d0</load_address>
         <run_address>0x80d0</run_address>
         <size>0x6</size>
      </object_component>
      <object_component id="oc-a11">
         <name>__TI_cinit_table</name>
         <load_address>0x80d6</load_address>
         <run_address>0x80d6</run_address>
         <size>0x10</size>
      </object_component>
      <object_component id="oc-9b0">
         <name>.binit</name>
         <load_address>0x80e6</load_address>
         <run_address>0x80e6</run_address>
         <size>0x0</size>
      </object_component>
      <object_component id="oc-6af">
         <name>.const:.string</name>
         <load_address>0x80e6</load_address>
         <run_address>0x80e6</run_address>
         <size>0x384</size>
         <input_file_ref idref="fl-d"/>
      </object_component>
      <object_component id="oc-943">
         <name>.const:.string:_ctypes_</name>
         <load_address>0x846a</load_address>
         <run_address>0x846a</run_address>
         <size>0x101</size>
         <input_file_ref idref="fl-64"/>
      </object_component>
      <object_component id="oc-6f5">
         <name>.const:.string</name>
         <load_address>0x856c</load_address>
         <run_address>0x856c</run_address>
         <size>0x8c</size>
         <input_file_ref idref="fl-3"/>
      </object_component>
      <object_component id="oc-605">
         <name>.const:.string</name>
         <load_address>0x85f8</load_address>
         <run_address>0x85f8</run_address>
         <size>0x4c</size>
         <input_file_ref idref="fl-f"/>
      </object_component>
      <object_component id="oc-92c">
         <name>.const:.string</name>
         <load_address>0x8644</load_address>
         <run_address>0x8644</run_address>
         <size>0x26</size>
         <input_file_ref idref="fl-6d"/>
      </object_component>
      <object_component id="oc-711">
         <name>.const:.string:modo_servidor</name>
         <load_address>0x866a</load_address>
         <run_address>0x866a</run_address>
         <size>0x14</size>
         <input_file_ref idref="fl-3"/>
      </object_component>
      <object_component id="oc-6ec">
         <name>.const:.string:modo_AP</name>
         <load_address>0x867e</load_address>
         <run_address>0x867e</run_address>
         <size>0x12</size>
         <input_file_ref idref="fl-3"/>
      </object_component>
      <object_component id="oc-6e3">
         <name>.const:.string:modo_Cliente</name>
         <load_address>0x8690</load_address>
         <run_address>0x8690</run_address>
         <size>0x12</size>
         <input_file_ref idref="fl-3"/>
      </object_component>
      <object_component id="oc-762">
         <name>.const:.string:estado_conexiones</name>
         <load_address>0x86a2</load_address>
         <run_address>0x86a2</run_address>
         <size>0xf</size>
         <input_file_ref idref="fl-3"/>
      </object_component>
      <object_component id="oc-6f6">
         <name>.const:.string:conectar_AP</name>
         <load_address>0x86b2</load_address>
         <run_address>0x86b2</run_address>
         <size>0xe</size>
         <input_file_ref idref="fl-3"/>
      </object_component>
      <object_component id="oc-70b">
         <name>.const:.string:crear_AP</name>
         <load_address>0x86c0</load_address>
         <run_address>0x86c0</run_address>
         <size>0xe</size>
         <input_file_ref idref="fl-3"/>
      </object_component>
      <object_component id="oc-70e">
         <name>.const:.string:modo_multi</name>
         <load_address>0x86ce</load_address>
         <run_address>0x86ce</run_address>
         <size>0xe</size>
         <input_file_ref idref="fl-3"/>
      </object_component>
      <object_component id="oc-888">
         <name>.const:.string:local_IP</name>
         <load_address>0x86dc</load_address>
         <run_address>0x86dc</run_address>
         <size>0xb</size>
         <input_file_ref idref="fl-3"/>
      </object_component>
      <object_component id="oc-840">
         <name>.const:.string:echo_OFF</name>
         <load_address>0x86e8</load_address>
         <run_address>0x86e8</run_address>
         <size>0x7</size>
         <input_file_ref idref="fl-3"/>
      </object_component>
      <object_component id="oc-843">
         <name>.const:.string:echo_ON</name>
         <load_address>0x86f0</load_address>
         <run_address>0x86f0</run_address>
         <size>0x7</size>
         <input_file_ref idref="fl-3"/>
      </object_component>
      <object_component id="oc-8a3">
         <name>.const:.string:Prefijo</name>
         <load_address>0x86f8</load_address>
         <run_address>0x86f8</run_address>
         <size>0x5</size>
         <input_file_ref idref="fl-3"/>
      </object_component>
      <object_component id="oc-83a">
         <name>.const:.string:test</name>
         <load_address>0x86fe</load_address>
         <run_address>0x86fe</run_address>
         <size>0x5</size>
         <input_file_ref idref="fl-3"/>
      </object_component>
      <object_component id="oc-838">
         <name>.const:.string</name>
         <load_address>0x8704</load_address>
         <run_address>0x8704</run_address>
         <size>0x4</size>
         <input_file_ref idref="fl-b"/>
      </object_component>
      <object_component id="oc-8fd">
         <name>.const:.string:speed_values</name>
         <load_address>0x8708</load_address>
         <run_address>0x8708</run_address>
         <size>0x4</size>
         <input_file_ref idref="fl-d"/>
      </object_component>
      <object_component id="oc-65b">
         <name>.text:menu_click</name>
         <load_address>0x870c</load_address>
         <run_address>0x870c</run_address>
         <size>0x320</size>
         <input_file_ref idref="fl-d"/>
      </object_component>
      <object_component id="oc-774">
         <name>.text:__mspabi_mpyd</name>
         <load_address>0x8a2c</load_address>
         <run_address>0x8a2c</run_address>
         <size>0x292</size>
         <input_file_ref idref="fl-4c"/>
      </object_component>
      <object_component id="oc-755">
         <name>.text:decodificar_trama</name>
         <load_address>0x8cbe</load_address>
         <run_address>0x8cbe</run_address>
         <size>0x228</size>
         <input_file_ref idref="fl-3"/>
      </object_component>
      <object_component id="oc-647">
         <name>.text:escape_motors</name>
         <load_address>0x8ee6</load_address>
         <run_address>0x8ee6</run_address>
         <size>0x19e</size>
         <input_file_ref idref="fl-c"/>
      </object_component>
      <object_component id="oc-64e">
         <name>.text:follow_motors</name>
         <load_address>0x9084</load_address>
         <run_address>0x9084</run_address>
         <size>0x19e</size>
         <input_file_ref idref="fl-c"/>
      </object_component>
      <object_component id="oc-8bf">
         <name>.text:__TI_frcmpyd</name>
         <load_address>0x9222</load_address>
         <run_address>0x9222</run_address>
         <size>0x164</size>
         <input_file_ref idref="fl-4d"/>
      </object_component>
      <object_component id="oc-5fa">
         <name>.text:menu_update</name>
         <load_address>0x9386</load_address>
         <run_address>0x9386</run_address>
         <size>0x13a</size>
         <input_file_ref idref="fl-d"/>
      </object_component>
      <object_component id="oc-60c">
         <name>.text:init_servidor_esp</name>
         <load_address>0x94c0</load_address>
         <run_address>0x94c0</run_address>
         <size>0x132</size>
         <input_file_ref idref="fl-3"/>
      </object_component>
      <object_component id="oc-55c">
         <name>.text:wifi_control</name>
         <load_address>0x95f2</load_address>
         <run_address>0x95f2</run_address>
         <size>0x11a</size>
         <input_file_ref idref="fl-f"/>
      </object_component>
      <object_component id="oc-6cd">
         <name>.text:display_LCD</name>
         <load_address>0x970c</load_address>
         <run_address>0x970c</run_address>
         <size>0x116</size>
         <input_file_ref idref="fl-b"/>
      </object_component>
      <object_component id="oc-88f">
         <name>.text:__TI_printfi_minimal:_setfield___TI_printfi_minimal</name>
         <load_address>0x9822</load_address>
         <run_address>0x9822</run_address>
         <size>0x10e</size>
         <input_file_ref idref="fl-6d"/>
      </object_component>
      <object_component id="oc-586">
         <name>.text:menu_loop</name>
         <load_address>0x9930</load_address>
         <run_address>0x9930</run_address>
         <size>0x10c</size>
         <input_file_ref idref="fl-d"/>
      </object_component>
      <object_component id="oc-639">
         <name>.text:linetrack_motors</name>
         <load_address>0x9a3c</load_address>
         <run_address>0x9a3c</run_address>
         <size>0x100</size>
         <input_file_ref idref="fl-c"/>
      </object_component>
      <object_component id="oc-4d7">
         <name>.text:main</name>
         <load_address>0x9b3c</load_address>
         <run_address>0x9b3c</run_address>
         <size>0xf4</size>
         <input_file_ref idref="fl-2"/>
      </object_component>
      <object_component id="oc-66">
         <name>.text:decompress:lzss:__TI_decompress_lzss</name>
         <load_address>0x9c30</load_address>
         <run_address>0x9c30</run_address>
         <size>0xee</size>
         <input_file_ref idref="fl-30"/>
      </object_component>
      <object_component id="oc-73c">
         <name>.text:__TI_printfi_minimal:__TI_printfi_minimal</name>
         <load_address>0x9d1e</load_address>
         <run_address>0x9d1e</run_address>
         <size>0xe2</size>
         <input_file_ref idref="fl-6d"/>
      </object_component>
      <object_component id="oc-92d">
         <name>.text:__TI_printfi_minimal:_pproc_diouxp___TI_printfi_minimal</name>
         <load_address>0x9e00</load_address>
         <run_address>0x9e00</run_address>
         <size>0xc4</size>
         <input_file_ref idref="fl-6d"/>
      </object_component>
      <object_component id="oc-78f">
         <name>.text</name>
         <load_address>0x9ec4</load_address>
         <run_address>0x9ec4</run_address>
         <size>0xb8</size>
         <input_file_ref idref="fl-4e"/>
      </object_component>
      <object_component id="oc-705">
         <name>.text:esperar_configuracion</name>
         <load_address>0x9f7c</load_address>
         <run_address>0x9f7c</run_address>
         <size>0xa6</size>
         <input_file_ref idref="fl-3"/>
      </object_component>
      <object_component id="oc-7e4">
         <name>.text:ldr_calibration_display</name>
         <load_address>0xa022</load_address>
         <run_address>0xa022</run_address>
         <size>0x9c</size>
         <input_file_ref idref="fl-d"/>
      </object_component>
      <object_component id="oc-655">
         <name>.text:menu_back</name>
         <load_address>0xa0be</load_address>
         <run_address>0xa0be</run_address>
         <size>0x98</size>
         <input_file_ref idref="fl-d"/>
      </object_component>
      <object_component id="oc-56e">
         <name>.text:linetrack</name>
         <load_address>0xa156</load_address>
         <run_address>0xa156</run_address>
         <size>0x96</size>
         <input_file_ref idref="fl-c"/>
      </object_component>
      <object_component id="oc-784">
         <name>.text:read_LDRs</name>
         <load_address>0xa1ec</load_address>
         <run_address>0xa1ec</run_address>
         <size>0x8c</size>
         <input_file_ref idref="fl-e"/>
      </object_component>
      <object_component id="oc-661">
         <name>.text:navigation_info_display</name>
         <load_address>0xa278</load_address>
         <run_address>0xa278</run_address>
         <size>0x8a</size>
         <input_file_ref idref="fl-d"/>
      </object_component>
      <object_component id="oc-8b8">
         <name>.text:__mspabi_fltuld</name>
         <load_address>0xa302</load_address>
         <run_address>0xa302</run_address>
         <size>0x80</size>
         <input_file_ref idref="fl-4b"/>
      </object_component>
      <object_component id="oc-6ef">
         <name>.text:RxPacket</name>
         <load_address>0xa382</load_address>
         <run_address>0xa382</run_address>
         <size>0x74</size>
         <input_file_ref idref="fl-9"/>
      </object_component>
      <object_component id="oc-7a8">
         <name>.text:single_led_display</name>
         <load_address>0xa3f6</load_address>
         <run_address>0xa3f6</run_address>
         <size>0x74</size>
         <input_file_ref idref="fl-d"/>
      </object_component>
      <object_component id="oc-556">
         <name>.text:wifi_init</name>
         <load_address>0xa46a</load_address>
         <run_address>0xa46a</run_address>
         <size>0x6e</size>
         <input_file_ref idref="fl-f"/>
      </object_component>
      <object_component id="oc-7c6">
         <name>.text:toggle_all_leds</name>
         <load_address>0xa4d8</load_address>
         <run_address>0xa4d8</run_address>
         <size>0x6c</size>
         <input_file_ref idref="fl-d"/>
      </object_component>
      <object_component id="oc-5b4">
         <name>.text:__TI_auto_init_nobinit_nopinit_hold_wdt:__TI_auto_init_nobinit_nopinit_hold_wdt</name>
         <load_address>0xa544</load_address>
         <run_address>0xa544</run_address>
         <size>0x6a</size>
         <input_file_ref idref="fl-5f"/>
      </object_component>
      <object_component id="oc-547">
         <name>.text:init_LCD</name>
         <load_address>0xa5ae</load_address>
         <run_address>0xa5ae</run_address>
         <size>0x68</size>
         <input_file_ref idref="fl-b"/>
      </object_component>
      <object_component id="oc-8cc">
         <name>.text:__mspabi_fixdli</name>
         <load_address>0xa616</load_address>
         <run_address>0xa616</run_address>
         <size>0x66</size>
         <input_file_ref idref="fl-48"/>
      </object_component>
      <object_component id="oc-51d">
         <name>.text:init_GPIOs</name>
         <load_address>0xa67c</load_address>
         <run_address>0xa67c</run_address>
         <size>0x66</size>
         <input_file_ref idref="fl-6"/>
      </object_component>
      <object_component id="oc-95d">
         <name>.text:__mpyll</name>
         <load_address>0xa6e2</load_address>
         <run_address>0xa6e2</run_address>
         <size>0x5c</size>
         <input_file_ref idref="fl-53"/>
      </object_component>
      <object_component id="oc-568">
         <name>.text:control_joystick</name>
         <load_address>0xa73e</load_address>
         <run_address>0xa73e</run_address>
         <size>0x5c</size>
         <input_file_ref idref="fl-c"/>
      </object_component>
      <object_component id="oc-61b">
         <name>.text:snprintf</name>
         <load_address>0xa79a</load_address>
         <run_address>0xa79a</run_address>
         <size>0x5a</size>
         <input_file_ref idref="fl-6c"/>
      </object_component>
      <object_component id="oc-7cc">
         <name>.text:about_display</name>
         <load_address>0xa7f4</load_address>
         <run_address>0xa7f4</run_address>
         <size>0x58</size>
         <input_file_ref idref="fl-d"/>
      </object_component>
      <object_component id="oc-8a6">
         <name>.text:atoi</name>
         <load_address>0xa84c</load_address>
         <run_address>0xa84c</run_address>
         <size>0x52</size>
         <input_file_ref idref="fl-62"/>
      </object_component>
      <object_component id="oc-57a">
         <name>.text:escape_light</name>
         <load_address>0xa89e</load_address>
         <run_address>0xa89e</run_address>
         <size>0x4e</size>
         <input_file_ref idref="fl-c"/>
      </object_component>
      <object_component id="oc-580">
         <name>.text:follow_light</name>
         <load_address>0xa8ec</load_address>
         <run_address>0xa8ec</run_address>
         <size>0x4e</size>
         <input_file_ref idref="fl-c"/>
      </object_component>
      <object_component id="oc-53b">
         <name>.text:delay_ms</name>
         <load_address>0xa93a</load_address>
         <run_address>0xa93a</run_address>
         <size>0x4c</size>
         <input_file_ref idref="fl-8"/>
      </object_component>
      <object_component id="oc-541">
         <name>.text:pipip_car</name>
         <load_address>0xa986</load_address>
         <run_address>0xa986</run_address>
         <size>0x4c</size>
         <input_file_ref idref="fl-a"/>
      </object_component>
      <object_component id="oc-729">
         <name>.text:pinta_IP</name>
         <load_address>0xa9d2</load_address>
         <run_address>0xa9d2</run_address>
         <size>0x4a</size>
         <input_file_ref idref="fl-3"/>
      </object_component>
      <object_component id="oc-794">
         <name>.text</name>
         <load_address>0xaa1c</load_address>
         <run_address>0xaa1c</run_address>
         <size>0x4a</size>
         <input_file_ref idref="fl-46"/>
      </object_component>
      <object_component id="oc-7d8">
         <name>.text:network_display</name>
         <load_address>0xaa66</load_address>
         <run_address>0xaa66</run_address>
         <size>0x44</size>
         <input_file_ref idref="fl-d"/>
      </object_component>
      <object_component id="oc-7bd">
         <name>.text:status_display</name>
         <load_address>0xaaaa</load_address>
         <run_address>0xaaaa</run_address>
         <size>0x42</size>
         <input_file_ref idref="fl-d"/>
      </object_component>
      <object_component id="oc-42b">
         <name>.text:__memcpy_far</name>
         <load_address>0xaaec</load_address>
         <run_address>0xaaec</run_address>
         <size>0x40</size>
         <input_file_ref idref="fl-45"/>
      </object_component>
      <object_component id="oc-6dd">
         <name>.text:comando_ECHO</name>
         <load_address>0xab2c</load_address>
         <run_address>0xab2c</run_address>
         <size>0x3e</size>
         <input_file_ref idref="fl-3"/>
      </object_component>
      <object_component id="oc-466">
         <name>.text:decompress:ZI:__TI_zero_init_nomemset:__TI_zero_init_nomemset</name>
         <load_address>0xab6a</load_address>
         <run_address>0xab6a</run_address>
         <size>0x3e</size>
         <input_file_ref idref="fl-44"/>
      </object_component>
      <object_component id="oc-94b">
         <name>.text:l_lsl_const</name>
         <load_address>0xaba8</load_address>
         <run_address>0xaba8</run_address>
         <size>0x3e</size>
         <input_file_ref idref="fl-58"/>
      </object_component>
      <object_component id="oc-950">
         <name>.text:l_lsr_const</name>
         <load_address>0xabe6</load_address>
         <run_address>0xabe6</run_address>
         <size>0x3e</size>
         <input_file_ref idref="fl-5a"/>
      </object_component>
      <object_component id="oc-625">
         <name>.text:recibir_wifi</name>
         <load_address>0xac24</load_address>
         <run_address>0xac24</run_address>
         <size>0x3e</size>
         <input_file_ref idref="fl-3"/>
      </object_component>
      <object_component id="oc-4e9">
         <name>.text:__mpu_init</name>
         <load_address>0xac62</load_address>
         <run_address>0xac62</run_address>
         <size>0x3c</size>
         <input_file_ref idref="fl-5d"/>
      </object_component>
      <object_component id="oc-6c">
         <name>.text:decompress:none:__TI_decompress_none</name>
         <load_address>0xac9e</load_address>
         <run_address>0xac9e</run_address>
         <size>0x3c</size>
         <input_file_ref idref="fl-31"/>
      </object_component>
      <object_component id="oc-957">
         <name>.text:__mspabi_sllll</name>
         <load_address>0xacda</load_address>
         <run_address>0xacda</run_address>
         <size>0x3a</size>
         <input_file_ref idref="fl-59"/>
      </object_component>
      <object_component id="oc-967">
         <name>.text:__mspabi_srlll</name>
         <load_address>0xad14</load_address>
         <run_address>0xad14</run_address>
         <size>0x3a</size>
         <input_file_ref idref="fl-5b"/>
      </object_component>
      <object_component id="oc-7f6">
         <name>.text:mode_display</name>
         <load_address>0xad4e</load_address>
         <run_address>0xad4e</run_address>
         <size>0x3a</size>
         <input_file_ref idref="fl-d"/>
      </object_component>
      <object_component id="oc-7f0">
         <name>.text:speed_display</name>
         <load_address>0xad88</load_address>
         <run_address>0xad88</run_address>
         <size>0x3a</size>
         <input_file_ref idref="fl-d"/>
      </object_component>
      <object_component id="oc-8b1">
         <name>.text:I2C_receive</name>
         <load_address>0xadc2</load_address>
         <run_address>0xadc2</run_address>
         <size>0x38</size>
         <input_file_ref idref="fl-7"/>
      </object_component>
      <object_component id="oc-52f">
         <name>.text:init_uart_wifi</name>
         <load_address>0xadfa</load_address>
         <run_address>0xadfa</run_address>
         <size>0x38</size>
         <input_file_ref idref="fl-9"/>
      </object_component>
      <object_component id="oc-723">
         <name>.text:pedir_mi_IP</name>
         <load_address>0xae32</load_address>
         <run_address>0xae32</run_address>
         <size>0x38</size>
         <input_file_ref idref="fl-3"/>
      </object_component>
      <object_component id="oc-6ff">
         <name>.text:sprintf</name>
         <load_address>0xae6a</load_address>
         <run_address>0xae6a</run_address>
         <size>0x38</size>
         <input_file_ref idref="fl-83"/>
      </object_component>
      <object_component id="oc-511">
         <name>.text:init_clocks</name>
         <load_address>0xaea2</load_address>
         <run_address>0xaea2</run_address>
         <size>0x36</size>
         <input_file_ref idref="fl-5"/>
      </object_component>
      <object_component id="oc-879">
         <name>.text:strstr</name>
         <load_address>0xaed8</load_address>
         <run_address>0xaed8</run_address>
         <size>0x36</size>
         <input_file_ref idref="fl-88"/>
      </object_component>
      <object_component id="oc-730">
         <name>.text:_outs</name>
         <load_address>0xaf0e</load_address>
         <run_address>0xaf0e</run_address>
         <size>0x32</size>
         <input_file_ref idref="fl-6c"/>
      </object_component>
      <object_component id="oc-768">
         <name>.text:fotodetectors</name>
         <load_address>0xaf40</load_address>
         <run_address>0xaf40</run_address>
         <size>0x32</size>
         <input_file_ref idref="fl-c"/>
      </object_component>
      <object_component id="oc-6e6">
         <name>.text:TxPacket</name>
         <load_address>0xaf72</load_address>
         <run_address>0xaf72</run_address>
         <size>0x30</size>
         <input_file_ref idref="fl-9"/>
      </object_component>
      <object_component id="oc-7de">
         <name>.text:calibrate_LDR</name>
         <load_address>0xafa2</load_address>
         <run_address>0xafa2</run_address>
         <size>0x2e</size>
         <input_file_ref idref="fl-d"/>
      </object_component>
      <object_component id="oc-962">
         <name>.text:__mpyull</name>
         <load_address>0xafd0</load_address>
         <run_address>0xafd0</run_address>
         <size>0x2c</size>
         <input_file_ref idref="fl-55"/>
      </object_component>
      <object_component id="oc-6d4">
         <name>.text:comando_AT</name>
         <load_address>0xaffc</load_address>
         <run_address>0xaffc</run_address>
         <size>0x2c</size>
         <input_file_ref idref="fl-3"/>
      </object_component>
      <object_component id="oc-529">
         <name>.text:init_i2c</name>
         <load_address>0xb028</load_address>
         <run_address>0xb028</run_address>
         <size>0x2c</size>
         <input_file_ref idref="fl-7"/>
      </object_component>
      <object_component id="oc-562">
         <name>.text:motors</name>
         <load_address>0xb054</load_address>
         <run_address>0xb054</run_address>
         <size>0x2c</size>
         <input_file_ref idref="fl-c"/>
      </object_component>
      <object_component id="oc-6be">
         <name>.text:strncpy</name>
         <load_address>0xb080</load_address>
         <run_address>0xb080</run_address>
         <size>0x2c</size>
         <input_file_ref idref="fl-87"/>
      </object_component>
      <object_component id="oc-832">
         <name>.text:LCD_set_cursor</name>
         <load_address>0xb0ac</load_address>
         <run_address>0xb0ac</run_address>
         <size>0x28</size>
         <input_file_ref idref="fl-b"/>
      </object_component>
      <object_component id="oc-77a">
         <name>.text:__mspabi_fixdi</name>
         <load_address>0xb0d4</load_address>
         <run_address>0xb0d4</run_address>
         <size>0x28</size>
         <input_file_ref idref="fl-47"/>
      </object_component>
      <object_component id="oc-7d2">
         <name>.text:select_network</name>
         <load_address>0xb0fc</load_address>
         <run_address>0xb0fc</run_address>
         <size>0x28</size>
         <input_file_ref idref="fl-d"/>
      </object_component>
      <object_component id="oc-5e4">
         <name>.text:I2C_send</name>
         <load_address>0xb124</load_address>
         <run_address>0xb124</run_address>
         <size>0x26</size>
         <input_file_ref idref="fl-7"/>
      </object_component>
      <object_component id="oc-62b">
         <name>.text:getConState</name>
         <load_address>0xb14a</load_address>
         <run_address>0xb14a</run_address>
         <size>0x26</size>
         <input_file_ref idref="fl-3"/>
      </object_component>
      <object_component id="oc-54d">
         <name>.text:init_menu</name>
         <load_address>0xb170</load_address>
         <run_address>0xb170</run_address>
         <size>0x26</size>
         <input_file_ref idref="fl-d"/>
      </object_component>
      <object_component id="oc-517">
         <name>.text:init_timers</name>
         <load_address>0xb196</load_address>
         <run_address>0xb196</run_address>
         <size>0x26</size>
         <input_file_ref idref="fl-8"/>
      </object_component>
      <object_component id="oc-78a">
         <name>.text</name>
         <load_address>0xb1bc</load_address>
         <run_address>0xb1bc</run_address>
         <size>0x24</size>
         <input_file_ref idref="fl-4a"/>
      </object_component>
      <object_component id="oc-6c7">
         <name>.text:clear_LCD</name>
         <load_address>0xb1e0</load_address>
         <run_address>0xb1e0</run_address>
         <size>0x22</size>
         <input_file_ref idref="fl-b"/>
      </object_component>
      <object_component id="oc-615">
         <name>.text:getIP</name>
         <load_address>0xb202</load_address>
         <run_address>0xb202</run_address>
         <size>0x22</size>
         <input_file_ref idref="fl-3"/>
      </object_component>
      <object_component id="oc-933">
         <name>.text:memccpy</name>
         <load_address>0xb224</load_address>
         <run_address>0xb224</run_address>
         <size>0x22</size>
         <input_file_ref idref="fl-82"/>
      </object_component>
      <object_component id="oc-535">
         <name>.text:robot_LEDs</name>
         <load_address>0xb246</load_address>
         <run_address>0xb246</run_address>
         <size>0x22</size>
         <input_file_ref idref="fl-c"/>
      </object_component>
      <object_component id="oc-736">
         <name>.text:_outc</name>
         <load_address>0xb268</load_address>
         <run_address>0xb268</run_address>
         <size>0x1e</size>
         <input_file_ref idref="fl-6c"/>
      </object_component>
      <object_component id="oc-523">
         <name>.text:init_adc</name>
         <load_address>0xb286</load_address>
         <run_address>0xb286</run_address>
         <size>0x1a</size>
         <input_file_ref idref="fl-4"/>
      </object_component>
      <object_component id="oc-84c">
         <name>.text:init_timeout</name>
         <load_address>0xb2a0</load_address>
         <run_address>0xb2a0</run_address>
         <size>0x1a</size>
         <input_file_ref idref="fl-9"/>
      </object_component>
      <object_component id="oc-86b">
         <name>.text:_outs</name>
         <load_address>0xb2ba</load_address>
         <run_address>0xb2ba</run_address>
         <size>0x18</size>
         <input_file_ref idref="fl-83"/>
      </object_component>
      <object_component id="oc-81f">
         <name>.text</name>
         <load_address>0xb2d2</load_address>
         <run_address>0xb2d2</run_address>
         <size>0x18</size>
         <input_file_ref idref="fl-4f"/>
      </object_component>
      <object_component id="oc-858">
         <name>.text:TimeOut</name>
         <load_address>0xb2ea</load_address>
         <run_address>0xb2ea</run_address>
         <size>0x16</size>
         <input_file_ref idref="fl-9"/>
      </object_component>
      <object_component id="oc-984">
         <name>.text</name>
         <load_address>0xb300</load_address>
         <run_address>0xb300</run_address>
         <size>0x16</size>
         <input_file_ref idref="fl-73"/>
      </object_component>
      <object_component id="oc-6b2">
         <name>.text:memset</name>
         <load_address>0xb316</load_address>
         <run_address>0xb316</run_address>
         <size>0x14</size>
         <input_file_ref idref="fl-6b"/>
      </object_component>
      <object_component id="oc-871">
         <name>.text:_outc</name>
         <load_address>0xb32a</load_address>
         <run_address>0xb32a</run_address>
         <size>0x12</size>
         <input_file_ref idref="fl-83"/>
      </object_component>
      <object_component id="oc-75b">
         <name>.text:memcpy</name>
         <load_address>0xb33c</load_address>
         <run_address>0xb33c</run_address>
         <size>0x12</size>
         <input_file_ref idref="fl-6a"/>
      </object_component>
      <object_component id="oc-5ee">
         <name>.text:sound_buzzer</name>
         <load_address>0xb34e</load_address>
         <run_address>0xb34e</run_address>
         <size>0x12</size>
         <input_file_ref idref="fl-a"/>
      </object_component>
      <object_component id="oc-606">
         <name>.text:update_LCD</name>
         <load_address>0xb360</load_address>
         <run_address>0xb360</run_address>
         <size>0x12</size>
         <input_file_ref idref="fl-b"/>
      </object_component>
      <object_component id="oc-970">
         <name>.text:l_lsr</name>
         <load_address>0xb372</load_address>
         <run_address>0xb372</run_address>
         <size>0x10</size>
         <input_file_ref idref="fl-5a"/>
      </object_component>
      <object_component id="oc-7a2">
         <name>.text:set_single_led_color</name>
         <load_address>0xb382</load_address>
         <run_address>0xb382</run_address>
         <size>0x10</size>
         <input_file_ref idref="fl-d"/>
      </object_component>
      <object_component id="oc-8f0">
         <name>.text:strcpy</name>
         <load_address>0xb392</load_address>
         <run_address>0xb392</run_address>
         <size>0x10</size>
         <input_file_ref idref="fl-85"/>
      </object_component>
      <object_component id="oc-7ea">
         <name>.text:set_robot_speed</name>
         <load_address>0xb3a2</load_address>
         <run_address>0xb3a2</run_address>
         <size>0xe</size>
         <input_file_ref idref="fl-d"/>
      </object_component>
      <object_component id="oc-6b8">
         <name>.text:strlen</name>
         <load_address>0xb3b0</load_address>
         <run_address>0xb3b0</run_address>
         <size>0xe</size>
         <input_file_ref idref="fl-86"/>
      </object_component>
      <object_component id="oc-85e">
         <name>.text:stop_timeout</name>
         <load_address>0xb3be</load_address>
         <run_address>0xb3be</run_address>
         <size>0xc</size>
         <input_file_ref idref="fl-9"/>
      </object_component>
      <object_component id="oc-852">
         <name>.text:reset_timeout</name>
         <load_address>0xb3ca</load_address>
         <run_address>0xb3ca</run_address>
         <size>0x8</size>
         <input_file_ref idref="fl-9"/>
      </object_component>
      <object_component id="oc-76e">
         <name>.text:__mspabi_fltud</name>
         <load_address>0xb3d2</load_address>
         <run_address>0xb3d2</run_address>
         <size>0x6</size>
         <input_file_ref idref="fl-49"/>
      </object_component>
      <object_component id="oc-590">
         <name>.text:abort</name>
         <load_address>0xb3d8</load_address>
         <run_address>0xb3d8</run_address>
         <size>0x6</size>
         <input_file_ref idref="fl-66"/>
      </object_component>
      <object_component id="oc-4d1">
         <name>.text:_system_pre_init</name>
         <load_address>0xb3de</load_address>
         <run_address>0xb3de</run_address>
         <size>0x4</size>
         <input_file_ref idref="fl-61"/>
      </object_component>
      <object_component id="oc-67c">
         <name>.text:_system_post_cinit</name>
         <load_address>0xb3e2</load_address>
         <run_address>0xb3e2</run_address>
         <size>0x2</size>
         <input_file_ref idref="fl-60"/>
      </object_component>
      <object_component id="oc-448">
         <name>.text:_isr:ISR_USCI_I2C</name>
         <load_address>0xb3e4</load_address>
         <run_address>0xb3e4</run_address>
         <size>0x8e</size>
         <input_file_ref idref="fl-7"/>
      </object_component>
      <object_component id="oc-43c">
         <name>.text:_isr:readjoystick</name>
         <load_address>0xb472</load_address>
         <run_address>0xb472</run_address>
         <size>0x5a</size>
         <input_file_ref idref="fl-6"/>
      </object_component>
      <object_component id="oc-44e">
         <name>.text:_isr:EUSCIA0_IRQHandler</name>
         <load_address>0xb4cc</load_address>
         <run_address>0xb4cc</run_address>
         <size>0x24</size>
         <input_file_ref idref="fl-9"/>
      </object_component>
      <object_component id="oc-490">
         <name>.text:_isr:_c_int00_noargs_mpu</name>
         <load_address>0xb4f0</load_address>
         <run_address>0xb4f0</run_address>
         <size>0x20</size>
         <input_file_ref idref="fl-5c"/>
      </object_component>
      <object_component id="oc-442">
         <name>.text:_isr:ADC_ISR</name>
         <load_address>0xb510</load_address>
         <run_address>0xb510</run_address>
         <size>0x18</size>
         <input_file_ref idref="fl-4"/>
      </object_component>
      <object_component id="oc-460">
         <name>.text:_isr:timerB0_0_isr</name>
         <load_address>0xb528</load_address>
         <run_address>0xb528</run_address>
         <size>0xe</size>
         <input_file_ref idref="fl-8"/>
      </object_component>
      <object_component id="oc-45a">
         <name>.text:_isr:timerB1_0_isr</name>
         <load_address>0xb536</load_address>
         <run_address>0xb536</run_address>
         <size>0xe</size>
         <input_file_ref idref="fl-9"/>
      </object_component>
      <object_component id="oc-454">
         <name>.text:_isr:timerB2_buzzer_ISR</name>
         <load_address>0xb544</load_address>
         <run_address>0xb544</run_address>
         <size>0xa</size>
         <input_file_ref idref="fl-a"/>
      </object_component>
      <object_component id="oc-437">
         <name>.text:_isr:__TI_ISR_TRAP</name>
         <load_address>0xb54e</load_address>
         <run_address>0xb54e</run_address>
         <size>0x8</size>
         <input_file_ref idref="fl-33"/>
      </object_component>
      <object_component id="oc-4b8">
         <name>.common:PTxData</name>
         <uninitialized>true</uninitialized>
         <run_address>0x2218</run_address>
         <size>0x2</size>
      </object_component>
      <object_component id="oc-4ba">
         <name>.common:PRxData</name>
         <uninitialized>true</uninitialized>
         <run_address>0x2216</run_address>
         <size>0x2</size>
      </object_component>
      <object_component id="oc-4b5">
         <name>.common:TXByteCtr</name>
         <uninitialized>true</uninitialized>
         <run_address>0x221c</run_address>
         <size>0x1</size>
      </object_component>
      <object_component id="oc-4b9">
         <name>.common:RXByteCtr</name>
         <uninitialized>true</uninitialized>
         <run_address>0x221b</run_address>
         <size>0x1</size>
      </object_component>
      <object_component id="oc-4bc">
         <name>.common:DatoLeido_UART</name>
         <uninitialized>true</uninitialized>
         <run_address>0x221a</run_address>
         <size>0x1</size>
      </object_component>
      <object_component id="oc-4bf">
         <name>.common:Byte_Recibido</name>
         <uninitialized>true</uninitialized>
         <run_address>0x220d</run_address>
         <size>0x1</size>
      </object_component>
      <object_component id="oc-638">
         <name>.common:motors_next</name>
         <uninitialized>true</uninitialized>
         <run_address>0x2212</run_address>
         <size>0x4</size>
      </object_component>
      <object_component id="oc-783">
         <name>.common:ldr_vals</name>
         <uninitialized>true</uninitialized>
         <run_address>0x220e</run_address>
         <size>0x4</size>
      </object_component>
      <object_component id="oc-624">
         <name>.common:wifi_rx</name>
         <uninitialized>true</uninitialized>
         <run_address>0x2000</run_address>
         <size>0x204</size>
      </object_component>
      <object_component id="oc-631">
         <name>.common:wifi_msg</name>
         <uninitialized>true</uninitialized>
         <run_address>0x2204</run_address>
         <size>0x9</size>
      </object_component>
      <object_component id="oc-6da">
         <name>.data</name>
         <load_address>0x2231</load_address>
         <run_address>0x2231</run_address>
         <size>0x1</size>
         <input_file_ref idref="fl-3"/>
      </object_component>
      <object_component id="oc-612">
         <name>.data:conexion</name>
         <load_address>0x221e</load_address>
         <run_address>0x221e</run_address>
         <size>0x13</size>
         <input_file_ref idref="fl-3"/>
      </object_component>
      <object_component id="oc-4b1">
         <name>.data</name>
         <load_address>0x22d6</load_address>
         <run_address>0x22d6</run_address>
         <size>0x2</size>
         <input_file_ref idref="fl-4"/>
      </object_component>
      <object_component id="oc-4ad">
         <name>.data</name>
         <load_address>0x22aa</load_address>
         <run_address>0x22aa</run_address>
         <size>0x5</size>
         <input_file_ref idref="fl-6"/>
      </object_component>
      <object_component id="oc-4c6">
         <name>.data</name>
         <load_address>0x22ce</load_address>
         <run_address>0x22ce</run_address>
         <size>0x4</size>
         <input_file_ref idref="fl-8"/>
      </object_component>
      <object_component id="oc-4c2">
         <name>.data</name>
         <load_address>0x22d2</load_address>
         <run_address>0x22d2</run_address>
         <size>0x4</size>
         <input_file_ref idref="fl-9"/>
      </object_component>
      <object_component id="oc-635">
         <name>.data:motors_prev</name>
         <load_address>0x22ca</load_address>
         <run_address>0x22ca</run_address>
         <size>0x4</size>
         <input_file_ref idref="fl-c"/>
      </object_component>
      <object_component id="oc-63f">
         <name>.data</name>
         <load_address>0x2296</load_address>
         <run_address>0x2296</run_address>
         <size>0x7</size>
         <input_file_ref idref="fl-c"/>
      </object_component>
      <object_component id="oc-553">
         <name>.data</name>
         <load_address>0x2246</load_address>
         <run_address>0x2246</run_address>
         <size>0x13</size>
         <input_file_ref idref="fl-d"/>
      </object_component>
      <object_component id="oc-6f9">
         <name>.data:ssid_sta</name>
         <load_address>0x22b0</load_address>
         <run_address>0x22b0</run_address>
         <size>0x5</size>
         <input_file_ref idref="fl-d"/>
      </object_component>
      <object_component id="oc-6fc">
         <name>.data:pwd_sta</name>
         <load_address>0x2232</load_address>
         <run_address>0x2232</run_address>
         <size>0x13</size>
         <input_file_ref idref="fl-d"/>
      </object_component>
      <object_component id="oc-901">
         <name>.data:speed_names</name>
         <load_address>0x228e</load_address>
         <run_address>0x228e</run_address>
         <size>0x8</size>
         <input_file_ref idref="fl-d"/>
      </object_component>
      <object_component id="oc-574">
         <name>.data:max_light</name>
         <load_address>0x22c2</load_address>
         <run_address>0x22c2</run_address>
         <size>0x4</size>
         <input_file_ref idref="fl-d"/>
      </object_component>
      <object_component id="oc-577">
         <name>.data:min_light</name>
         <load_address>0x22c6</load_address>
         <run_address>0x22c6</run_address>
         <size>0x4</size>
         <input_file_ref idref="fl-d"/>
      </object_component>
      <object_component id="oc-7b4">
         <name>.data:ssid_list</name>
         <load_address>0x22a4</load_address>
         <run_address>0x22a4</run_address>
         <size>0x6</size>
         <input_file_ref idref="fl-d"/>
      </object_component>
      <object_component id="oc-8f6">
         <name>.data:pwd_list</name>
         <load_address>0x229e</load_address>
         <run_address>0x229e</run_address>
         <size>0x6</size>
         <input_file_ref idref="fl-d"/>
      </object_component>
      <object_component id="oc-5f7">
         <name>.data:main_menu_items</name>
         <load_address>0x226a</load_address>
         <run_address>0x226a</run_address>
         <size>0xa</size>
         <input_file_ref idref="fl-d"/>
      </object_component>
      <object_component id="oc-7ba">
         <name>.data:mode_names</name>
         <load_address>0x2274</load_address>
         <run_address>0x2274</run_address>
         <size>0xa</size>
         <input_file_ref idref="fl-d"/>
      </object_component>
      <object_component id="oc-79b">
         <name>.data:settings_menu_items</name>
         <load_address>0x227e</load_address>
         <run_address>0x227e</run_address>
         <size>0x8</size>
         <input_file_ref idref="fl-d"/>
      </object_component>
      <object_component id="oc-7b1">
         <name>.data:speed_menu_items</name>
         <load_address>0x2286</load_address>
         <run_address>0x2286</run_address>
         <size>0x8</size>
         <input_file_ref idref="fl-d"/>
      </object_component>
      <object_component id="oc-79e">
         <name>.data:led_colors_menu_items</name>
         <load_address>0x22be</load_address>
         <run_address>0x22be</run_address>
         <size>0x4</size>
         <input_file_ref idref="fl-d"/>
      </object_component>
      <object_component id="oc-7b7">
         <name>.data:calibrate_ldrs_menu_items</name>
         <load_address>0x22ba</load_address>
         <run_address>0x22ba</run_address>
         <size>0x4</size>
         <input_file_ref idref="fl-d"/>
      </object_component>
      <object_component id="oc-7c3">
         <name>.data:about_items</name>
         <load_address>0x22b6</load_address>
         <run_address>0x22b6</run_address>
         <size>0x4</size>
         <input_file_ref idref="fl-d"/>
      </object_component>
      <object_component id="oc-7ae">
         <name>.data:color_Names</name>
         <load_address>0x225a</load_address>
         <run_address>0x225a</run_address>
         <size>0x10</size>
         <input_file_ref idref="fl-d"/>
      </object_component>
      <object_component id="oc-8d3">
         <name>.data</name>
         <load_address>0x2245</load_address>
         <run_address>0x2245</run_address>
         <size>0x1</size>
         <input_file_ref idref="fl-e"/>
      </object_component>
      <object_component id="oc-58c">
         <name>.data</name>
         <load_address>0x22d8</load_address>
         <run_address>0x22d8</run_address>
         <size>0x2</size>
         <input_file_ref idref="fl-f"/>
      </object_component>
      <object_component id="oc-41c">
         <name>.stack</name>
         <uninitialized>true</uninitialized>
         <run_address>0x2f60</run_address>
         <size>0x2</size>
         <input_file_ref idref="fl-5c"/>
      </object_component>
      <object_component id="oc-a14">
         <name>.stack</name>
         <uninitialized>true</uninitialized>
         <run_address>0x2f60</run_address>
         <size>0x0</size>
      </object_component>
      <object_component id="oc-72">
         <name>.int22</name>
         <load_address>0xffce</load_address>
         <run_address>0xffce</run_address>
         <size>0x2</size>
         <input_file_ref idref="fl-32"/>
      </object_component>
      <object_component id="oc-73">
         <name>.int23</name>
         <load_address>0xffd0</load_address>
         <run_address>0xffd0</run_address>
         <size>0x2</size>
         <input_file_ref idref="fl-6"/>
      </object_component>
      <object_component id="oc-74">
         <name>.int24</name>
         <load_address>0xffd2</load_address>
         <run_address>0xffd2</run_address>
         <size>0x2</size>
         <input_file_ref idref="fl-34"/>
      </object_component>
      <object_component id="oc-75">
         <name>.int25</name>
         <load_address>0xffd4</load_address>
         <run_address>0xffd4</run_address>
         <size>0x2</size>
         <input_file_ref idref="fl-35"/>
      </object_component>
      <object_component id="oc-76">
         <name>.int26</name>
         <load_address>0xffd6</load_address>
         <run_address>0xffd6</run_address>
         <size>0x2</size>
         <input_file_ref idref="fl-36"/>
      </object_component>
      <object_component id="oc-77">
         <name>.int27</name>
         <load_address>0xffd8</load_address>
         <run_address>0xffd8</run_address>
         <size>0x2</size>
         <input_file_ref idref="fl-37"/>
      </object_component>
      <object_component id="oc-78">
         <name>.int28</name>
         <load_address>0xffda</load_address>
         <run_address>0xffda</run_address>
         <size>0x2</size>
         <input_file_ref idref="fl-38"/>
      </object_component>
      <object_component id="oc-79">
         <name>.int29</name>
         <load_address>0xffdc</load_address>
         <run_address>0xffdc</run_address>
         <size>0x2</size>
         <input_file_ref idref="fl-4"/>
      </object_component>
      <object_component id="oc-7a">
         <name>.int30</name>
         <load_address>0xffde</load_address>
         <run_address>0xffde</run_address>
         <size>0x2</size>
         <input_file_ref idref="fl-39"/>
      </object_component>
      <object_component id="oc-7b">
         <name>.int31</name>
         <load_address>0xffe0</load_address>
         <run_address>0xffe0</run_address>
         <size>0x2</size>
         <input_file_ref idref="fl-7"/>
      </object_component>
      <object_component id="oc-7c">
         <name>.int32</name>
         <load_address>0xffe2</load_address>
         <run_address>0xffe2</run_address>
         <size>0x2</size>
         <input_file_ref idref="fl-3a"/>
      </object_component>
      <object_component id="oc-7d">
         <name>.int33</name>
         <load_address>0xffe4</load_address>
         <run_address>0xffe4</run_address>
         <size>0x2</size>
         <input_file_ref idref="fl-9"/>
      </object_component>
      <object_component id="oc-7e">
         <name>.int34</name>
         <load_address>0xffe6</load_address>
         <run_address>0xffe6</run_address>
         <size>0x2</size>
         <input_file_ref idref="fl-3b"/>
      </object_component>
      <object_component id="oc-7f">
         <name>.int35</name>
         <load_address>0xffe8</load_address>
         <run_address>0xffe8</run_address>
         <size>0x2</size>
         <input_file_ref idref="fl-3c"/>
      </object_component>
      <object_component id="oc-80">
         <name>.int36</name>
         <load_address>0xffea</load_address>
         <run_address>0xffea</run_address>
         <size>0x2</size>
         <input_file_ref idref="fl-3d"/>
      </object_component>
      <object_component id="oc-81">
         <name>.int37</name>
         <load_address>0xffec</load_address>
         <run_address>0xffec</run_address>
         <size>0x2</size>
         <input_file_ref idref="fl-3e"/>
      </object_component>
      <object_component id="oc-82">
         <name>.int38</name>
         <load_address>0xffee</load_address>
         <run_address>0xffee</run_address>
         <size>0x2</size>
         <input_file_ref idref="fl-3f"/>
      </object_component>
      <object_component id="oc-83">
         <name>.int39</name>
         <load_address>0xfff0</load_address>
         <run_address>0xfff0</run_address>
         <size>0x2</size>
         <input_file_ref idref="fl-a"/>
      </object_component>
      <object_component id="oc-84">
         <name>.int40</name>
         <load_address>0xfff2</load_address>
         <run_address>0xfff2</run_address>
         <size>0x2</size>
         <input_file_ref idref="fl-40"/>
      </object_component>
      <object_component id="oc-85">
         <name>.int41</name>
         <load_address>0xfff4</load_address>
         <run_address>0xfff4</run_address>
         <size>0x2</size>
         <input_file_ref idref="fl-9"/>
      </object_component>
      <object_component id="oc-86">
         <name>.int42</name>
         <load_address>0xfff6</load_address>
         <run_address>0xfff6</run_address>
         <size>0x2</size>
         <input_file_ref idref="fl-41"/>
      </object_component>
      <object_component id="oc-87">
         <name>.int43</name>
         <load_address>0xfff8</load_address>
         <run_address>0xfff8</run_address>
         <size>0x2</size>
         <input_file_ref idref="fl-8"/>
      </object_component>
      <object_component id="oc-88">
         <name>.int44</name>
         <load_address>0xfffa</load_address>
         <run_address>0xfffa</run_address>
         <size>0x2</size>
         <input_file_ref idref="fl-42"/>
      </object_component>
      <object_component id="oc-89">
         <name>.int45</name>
         <load_address>0xfffc</load_address>
         <run_address>0xfffc</run_address>
         <size>0x2</size>
         <input_file_ref idref="fl-43"/>
      </object_component>
      <object_component id="oc-41f">
         <name>.reset</name>
         <load_address>0xfffe</load_address>
         <run_address>0xfffe</run_address>
         <size>0x2</size>
         <input_file_ref idref="fl-5c"/>
      </object_component>
      <object_component id="oc-5db">
         <name>.debug_info</name>
         <load_address>0x0</load_address>
         <run_address>0x0</run_address>
         <size>0x500</size>
         <input_file_ref idref="fl-2"/>
      </object_component>
      <object_component id="oc-4da">
         <name>.debug_info</name>
         <load_address>0x500</load_address>
         <run_address>0x500</run_address>
         <size>0x28a</size>
         <input_file_ref idref="fl-2"/>
      </object_component>
      <object_component id="oc-504">
         <name>.debug_info</name>
         <load_address>0x78a</load_address>
         <run_address>0x78a</run_address>
         <size>0x26b</size>
         <input_file_ref idref="fl-2"/>
      </object_component>
      <object_component id="oc-71e">
         <name>.debug_info</name>
         <load_address>0x9f5</load_address>
         <run_address>0x9f5</run_address>
         <size>0x8a</size>
         <input_file_ref idref="fl-2"/>
      </object_component>
      <object_component id="oc-715">
         <name>.debug_info</name>
         <load_address>0xa7f</load_address>
         <run_address>0xa7f</run_address>
         <size>0x105</size>
         <input_file_ref idref="fl-2"/>
      </object_component>
      <object_component id="oc-426">
         <name>.debug_info</name>
         <load_address>0xb84</load_address>
         <run_address>0xb84</run_address>
         <size>0x84</size>
         <input_file_ref idref="fl-2"/>
      </object_component>
      <object_component id="oc-5d6">
         <name>.debug_info</name>
         <load_address>0xc08</load_address>
         <run_address>0xc08</run_address>
         <size>0x282</size>
         <input_file_ref idref="fl-2"/>
      </object_component>
      <object_component id="oc-4fd">
         <name>.debug_info</name>
         <load_address>0xe8a</load_address>
         <run_address>0xe8a</run_address>
         <size>0xbb</size>
         <input_file_ref idref="fl-2"/>
      </object_component>
      <object_component id="oc-750">
         <name>.debug_info</name>
         <load_address>0xf45</load_address>
         <run_address>0xf45</run_address>
         <size>0xd9</size>
         <input_file_ref idref="fl-2"/>
      </object_component>
      <object_component id="oc-897">
         <name>.debug_info</name>
         <load_address>0x101e</load_address>
         <run_address>0x101e</run_address>
[...]
      </symbol>
      <symbol id="sm-876">
         <name>color_Names</name>
         <value>0x225a</value>
         <object_component_ref idref="oc-7ae"/>
      </symbol>
      <symbol id="sm-877">
         <name>about_items</name>
         <value>0x22b6</value>
         <object_component_ref idref="oc-7c3"/>
      </symbol>
      <symbol id="sm-878">
         <name>ledsOn</name>
         <value>0x224a</value>
         <object_component_ref idref="oc-553"/>
      </symbol>
      <symbol id="sm-879">
         <name>speed_names</name>
         <value>0x228e</value>
         <object_component_ref idref="oc-901"/>
      </symbol>
      <symbol id="sm-87a">
         <name>inMovement</name>
         <value>0x2249</value>
         <object_component_ref idref="oc-553"/>
      </symbol>
      <symbol id="sm-87b">
         <name>pwd_list</name>
         <value>0x229e</value>
         <object_component_ref idref="oc-8f6"/>
      </symbol>
      <symbol id="sm-87c">
         <name>led_colors_menu_items</name>
         <value>0x22be</value>
         <object_component_ref idref="oc-79e"/>
      </symbol>
      <symbol id="sm-87d">
         <name>ssid_sta</name>
         <value>0x22b0</value>
         <object_component_ref idref="oc-6f9"/>
      </symbol>
      <symbol id="sm-87e">
         <name>menu_click</name>
         <value>0x870c</value>
         <object_component_ref idref="oc-65b"/>
      </symbol>
      <symbol id="sm-87f">
         <name>topIndex</name>
         <value>0x2248</value>
         <object_component_ref idref="oc-553"/>
      </symbol>
      <symbol id="sm-880">
         <name>speed_menu_items</name>
         <value>0x2286</value>
         <object_component_ref idref="oc-7b1"/>
      </symbol>
      <symbol id="sm-881">
         <name>speed_values</name>
         <value>0x8708</value>
         <object_component_ref idref="oc-8fd"/>
      </symbol>
      <symbol id="sm-882">
         <name>calibrate_LDR</name>
         <value>0xafa2</value>
         <object_component_ref idref="oc-7de"/>
      </symbol>
      <symbol id="sm-883">
         <name>calibrate_ldrs_menu_items</name>
         <value>0x22ba</value>
         <object_component_ref idref="oc-7b7"/>
      </symbol>
      <symbol id="sm-884">
         <name>settings_menu_items</name>
         <value>0x227e</value>
         <object_component_ref idref="oc-79b"/>
      </symbol>
      <symbol id="sm-885">
         <name>mode</name>
         <value>0x224c</value>
         <object_component_ref idref="oc-553"/>
      </symbol>
      <symbol id="sm-886">
         <name>ledColor_left</name>
         <value>0x2251</value>
         <object_component_ref idref="oc-553"/>
      </symbol>
      <symbol id="sm-887">
         <name>set_robot_speed</name>
         <value>0xb3a2</value>
         <object_component_ref idref="oc-7ea"/>
      </symbol>
      <symbol id="sm-888">
         <name>current_menu_length</name>
         <value>0x2258</value>
         <object_component_ref idref="oc-553"/>
      </symbol>
      <symbol id="sm-889">
         <name>status_display</name>
         <value>0xaaaa</value>
         <object_component_ref idref="oc-7bd"/>
      </symbol>
      <symbol id="sm-88a">
         <name>toggle_all_leds</name>
         <value>0xa4d8</value>
         <object_component_ref idref="oc-7c6"/>
      </symbol>
      <symbol id="sm-88b">
         <name>menu_back</name>
         <value>0xa0be</value>
         <object_component_ref idref="oc-655"/>
      </symbol>
      <symbol id="sm-88c">
         <name>network_display</name>
         <value>0xaa66</value>
         <object_component_ref idref="oc-7d8"/>
      </symbol>
      <symbol id="sm-88d">
         <name>menu_update</name>
         <value>0x9386</value>
         <object_component_ref idref="oc-5fa"/>
      </symbol>
      <symbol id="sm-88e">
         <name>pwd_sta</name>
         <value>0x2232</value>
         <object_component_ref idref="oc-6fc"/>
      </symbol>
      <symbol id="sm-88f">
         <name>init_menu</name>
         <value>0xb170</value>
         <object_component_ref idref="oc-54d"/>
      </symbol>
      <symbol id="sm-890">
         <name>speed_i</name>
         <value>0x224e</value>
         <object_component_ref idref="oc-553"/>
      </symbol>
      <symbol id="sm-891">
         <name>menuContent</name>
         <value>0x2256</value>
         <object_component_ref idref="oc-553"/>
      </symbol>
      <symbol id="sm-892">
         <name>ledColor_right</name>
         <value>0x2250</value>
         <object_component_ref idref="oc-553"/>
      </symbol>
      <symbol id="sm-8a5">
         <name>samples</name>
         <value>0x2245</value>
         <object_component_ref idref="oc-8d3"/>
      </symbol>
      <symbol id="sm-8a6">
         <name>read_LDRs</name>
         <value>0xa1ec</value>
         <object_component_ref idref="oc-784"/>
      </symbol>
      <symbol id="sm-8d5">
         <name>wifi_rx</name>
         <value>0x2000</value>
      </symbol>
      <symbol id="sm-8d6">
         <name>wifi_msg</name>
         <value>0x2204</value>
      </symbol>
      <symbol id="sm-8d7">
         <name>buzzer_on</name>
         <value>0x22d9</value>
         <object_component_ref idref="oc-58c"/>
      </symbol>
      <symbol id="sm-8d8">
         <name>wifi_init</name>
         <value>0xa46a</value>
         <object_component_ref idref="oc-556"/>
      </symbol>
      <symbol id="sm-8d9">
         <name>wifi_control</name>
         <value>0x95f2</value>
         <object_component_ref idref="oc-55c"/>
      </symbol>
      <symbol id="sm-8da">
         <name>_i</name>
         <value>0x22d8</value>
         <object_component_ref idref="oc-58c"/>
      </symbol>
      <symbol id="sm-8fb">
         <name>__TI_decompress_lzss</name>
         <value>0x9c30</value>
         <object_component_ref idref="oc-66"/>
      </symbol>
      <symbol id="sm-90c">
         <name>__TI_decompress_none</name>
         <value>0xac9e</value>
         <object_component_ref idref="oc-6c"/>
      </symbol>
      <symbol id="sm-90f">
         <name>__TI_int22</name>
         <value>0xffce</value>
         <object_component_ref idref="oc-72"/>
      </symbol>
      <symbol id="sm-917">
         <name>__TI_ISR_TRAP</name>
         <value>0xb54e</value>
         <object_component_ref idref="oc-437"/>
      </symbol>
      <symbol id="sm-91a">
         <name>__TI_int24</name>
         <value>0xffd2</value>
         <object_component_ref idref="oc-74"/>
      </symbol>
      <symbol id="sm-91d">
         <name>__TI_int25</name>
         <value>0xffd4</value>
         <object_component_ref idref="oc-75"/>
      </symbol>
      <symbol id="sm-920">
         <name>__TI_int26</name>
         <value>0xffd6</value>
         <object_component_ref idref="oc-76"/>
      </symbol>
      <symbol id="sm-923">
         <name>__TI_int27</name>
         <value>0xffd8</value>
         <object_component_ref idref="oc-77"/>
      </symbol>
      <symbol id="sm-926">
         <name>__TI_int28</name>
         <value>0xffda</value>
         <object_component_ref idref="oc-78"/>
      </symbol>
      <symbol id="sm-929">
         <name>__TI_int30</name>
         <value>0xffde</value>
         <object_component_ref idref="oc-7a"/>
      </symbol>
      <symbol id="sm-92c">
         <name>__TI_int32</name>
         <value>0xffe2</value>
         <object_component_ref idref="oc-7c"/>
      </symbol>
      <symbol id="sm-92f">
         <name>__TI_int34</name>
         <value>0xffe6</value>
         <object_component_ref idref="oc-7e"/>
      </symbol>
      <symbol id="sm-932">
         <name>__TI_int35</name>
         <value>0xffe8</value>
         <object_component_ref idref="oc-7f"/>
      </symbol>
      <symbol id="sm-935">
         <name>__TI_int36</name>
         <value>0xffea</value>
         <object_component_ref idref="oc-80"/>
      </symbol>
      <symbol id="sm-938">
         <name>__TI_int37</name>
         <value>0xffec</value>
         <object_component_ref idref="oc-81"/>
      </symbol>
      <symbol id="sm-93b">
         <name>__TI_int38</name>
         <value>0xffee</value>
         <object_component_ref idref="oc-82"/>
      </symbol>
      <symbol id="sm-93e">
         <name>__TI_int40</name>
         <value>0xfff2</value>
         <object_component_ref idref="oc-84"/>
      </symbol>
      <symbol id="sm-941">
         <name>__TI_int42</name>
         <value>0xfff6</value>
         <object_component_ref idref="oc-86"/>
      </symbol>
      <symbol id="sm-944">
         <name>__TI_int44</name>
         <value>0xfffa</value>
         <object_component_ref idref="oc-88"/>
      </symbol>
      <symbol id="sm-947">
         <name>__TI_int45</name>
         <value>0xfffc</value>
         <object_component_ref idref="oc-89"/>
      </symbol>
      <symbol id="sm-957">
         <name>__TI_zero_init_nomemset</name>
         <value>0xab6a</value>
         <object_component_ref idref="oc-466"/>
      </symbol>
      <symbol id="sm-962">
         <name>__memcpy_far</name>
         <value>0xaaec</value>
         <object_component_ref idref="oc-42b"/>
      </symbol>
      <symbol id="sm-972">
         <name>__mspabi_cmpf</name>
         <value>0xaa1c</value>
         <object_component_ref idref="oc-794"/>
      </symbol>
      <symbol id="sm-97f">
         <name>__mspabi_fixdi</name>
         <value>0xb0d4</value>
         <object_component_ref idref="oc-77a"/>
      </symbol>
      <symbol id="sm-993">
         <name>__mspabi_fixdli</name>
         <value>0xa616</value>
         <object_component_ref idref="oc-8cc"/>
      </symbol>
      <symbol id="sm-99c">
         <name>__mspabi_fltud</name>
         <value>0xb3d2</value>
         <object_component_ref idref="oc-76e"/>
      </symbol>
      <symbol id="sm-9a7">
         <name>__mspabi_fltuf</name>
         <value>0xb1bc</value>
         <object_component_ref idref="oc-78a"/>
      </symbol>
      <symbol id="sm-9bc">
         <name>__mspabi_fltuld</name>
         <value>0xa302</value>
         <object_component_ref idref="oc-8b8"/>
      </symbol>
      <symbol id="sm-9e1">
         <name>__mspabi_mpyd</name>
         <value>0x8a2c</value>
         <object_component_ref idref="oc-774"/>
      </symbol>
      <symbol id="sm-9ec">
         <name>__TI_frcmpyd</name>
         <value>0x9222</value>
         <object_component_ref idref="oc-8bf"/>
      </symbol>
      <symbol id="sm-a03">
         <name>__mspabi_mpyf</name>
         <value>0x9ec4</value>
         <object_component_ref idref="oc-78f"/>
      </symbol>
      <symbol id="sm-a0b">
         <name>__mspabi_mpyi_f5hw</name>
         <value>0xb2d2</value>
         <object_component_ref idref="oc-81f"/>
      </symbol>
      <symbol id="sm-a16">
         <name>__mspabi_mpyll_f5hw</name>
         <value>0xa6e2</value>
         <object_component_ref idref="oc-95d"/>
      </symbol>
      <symbol id="sm-a1f">
         <name>__mspabi_mpyull_f5hw</name>
         <value>0xafd0</value>
         <object_component_ref idref="oc-962"/>
      </symbol>
      <symbol id="sm-a29">
         <name>__mspabi_slll_9</name>
         <value>0xabc0</value>
         <object_component_ref idref="oc-94b"/>
      </symbol>
      <symbol id="sm-a2a">
         <name>__mspabi_slll_8</name>
         <value>0xabc4</value>
         <object_component_ref idref="oc-94b"/>
      </symbol>
      <symbol id="sm-a2b">
         <name>__mspabi_slll_7</name>
         <value>0xabc8</value>
         <object_component_ref idref="oc-94b"/>
      </symbol>
      <symbol id="sm-a2c">
         <name>__mspabi_slll_6</name>
         <value>0xabcc</value>
         <object_component_ref idref="oc-94b"/>
      </symbol>
      <symbol id="sm-a2d">
         <name>__mspabi_slll_5</name>
         <value>0xabd0</value>
         <object_component_ref idref="oc-94b"/>
      </symbol>
      <symbol id="sm-a2e">
         <name>__mspabi_slll_4</name>
         <value>0xabd4</value>
         <object_component_ref idref="oc-94b"/>
      </symbol>
      <symbol id="sm-a2f">
         <name>__mspabi_slll_3</name>
         <value>0xabd8</value>
         <object_component_ref idref="oc-94b"/>
      </symbol>
      <symbol id="sm-a30">
         <name>__mspabi_slll_2</name>
         <value>0xabdc</value>
         <object_component_ref idref="oc-94b"/>
      </symbol>
      <symbol id="sm-a31">
         <name>__mspabi_slll_1</name>
         <value>0xabe0</value>
         <object_component_ref idref="oc-94b"/>
      </symbol>
      <symbol id="sm-a32">
         <name>__mspabi_slll_15</name>
         <value>0xaba8</value>
         <object_component_ref idref="oc-94b"/>
      </symbol>
      <symbol id="sm-a33">
         <name>__mspabi_slll_14</name>
         <value>0xabac</value>
         <object_component_ref idref="oc-94b"/>
      </symbol>
      <symbol id="sm-a34">
         <name>__mspabi_slll_13</name>
         <value>0xabb0</value>
         <object_component_ref idref="oc-94b"/>
      </symbol>
      <symbol id="sm-a35">
         <name>__mspabi_slll_12</name>
         <value>0xabb4</value>
         <object_component_ref idref="oc-94b"/>
      </symbol>
      <symbol id="sm-a36">
         <name>__mspabi_slll_11</name>
         <value>0xabb8</value>
         <object_component_ref idref="oc-94b"/>
      </symbol>
      <symbol id="sm-a37">
         <name>__mspabi_slll_10</name>
         <value>0xabbc</value>
         <object_component_ref idref="oc-94b"/>
      </symbol>
      <symbol id="sm-a44">
         <name>__mspabi_sllll</name>
         <value>0xacda</value>
         <object_component_ref idref="oc-957"/>
      </symbol>
      <symbol id="sm-a54">
         <name>__mspabi_srll_8</name>
         <value>0xac02</value>
         <object_component_ref idref="oc-950"/>
      </symbol>
      <symbol id="sm-a55">
         <name>__mspabi_srll_9</name>
         <value>0xabfe</value>
         <object_component_ref idref="oc-950"/>
      </symbol>
      <symbol id="sm-a56">
         <name>__mspabi_srll_6</name>
         <value>0xac0a</value>
         <object_component_ref idref="oc-950"/>
      </symbol>
      <symbol id="sm-a57">
         <name>__mspabi_srll_7</name>
         <value>0xac06</value>
         <object_component_ref idref="oc-950"/>
      </symbol>
      <symbol id="sm-a58">
         <name>__mspabi_srll_4</name>
         <value>0xac12</value>
         <object_component_ref idref="oc-950"/>
      </symbol>
      <symbol id="sm-a59">
         <name>__mspabi_srll_5</name>
         <value>0xac0e</value>
         <object_component_ref idref="oc-950"/>
      </symbol>
      <symbol id="sm-a5a">
         <name>__mspabi_srll_2</name>
         <value>0xac1a</value>
         <object_component_ref idref="oc-950"/>
      </symbol>
      <symbol id="sm-a5b">
         <name>__mspabi_srll_3</name>
         <value>0xac16</value>
         <object_component_ref idref="oc-950"/>
      </symbol>
      <symbol id="sm-a5c">
         <name>__mspabi_srll_1</name>
         <value>0xac1e</value>
         <object_component_ref idref="oc-950"/>
      </symbol>
      <symbol id="sm-a5d">
         <name>__mspabi_srll_15</name>
         <value>0xabe6</value>
         <object_component_ref idref="oc-950"/>
      </symbol>
      <symbol id="sm-a5e">
         <name>__mspabi_srll_14</name>
         <value>0xabea</value>
         <object_component_ref idref="oc-950"/>
      </symbol>
      <symbol id="sm-a5f">
         <name>__mspabi_srll_13</name>
         <value>0xabee</value>
         <object_component_ref idref="oc-950"/>
      </symbol>
      <symbol id="sm-a60">
         <name>__mspabi_srll_12</name>
         <value>0xabf2</value>
         <object_component_ref idref="oc-950"/>
      </symbol>
      <symbol id="sm-a61">
         <name>__mspabi_srll_11</name>
         <value>0xabf6</value>
         <object_component_ref idref="oc-950"/>
      </symbol>
      <symbol id="sm-a62">
         <name>__mspabi_srll_10</name>
         <value>0xabfa</value>
         <object_component_ref idref="oc-950"/>
      </symbol>
      <symbol id="sm-a63">
         <name>__mspabi_srll</name>
         <value>0xb372</value>
         <object_component_ref idref="oc-970"/>
      </symbol>
      <symbol id="sm-a70">
         <name>__mspabi_srlll</name>
         <value>0xad14</value>
         <object_component_ref idref="oc-967"/>
      </symbol>
      <symbol id="sm-a80">
         <name>_c_int00_noargs_mpu</name>
         <value>0xb4f0</value>
         <object_component_ref idref="oc-490"/>
      </symbol>
      <symbol id="sm-a81">
         <name>_stack</name>
         <value>0x2f60</value>
         <object_component_ref idref="oc-41c"/>
      </symbol>
      <symbol id="sm-a82">
         <name>_reset_vector</name>
         <value>0xfffe</value>
         <object_component_ref idref="oc-41f"/>
      </symbol>
      <symbol id="sm-a90">
         <name>__mpu_init</name>
         <value>0xac62</value>
         <object_component_ref idref="oc-4e9"/>
      </symbol>
      <symbol id="sm-ab3">
         <name>__TI_auto_init_nobinit_nopinit_hold_wdt</name>
         <value>0xa544</value>
         <object_component_ref idref="oc-5b4"/>
      </symbol>
      <symbol id="sm-abc">
         <name>_system_post_cinit</name>
         <value>0xb3e2</value>
         <object_component_ref idref="oc-67c"/>
      </symbol>
      <symbol id="sm-ac5">
         <name>_system_pre_init</name>
         <value>0xb3de</value>
         <object_component_ref idref="oc-4d1"/>
      </symbol>
      <symbol id="sm-ad8">
         <name>atoi</name>
         <value>0xa84c</value>
         <object_component_ref idref="oc-8a6"/>
      </symbol>
      <symbol id="sm-ae3">
         <name>_ctypes_</name>
         <value>0x846a</value>
         <object_component_ref idref="oc-943"/>
      </symbol>
      <symbol id="sm-aee">
         <name>C$$EXIT</name>
         <value>0xb3d8</value>
         <object_component_ref idref="oc-590"/>
      </symbol>
      <symbol id="sm-aef">
         <name>abort</name>
         <value>0xb3d8</value>
         <object_component_ref idref="oc-590"/>
      </symbol>
      <symbol id="sm-b00">
         <name>memcpy</name>
         <value>0xb33c</value>
         <object_component_ref idref="oc-75b"/>
      </symbol>
      <symbol id="sm-b0e">
         <name>memset</name>
         <value>0xb316</value>
         <object_component_ref idref="oc-6b2"/>
      </symbol>
      <symbol id="sm-b3a">
         <name>snprintf</name>
         <value>0xa79a</value>
         <object_component_ref idref="oc-61b"/>
      </symbol>
      <symbol id="sm-b93">
         <name>__TI_printfi_minimal</name>
         <value>0x9d1e</value>
         <object_component_ref idref="oc-73c"/>
      </symbol>
      <symbol id="sm-ba2">
         <name>__mspabi_remu</name>
         <value>0xb300</value>
         <object_component_ref idref="oc-984"/>
      </symbol>
      <symbol id="sm-ba3">
         <name>__mspabi_divu</name>
         <value>0xb300</value>
         <object_component_ref idref="oc-984"/>
      </symbol>
      <symbol id="sm-bc0">
         <name>memccpy</name>
         <value>0xb224</value>
         <object_component_ref idref="oc-933"/>
      </symbol>
      <symbol id="sm-bdc">
         <name>sprintf</name>
         <value>0xae6a</value>
         <object_component_ref idref="oc-6ff"/>
      </symbol>
      <symbol id="sm-bea">
         <name>strcpy</name>
         <value>0xb392</value>
         <object_component_ref idref="oc-8f0"/>
      </symbol>
      <symbol id="sm-bf7">
         <name>strlen</name>
         <value>0xb3b0</value>
         <object_component_ref idref="oc-6b8"/>
      </symbol>
      <symbol id="sm-c07">
         <name>strncpy</name>
         <value>0xb080</value>
         <object_component_ref idref="oc-6be"/>
      </symbol>
      <symbol id="sm-c1a">
         <name>strstr</name>
         <value>0xaed8</value>
         <object_component_ref idref="oc-879"/>
      </symbol>
   </symbol_table>
   <title>Link successful</title>
</link_info>
